                                      1 ;--------------------------------------------------------
                                      2 ; File Created by SDCC : free open source ANSI-C Compiler
                                      3 ; Version 4.1.6 #12539 (MINGW32)
                                      4 ;--------------------------------------------------------
                                      5 	.module bownlyPastelTreeMap
                                      6 	.optsdcc -mgbz80
                                      7 	
                                      8 ;--------------------------------------------------------
                                      9 ; Public variables in this module
                                     10 ;--------------------------------------------------------
                                     11 	.globl _bownlyPastelTreeMap
                                     12 ;--------------------------------------------------------
                                     13 ; special function registers
                                     14 ;--------------------------------------------------------
                                     15 ;--------------------------------------------------------
                                     16 ; ram data
                                     17 ;--------------------------------------------------------
                                     18 	.area _DATA
                                     19 ;--------------------------------------------------------
                                     20 ; ram data
                                     21 ;--------------------------------------------------------
                                     22 	.area _INITIALIZED
                                     23 ;--------------------------------------------------------
                                     24 ; absolute external ram data
                                     25 ;--------------------------------------------------------
                                     26 	.area _DABS (ABS)
                                     27 ;--------------------------------------------------------
                                     28 ; global & static initialisations
                                     29 ;--------------------------------------------------------
                                     30 	.area _HOME
                                     31 	.area _GSINIT
                                     32 	.area _GSFINAL
                                     33 	.area _GSINIT
                                     34 ;--------------------------------------------------------
                                     35 ; Home
                                     36 ;--------------------------------------------------------
                                     37 	.area _HOME
                                     38 	.area _HOME
                                     39 ;--------------------------------------------------------
                                     40 ; code
                                     41 ;--------------------------------------------------------
                                     42 	.area _CODE_2
                                     43 	.area _CODE_2
      000000                         44 _bownlyPastelTreeMap:
      000000 3F                      45 	.db #0x3f	; 63
      000001 3F                      46 	.db #0x3f	; 63
      000002 70                      47 	.db #0x70	; 112	'p'
      000003 71                      48 	.db #0x71	; 113	'q'
      000004 3F                      49 	.db #0x3f	; 63
      000005 3F                      50 	.db #0x3f	; 63
      000006 3F                      51 	.db #0x3f	; 63
      000007 3F                      52 	.db #0x3f	; 63
      000008 72                      53 	.db #0x72	; 114	'r'
      000009 73                      54 	.db #0x73	; 115	's'
      00000A 3F                      55 	.db #0x3f	; 63
      00000B 3F                      56 	.db #0x3f	; 63
      00000C 3F                      57 	.db #0x3f	; 63
      00000D 3F                      58 	.db #0x3f	; 63
      00000E 74                      59 	.db #0x74	; 116	't'
      00000F 75                      60 	.db #0x75	; 117	'u'
      000010 76                      61 	.db #0x76	; 118	'v'
      000011 3F                      62 	.db #0x3f	; 63
      000012 3F                      63 	.db #0x3f	; 63
      000013 77                      64 	.db #0x77	; 119	'w'
      000014 78                      65 	.db #0x78	; 120	'x'
      000015 79                      66 	.db #0x79	; 121	'y'
      000016 7A                      67 	.db #0x7a	; 122	'z'
      000017 3F                      68 	.db #0x3f	; 63
      000018 3F                      69 	.db #0x3f	; 63
      000019 7B                      70 	.db #0x7b	; 123
      00001A 7C                      71 	.db #0x7c	; 124
      00001B 7D                      72 	.db #0x7d	; 125
      00001C 7E                      73 	.db #0x7e	; 126
      00001D 3F                      74 	.db #0x3f	; 63
      00001E 3F                      75 	.db #0x3f	; 63
      00001F 7F                      76 	.db #0x7f	; 127
      000020 80                      77 	.db #0x80	; 128
      000021 81                      78 	.db #0x81	; 129
      000022 82                      79 	.db #0x82	; 130
      000023 3F                      80 	.db #0x3f	; 63
      000024 3F                      81 	.db #0x3f	; 63
      000025 84                      82 	.db #0x84	; 132
      000026 85                      83 	.db #0x85	; 133
      000027 86                      84 	.db #0x86	; 134
      000028 87                      85 	.db #0x87	; 135
      000029 88                      86 	.db #0x88	; 136
      00002A 89                      87 	.db #0x89	; 137
      00002B 8A                      88 	.db #0x8a	; 138
      00002C 8B                      89 	.db #0x8b	; 139
      00002D 8C                      90 	.db #0x8c	; 140
      00002E 8D                      91 	.db #0x8d	; 141
      00002F 8E                      92 	.db #0x8e	; 142
      000030 8F                      93 	.db #0x8f	; 143
      000031 90                      94 	.db #0x90	; 144
      000032 91                      95 	.db #0x91	; 145
      000033 92                      96 	.db #0x92	; 146
      000034 93                      97 	.db #0x93	; 147
      000035 99                      98 	.db #0x99	; 153
      000036 3F                      99 	.db #0x3f	; 63
      000037 94                     100 	.db #0x94	; 148
      000038 95                     101 	.db #0x95	; 149
      000039 96                     102 	.db #0x96	; 150
      00003A 97                     103 	.db #0x97	; 151
      00003B 98                     104 	.db #0x98	; 152
                                    105 	.area _INITIALIZER
                                    106 	.area _CABS (ABS)
