                                      1 ;--------------------------------------------------------
                                      2 ; File Created by SDCC : free open source ANSI-C Compiler
                                      3 ; Version 4.1.6 #12539 (MINGW32)
                                      4 ;--------------------------------------------------------
                                      5 	.module bownlyMP5StageColMap
                                      6 	.optsdcc -mgbz80
                                      7 	
                                      8 ;--------------------------------------------------------
                                      9 ; Public variables in this module
                                     10 ;--------------------------------------------------------
                                     11 	.globl _bownlyMP5StageColMap
                                     12 ;--------------------------------------------------------
                                     13 ; special function registers
                                     14 ;--------------------------------------------------------
                                     15 ;--------------------------------------------------------
                                     16 ; ram data
                                     17 ;--------------------------------------------------------
                                     18 	.area _DATA
                                     19 ;--------------------------------------------------------
                                     20 ; ram data
                                     21 ;--------------------------------------------------------
                                     22 	.area _INITIALIZED
                                     23 ;--------------------------------------------------------
                                     24 ; absolute external ram data
                                     25 ;--------------------------------------------------------
                                     26 	.area _DABS (ABS)
                                     27 ;--------------------------------------------------------
                                     28 ; global & static initialisations
                                     29 ;--------------------------------------------------------
                                     30 	.area _HOME
                                     31 	.area _GSINIT
                                     32 	.area _GSFINAL
                                     33 	.area _GSINIT
                                     34 ;--------------------------------------------------------
                                     35 ; Home
                                     36 ;--------------------------------------------------------
                                     37 	.area _HOME
                                     38 	.area _HOME
                                     39 ;--------------------------------------------------------
                                     40 ; code
                                     41 ;--------------------------------------------------------
                                     42 	.area _CODE_2
                                     43 	.area _CODE_2
      000000                         44 _bownlyMP5StageColMap:
      000000 40                      45 	.db #0x40	; 64
      000001 42                      46 	.db #0x42	; 66	'B'
      000002 40                      47 	.db #0x40	; 64
      000003 42                      48 	.db #0x42	; 66	'B'
      000004 40                      49 	.db #0x40	; 64
      000005 42                      50 	.db #0x42	; 66	'B'
      000006 40                      51 	.db #0x40	; 64
      000007 42                      52 	.db #0x42	; 66	'B'
      000008 40                      53 	.db #0x40	; 64
      000009 42                      54 	.db #0x42	; 66	'B'
      00000A 40                      55 	.db #0x40	; 64
      00000B 42                      56 	.db #0x42	; 66	'B'
      00000C 40                      57 	.db #0x40	; 64
      00000D 42                      58 	.db #0x42	; 66	'B'
      00000E 40                      59 	.db #0x40	; 64
      00000F 42                      60 	.db #0x42	; 66	'B'
      000010 40                      61 	.db #0x40	; 64
      000011 42                      62 	.db #0x42	; 66	'B'
      000012 40                      63 	.db #0x40	; 64
      000013 42                      64 	.db #0x42	; 66	'B'
      000014 40                      65 	.db #0x40	; 64
      000015 42                      66 	.db #0x42	; 66	'B'
      000016 40                      67 	.db #0x40	; 64
      000017 42                      68 	.db #0x42	; 66	'B'
      000018 40                      69 	.db #0x40	; 64
      000019 42                      70 	.db #0x42	; 66	'B'
      00001A 41                      71 	.db #0x41	; 65	'A'
      00001B 43                      72 	.db #0x43	; 67	'C'
                                     73 	.area _INITIALIZER
                                     74 	.area _CABS (ABS)
