                                      1 ;--------------------------------------------------------
                                      2 ; File Created by SDCC : free open source ANSI-C Compiler
                                      3 ; Version 4.1.6 #12539 (MINGW32)
                                      4 ;--------------------------------------------------------
                                      5 	.module bownlyPastelHeartTiles
                                      6 	.optsdcc -mgbz80
                                      7 	
                                      8 ;--------------------------------------------------------
                                      9 ; Public variables in this module
                                     10 ;--------------------------------------------------------
                                     11 	.globl _bownlyPastelHeartTiles
                                     12 ;--------------------------------------------------------
                                     13 ; special function registers
                                     14 ;--------------------------------------------------------
                                     15 ;--------------------------------------------------------
                                     16 ; ram data
                                     17 ;--------------------------------------------------------
                                     18 	.area _DATA
                                     19 ;--------------------------------------------------------
                                     20 ; ram data
                                     21 ;--------------------------------------------------------
                                     22 	.area _INITIALIZED
                                     23 ;--------------------------------------------------------
                                     24 ; absolute external ram data
                                     25 ;--------------------------------------------------------
                                     26 	.area _DABS (ABS)
                                     27 ;--------------------------------------------------------
                                     28 ; global & static initialisations
                                     29 ;--------------------------------------------------------
                                     30 	.area _HOME
                                     31 	.area _GSINIT
                                     32 	.area _GSFINAL
                                     33 	.area _GSINIT
                                     34 ;--------------------------------------------------------
                                     35 ; Home
                                     36 ;--------------------------------------------------------
                                     37 	.area _HOME
                                     38 	.area _HOME
                                     39 ;--------------------------------------------------------
                                     40 ; code
                                     41 ;--------------------------------------------------------
                                     42 	.area _CODE_2
                                     43 	.area _CODE_2
      000000                         44 _bownlyPastelHeartTiles:
      000000 FF                      45 	.db #0xff	; 255
      000001 FF                      46 	.db #0xff	; 255
      000002 93                      47 	.db #0x93	; 147
      000003 93                      48 	.db #0x93	; 147
      000004 01                      49 	.db #0x01	; 1
      000005 01                      50 	.db #0x01	; 1
      000006 01                      51 	.db #0x01	; 1
      000007 01                      52 	.db #0x01	; 1
      000008 01                      53 	.db #0x01	; 1
      000009 01                      54 	.db #0x01	; 1
      00000A 81                      55 	.db #0x81	; 129
      00000B 81                      56 	.db #0x81	; 129
      00000C C3                      57 	.db #0xc3	; 195
      00000D C3                      58 	.db #0xc3	; 195
      00000E E7                      59 	.db #0xe7	; 231
      00000F E7                      60 	.db #0xe7	; 231
      000010 FF                      61 	.db #0xff	; 255
      000011 FF                      62 	.db #0xff	; 255
      000012 C9                      63 	.db #0xc9	; 201
      000013 C9                      64 	.db #0xc9	; 201
      000014 80                      65 	.db #0x80	; 128
      000015 80                      66 	.db #0x80	; 128
      000016 80                      67 	.db #0x80	; 128
      000017 80                      68 	.db #0x80	; 128
      000018 80                      69 	.db #0x80	; 128
      000019 80                      70 	.db #0x80	; 128
      00001A 81                      71 	.db #0x81	; 129
      00001B 81                      72 	.db #0x81	; 129
      00001C C3                      73 	.db #0xc3	; 195
      00001D C3                      74 	.db #0xc3	; 195
      00001E E7                      75 	.db #0xe7	; 231
      00001F E7                      76 	.db #0xe7	; 231
      000020 00                      77 	.db #0x00	; 0
      000021 00                      78 	.db #0x00	; 0
      000022 00                      79 	.db #0x00	; 0
      000023 00                      80 	.db #0x00	; 0
      000024 00                      81 	.db #0x00	; 0
      000025 00                      82 	.db #0x00	; 0
      000026 00                      83 	.db #0x00	; 0
      000027 00                      84 	.db #0x00	; 0
      000028 00                      85 	.db #0x00	; 0
      000029 00                      86 	.db #0x00	; 0
      00002A 00                      87 	.db #0x00	; 0
      00002B 00                      88 	.db #0x00	; 0
      00002C 00                      89 	.db #0x00	; 0
      00002D 00                      90 	.db #0x00	; 0
      00002E 00                      91 	.db #0x00	; 0
      00002F 00                      92 	.db #0x00	; 0
                                     93 	.area _INITIALIZER
                                     94 	.area _CABS (ABS)
