                                      1 ;--------------------------------------------------------
                                      2 ; File Created by SDCC : free open source ANSI-C Compiler
                                      3 ; Version 4.1.6 #12539 (MINGW32)
                                      4 ;--------------------------------------------------------
                                      5 	.module bownlyMP5StageTiles
                                      6 	.optsdcc -mgbz80
                                      7 	
                                      8 ;--------------------------------------------------------
                                      9 ; Public variables in this module
                                     10 ;--------------------------------------------------------
                                     11 	.globl _bownlyMP5StageTiles
                                     12 ;--------------------------------------------------------
                                     13 ; special function registers
                                     14 ;--------------------------------------------------------
                                     15 ;--------------------------------------------------------
                                     16 ; ram data
                                     17 ;--------------------------------------------------------
                                     18 	.area _DATA
                                     19 ;--------------------------------------------------------
                                     20 ; ram data
                                     21 ;--------------------------------------------------------
                                     22 	.area _INITIALIZED
                                     23 ;--------------------------------------------------------
                                     24 ; absolute external ram data
                                     25 ;--------------------------------------------------------
                                     26 	.area _DABS (ABS)
                                     27 ;--------------------------------------------------------
                                     28 ; global & static initialisations
                                     29 ;--------------------------------------------------------
                                     30 	.area _HOME
                                     31 	.area _GSINIT
                                     32 	.area _GSFINAL
                                     33 	.area _GSINIT
                                     34 ;--------------------------------------------------------
                                     35 ; Home
                                     36 ;--------------------------------------------------------
                                     37 	.area _HOME
                                     38 	.area _HOME
                                     39 ;--------------------------------------------------------
                                     40 ; code
                                     41 ;--------------------------------------------------------
                                     42 	.area _CODE_2
                                     43 	.area _CODE_2
      000000                         44 _bownlyMP5StageTiles:
      000000 2A                      45 	.db #0x2a	; 42
      000001 30                      46 	.db #0x30	; 48	'0'
      000002 2A                      47 	.db #0x2a	; 42
      000003 30                      48 	.db #0x30	; 48	'0'
      000004 2A                      49 	.db #0x2a	; 42
      000005 30                      50 	.db #0x30	; 48	'0'
      000006 2A                      51 	.db #0x2a	; 42
      000007 30                      52 	.db #0x30	; 48	'0'
      000008 2A                      53 	.db #0x2a	; 42
      000009 30                      54 	.db #0x30	; 48	'0'
      00000A 2A                      55 	.db #0x2a	; 42
      00000B 30                      56 	.db #0x30	; 48	'0'
      00000C 2A                      57 	.db #0x2a	; 42
      00000D 30                      58 	.db #0x30	; 48	'0'
      00000E 2A                      59 	.db #0x2a	; 42
      00000F 30                      60 	.db #0x30	; 48	'0'
      000010 40                      61 	.db #0x40	; 64
      000011 7F                      62 	.db #0x7f	; 127
      000012 70                      63 	.db #0x70	; 112	'p'
      000013 40                      64 	.db #0x40	; 64
      000014 60                      65 	.db #0x60	; 96
      000015 48                      66 	.db #0x48	; 72	'H'
      000016 60                      67 	.db #0x60	; 96
      000017 4D                      68 	.db #0x4d	; 77	'M'
      000018 60                      69 	.db #0x60	; 96
      000019 4A                      70 	.db #0x4a	; 74	'J'
      00001A 60                      71 	.db #0x60	; 96
      00001B 48                      72 	.db #0x48	; 72	'H'
      00001C 70                      73 	.db #0x70	; 112	'p'
      00001D 40                      74 	.db #0x40	; 64
      00001E 40                      75 	.db #0x40	; 64
      00001F 7F                      76 	.db #0x7f	; 127
      000020 AA                      77 	.db #0xaa	; 170
      000021 06                      78 	.db #0x06	; 6
      000022 AA                      79 	.db #0xaa	; 170
      000023 06                      80 	.db #0x06	; 6
      000024 AA                      81 	.db #0xaa	; 170
      000025 06                      82 	.db #0x06	; 6
      000026 AA                      83 	.db #0xaa	; 170
      000027 06                      84 	.db #0x06	; 6
      000028 AA                      85 	.db #0xaa	; 170
      000029 06                      86 	.db #0x06	; 6
      00002A AA                      87 	.db #0xaa	; 170
      00002B 06                      88 	.db #0x06	; 6
      00002C AA                      89 	.db #0xaa	; 170
      00002D 06                      90 	.db #0x06	; 6
      00002E AA                      91 	.db #0xaa	; 170
      00002F 06                      92 	.db #0x06	; 6
      000030 01                      93 	.db #0x01	; 1
      000031 FF                      94 	.db #0xff	; 255
      000032 07                      95 	.db #0x07	; 7
      000033 01                      96 	.db #0x01	; 1
      000034 03                      97 	.db #0x03	; 3
      000035 B9                      98 	.db #0xb9	; 185
      000036 03                      99 	.db #0x03	; 3
      000037 A9                     100 	.db #0xa9	; 169
      000038 03                     101 	.db #0x03	; 3
      000039 B9                     102 	.db #0xb9	; 185
      00003A 03                     103 	.db #0x03	; 3
      00003B A1                     104 	.db #0xa1	; 161
      00003C 07                     105 	.db #0x07	; 7
      00003D 01                     106 	.db #0x01	; 1
      00003E 01                     107 	.db #0x01	; 1
      00003F FF                     108 	.db #0xff	; 255
      000040 FF                     109 	.db #0xff	; 255
      000041 00                     110 	.db #0x00	; 0
      000042 FF                     111 	.db #0xff	; 255
      000043 00                     112 	.db #0x00	; 0
      000044 7F                     113 	.db #0x7f	; 127
      000045 00                     114 	.db #0x00	; 0
      000046 9F                     115 	.db #0x9f	; 159
      000047 00                     116 	.db #0x00	; 0
      000048 67                     117 	.db #0x67	; 103	'g'
      000049 80                     118 	.db #0x80	; 128
      00004A 98                     119 	.db #0x98	; 152
      00004B E0                     120 	.db #0xe0	; 224
      00004C E7                     121 	.db #0xe7	; 231
      00004D 78                     122 	.db #0x78	; 120	'x'
      00004E F8                     123 	.db #0xf8	; 248
      00004F 1F                     124 	.db #0x1f	; 31
      000050 FF                     125 	.db #0xff	; 255
      000051 07                     126 	.db #0x07	; 7
      000052 FE                     127 	.db #0xfe	; 254
      000053 00                     128 	.db #0x00	; 0
      000054 F9                     129 	.db #0xf9	; 249
      000055 00                     130 	.db #0x00	; 0
      000056 E6                     131 	.db #0xe6	; 230
      000057 01                     132 	.db #0x01	; 1
      000058 19                     133 	.db #0x19	; 25
      000059 07                     134 	.db #0x07	; 7
      00005A E6                     135 	.db #0xe6	; 230
      00005B 1E                     136 	.db #0x1e	; 30
      00005C 18                     137 	.db #0x18	; 24
      00005D F8                     138 	.db #0xf8	; 248
      00005E E0                     139 	.db #0xe0	; 224
      00005F E0                     140 	.db #0xe0	; 224
      000060 FF                     141 	.db #0xff	; 255
      000061 00                     142 	.db #0x00	; 0
      000062 FF                     143 	.db #0xff	; 255
      000063 00                     144 	.db #0x00	; 0
      000064 FE                     145 	.db #0xfe	; 254
      000065 00                     146 	.db #0x00	; 0
      000066 F9                     147 	.db #0xf9	; 249
      000067 00                     148 	.db #0x00	; 0
      000068 E6                     149 	.db #0xe6	; 230
      000069 01                     150 	.db #0x01	; 1
      00006A 19                     151 	.db #0x19	; 25
      00006B 07                     152 	.db #0x07	; 7
      00006C E7                     153 	.db #0xe7	; 231
      00006D 1E                     154 	.db #0x1e	; 30
      00006E 1F                     155 	.db #0x1f	; 31
      00006F F8                     156 	.db #0xf8	; 248
      000070 FF                     157 	.db #0xff	; 255
      000071 E0                     158 	.db #0xe0	; 224
      000072 7F                     159 	.db #0x7f	; 127
      000073 00                     160 	.db #0x00	; 0
      000074 9F                     161 	.db #0x9f	; 159
      000075 00                     162 	.db #0x00	; 0
      000076 67                     163 	.db #0x67	; 103	'g'
      000077 80                     164 	.db #0x80	; 128
      000078 98                     165 	.db #0x98	; 152
      000079 E0                     166 	.db #0xe0	; 224
      00007A 67                     167 	.db #0x67	; 103	'g'
      00007B 78                     168 	.db #0x78	; 120	'x'
      00007C 18                     169 	.db #0x18	; 24
      00007D 1F                     170 	.db #0x1f	; 31
      00007E 07                     171 	.db #0x07	; 7
      00007F 07                     172 	.db #0x07	; 7
      000080 FF                     173 	.db #0xff	; 255
      000081 00                     174 	.db #0x00	; 0
      000082 FF                     175 	.db #0xff	; 255
      000083 00                     176 	.db #0x00	; 0
      000084 7F                     177 	.db #0x7f	; 127
      000085 00                     178 	.db #0x00	; 0
      000086 9F                     179 	.db #0x9f	; 159
      000087 00                     180 	.db #0x00	; 0
      000088 67                     181 	.db #0x67	; 103	'g'
      000089 80                     182 	.db #0x80	; 128
      00008A 98                     183 	.db #0x98	; 152
      00008B E0                     184 	.db #0xe0	; 224
      00008C E7                     185 	.db #0xe7	; 231
      00008D 78                     186 	.db #0x78	; 120	'x'
      00008E F8                     187 	.db #0xf8	; 248
      00008F 1F                     188 	.db #0x1f	; 31
      000090 FF                     189 	.db #0xff	; 255
      000091 07                     190 	.db #0x07	; 7
      000092 FE                     191 	.db #0xfe	; 254
      000093 00                     192 	.db #0x00	; 0
      000094 F9                     193 	.db #0xf9	; 249
      000095 00                     194 	.db #0x00	; 0
      000096 E6                     195 	.db #0xe6	; 230
      000097 01                     196 	.db #0x01	; 1
      000098 19                     197 	.db #0x19	; 25
      000099 07                     198 	.db #0x07	; 7
      00009A E6                     199 	.db #0xe6	; 230
      00009B 1E                     200 	.db #0x1e	; 30
      00009C 1A                     201 	.db #0x1a	; 26
      00009D F8                     202 	.db #0xf8	; 248
      00009E EA                     203 	.db #0xea	; 234
      00009F F0                     204 	.db #0xf0	; 240
      0000A0 FF                     205 	.db #0xff	; 255
      0000A1 00                     206 	.db #0x00	; 0
      0000A2 FF                     207 	.db #0xff	; 255
      0000A3 00                     208 	.db #0x00	; 0
      0000A4 FE                     209 	.db #0xfe	; 254
      0000A5 00                     210 	.db #0x00	; 0
      0000A6 F9                     211 	.db #0xf9	; 249
      0000A7 00                     212 	.db #0x00	; 0
      0000A8 E6                     213 	.db #0xe6	; 230
      0000A9 01                     214 	.db #0x01	; 1
      0000AA 19                     215 	.db #0x19	; 25
      0000AB 07                     216 	.db #0x07	; 7
      0000AC E7                     217 	.db #0xe7	; 231
      0000AD 1E                     218 	.db #0x1e	; 30
      0000AE 1F                     219 	.db #0x1f	; 31
      0000AF F8                     220 	.db #0xf8	; 248
      0000B0 FF                     221 	.db #0xff	; 255
      0000B1 E0                     222 	.db #0xe0	; 224
      0000B2 7F                     223 	.db #0x7f	; 127
      0000B3 00                     224 	.db #0x00	; 0
      0000B4 9F                     225 	.db #0x9f	; 159
      0000B5 00                     226 	.db #0x00	; 0
      0000B6 67                     227 	.db #0x67	; 103	'g'
      0000B7 80                     228 	.db #0x80	; 128
      0000B8 98                     229 	.db #0x98	; 152
      0000B9 E0                     230 	.db #0xe0	; 224
      0000BA E7                     231 	.db #0xe7	; 231
      0000BB 78                     232 	.db #0x78	; 120	'x'
      0000BC B8                     233 	.db #0xb8	; 184
      0000BD 1F                     234 	.db #0x1f	; 31
      0000BE AF                     235 	.db #0xaf	; 175
      0000BF 07                     236 	.db #0x07	; 7
      0000C0 FF                     237 	.db #0xff	; 255
      0000C1 FF                     238 	.db #0xff	; 255
      0000C2 00                     239 	.db #0x00	; 0
      0000C3 FF                     240 	.db #0xff	; 255
      0000C4 00                     241 	.db #0x00	; 0
      0000C5 00                     242 	.db #0x00	; 0
      0000C6 00                     243 	.db #0x00	; 0
      0000C7 FF                     244 	.db #0xff	; 255
      0000C8 FF                     245 	.db #0xff	; 255
      0000C9 00                     246 	.db #0x00	; 0
      0000CA FF                     247 	.db #0xff	; 255
      0000CB 00                     248 	.db #0x00	; 0
      0000CC FF                     249 	.db #0xff	; 255
      0000CD 00                     250 	.db #0x00	; 0
      0000CE FF                     251 	.db #0xff	; 255
      0000CF 00                     252 	.db #0x00	; 0
      0000D0 FF                     253 	.db #0xff	; 255
      0000D1 00                     254 	.db #0x00	; 0
      0000D2 FF                     255 	.db #0xff	; 255
      0000D3 00                     256 	.db #0x00	; 0
      0000D4 FF                     257 	.db #0xff	; 255
      0000D5 00                     258 	.db #0x00	; 0
      0000D6 FF                     259 	.db #0xff	; 255
      0000D7 00                     260 	.db #0x00	; 0
      0000D8 FF                     261 	.db #0xff	; 255
      0000D9 00                     262 	.db #0x00	; 0
      0000DA FF                     263 	.db #0xff	; 255
      0000DB 00                     264 	.db #0x00	; 0
      0000DC FF                     265 	.db #0xff	; 255
      0000DD 00                     266 	.db #0x00	; 0
      0000DE FF                     267 	.db #0xff	; 255
      0000DF 00                     268 	.db #0x00	; 0
                                    269 	.area _INITIALIZER
                                    270 	.area _CABS (ABS)
