                                      1 ;--------------------------------------------------------
                                      2 ; File Created by SDCC : free open source ANSI-C Compiler
                                      3 ; Version 4.1.6 #12539 (MINGW32)
                                      4 ;--------------------------------------------------------
                                      5 	.module bownlyPastelBkgTiles
                                      6 	.optsdcc -mgbz80
                                      7 	
                                      8 ;--------------------------------------------------------
                                      9 ; Public variables in this module
                                     10 ;--------------------------------------------------------
                                     11 	.globl _bownlyPastelBkgTiles
                                     12 ;--------------------------------------------------------
                                     13 ; special function registers
                                     14 ;--------------------------------------------------------
                                     15 ;--------------------------------------------------------
                                     16 ; ram data
                                     17 ;--------------------------------------------------------
                                     18 	.area _DATA
                                     19 ;--------------------------------------------------------
                                     20 ; ram data
                                     21 ;--------------------------------------------------------
                                     22 	.area _INITIALIZED
                                     23 ;--------------------------------------------------------
                                     24 ; absolute external ram data
                                     25 ;--------------------------------------------------------
                                     26 	.area _DABS (ABS)
                                     27 ;--------------------------------------------------------
                                     28 ; global & static initialisations
                                     29 ;--------------------------------------------------------
                                     30 	.area _HOME
                                     31 	.area _GSINIT
                                     32 	.area _GSFINAL
                                     33 	.area _GSINIT
                                     34 ;--------------------------------------------------------
                                     35 ; Home
                                     36 ;--------------------------------------------------------
                                     37 	.area _HOME
                                     38 	.area _HOME
                                     39 ;--------------------------------------------------------
                                     40 ; code
                                     41 ;--------------------------------------------------------
                                     42 	.area _CODE_2
                                     43 	.area _CODE_2
      000000                         44 _bownlyPastelBkgTiles:
      000000 FF                      45 	.db #0xff	; 255
      000001 FF                      46 	.db #0xff	; 255
      000002 FF                      47 	.db #0xff	; 255
      000003 FF                      48 	.db #0xff	; 255
      000004 FF                      49 	.db #0xff	; 255
      000005 FF                      50 	.db #0xff	; 255
      000006 FF                      51 	.db #0xff	; 255
      000007 FF                      52 	.db #0xff	; 255
      000008 FF                      53 	.db #0xff	; 255
      000009 FF                      54 	.db #0xff	; 255
      00000A FF                      55 	.db #0xff	; 255
      00000B FF                      56 	.db #0xff	; 255
      00000C FF                      57 	.db #0xff	; 255
      00000D FF                      58 	.db #0xff	; 255
      00000E FF                      59 	.db #0xff	; 255
      00000F FF                      60 	.db #0xff	; 255
      000010 F0                      61 	.db #0xf0	; 240
      000011 F0                      62 	.db #0xf0	; 240
      000012 E7                      63 	.db #0xe7	; 231
      000013 E0                      64 	.db #0xe0	; 224
      000014 CF                      65 	.db #0xcf	; 207
      000015 D0                      66 	.db #0xd0	; 208
      000016 C9                      67 	.db #0xc9	; 201
      000017 F6                      68 	.db #0xf6	; 246
      000018 DA                      69 	.db #0xda	; 218
      000019 85                      70 	.db #0x85	; 133
      00001A B0                      71 	.db #0xb0	; 176
      00001B CF                      72 	.db #0xcf	; 207
      00001C E7                      73 	.db #0xe7	; 231
      00001D 9F                      74 	.db #0x9f	; 159
      00001E CB                      75 	.db #0xcb	; 203
      00001F BF                      76 	.db #0xbf	; 191
      000020 00                      77 	.db #0x00	; 0
      000021 00                      78 	.db #0x00	; 0
      000022 F7                      79 	.db #0xf7	; 247
      000023 00                      80 	.db #0x00	; 0
      000024 29                      81 	.db #0x29	; 41
      000025 C6                      82 	.db #0xc6	; 198
      000026 1D                      83 	.db #0x1d	; 29
      000027 E2                      84 	.db #0xe2	; 226
      000028 4C                      85 	.db #0x4c	; 76	'L'
      000029 F3                      86 	.db #0xf3	; 243
      00002A E6                      87 	.db #0xe6	; 230
      00002B F9                      88 	.db #0xf9	; 249
      00002C 70                      89 	.db #0x70	; 112	'p'
      00002D FF                      90 	.db #0xff	; 255
      00002E EF                      91 	.db #0xef	; 239
      00002F FF                      92 	.db #0xff	; 255
      000030 00                      93 	.db #0x00	; 0
      000031 00                      94 	.db #0x00	; 0
      000032 FB                      95 	.db #0xfb	; 251
      000033 00                      96 	.db #0x00	; 0
      000034 F7                      97 	.db #0xf7	; 247
      000035 00                      98 	.db #0x00	; 0
      000036 3B                      99 	.db #0x3b	; 59
      000037 C0                     100 	.db #0xc0	; 192
      000038 7A                     101 	.db #0x7a	; 122	'z'
      000039 85                     102 	.db #0x85	; 133
      00003A 0C                     103 	.db #0x0c	; 12
      00003B F3                     104 	.db #0xf3	; 243
      00003C 53                     105 	.db #0x53	; 83	'S'
      00003D EF                     106 	.db #0xef	; 239
      00003E E5                     107 	.db #0xe5	; 229
      00003F FF                     108 	.db #0xff	; 255
      000040 00                     109 	.db #0x00	; 0
      000041 00                     110 	.db #0x00	; 0
      000042 F8                     111 	.db #0xf8	; 248
      000043 00                     112 	.db #0x00	; 0
      000044 0F                     113 	.db #0x0f	; 15
      000045 F0                     114 	.db #0xf0	; 240
      000046 28                     115 	.db #0x28	; 40
      000047 F7                     116 	.db #0xf7	; 247
      000048 60                     117 	.db #0x60	; 96
      000049 FF                     118 	.db #0xff	; 255
      00004A EE                     119 	.db #0xee	; 238
      00004B FF                     120 	.db #0xff	; 255
      00004C DF                     121 	.db #0xdf	; 223
      00004D FF                     122 	.db #0xff	; 255
      00004E FF                     123 	.db #0xff	; 255
      00004F FF                     124 	.db #0xff	; 255
      000050 00                     125 	.db #0x00	; 0
      000051 00                     126 	.db #0x00	; 0
      000052 C3                     127 	.db #0xc3	; 195
      000053 00                     128 	.db #0x00	; 0
      000054 F6                     129 	.db #0xf6	; 246
      000055 01                     130 	.db #0x01	; 1
      000056 5E                     131 	.db #0x5e	; 94
      000057 A1                     132 	.db #0xa1	; 161
      000058 8D                     133 	.db #0x8d	; 141
      000059 73                     134 	.db #0x73	; 115	's'
      00005A 25                     135 	.db #0x25	; 37
      00005B FB                     136 	.db #0xfb	; 251
      00005C F3                     137 	.db #0xf3	; 243
      00005D FF                     138 	.db #0xff	; 255
      00005E FF                     139 	.db #0xff	; 255
      00005F FF                     140 	.db #0xff	; 255
      000060 00                     141 	.db #0x00	; 0
      000061 00                     142 	.db #0x00	; 0
      000062 BC                     143 	.db #0xbc	; 188
      000063 00                     144 	.db #0x00	; 0
      000064 D7                     145 	.db #0xd7	; 215
      000065 08                     146 	.db #0x08	; 8
      000066 70                     147 	.db #0x70	; 112	'p'
      000067 8F                     148 	.db #0x8f	; 143
      000068 4B                     149 	.db #0x4b	; 75	'K'
      000069 B7                     150 	.db #0xb7	; 183
      00006A B7                     151 	.db #0xb7	; 183
      00006B FF                     152 	.db #0xff	; 255
      00006C FF                     153 	.db #0xff	; 255
      00006D FF                     154 	.db #0xff	; 255
      00006E FF                     155 	.db #0xff	; 255
      00006F FF                     156 	.db #0xff	; 255
      000070 00                     157 	.db #0x00	; 0
      000071 00                     158 	.db #0x00	; 0
      000072 85                     159 	.db #0x85	; 133
      000073 00                     160 	.db #0x00	; 0
      000074 CE                     161 	.db #0xce	; 206
      000075 00                     162 	.db #0x00	; 0
      000076 75                     163 	.db #0x75	; 117	'u'
      000077 82                     164 	.db #0x82	; 130
      000078 1C                     165 	.db #0x1c	; 28
      000079 E3                     166 	.db #0xe3	; 227
      00007A C2                     167 	.db #0xc2	; 194
      00007B FD                     168 	.db #0xfd	; 253
      00007C FD                     169 	.db #0xfd	; 253
      00007D FF                     170 	.db #0xff	; 255
      00007E FF                     171 	.db #0xff	; 255
      00007F FF                     172 	.db #0xff	; 255
      000080 00                     173 	.db #0x00	; 0
      000081 00                     174 	.db #0x00	; 0
      000082 C6                     175 	.db #0xc6	; 198
      000083 00                     176 	.db #0x00	; 0
      000084 DF                     177 	.db #0xdf	; 223
      000085 00                     178 	.db #0x00	; 0
      000086 3C                     179 	.db #0x3c	; 60
      000087 C3                     180 	.db #0xc3	; 195
      000088 9A                     181 	.db #0x9a	; 154
      000089 E5                     182 	.db #0xe5	; 229
      00008A C8                     183 	.db #0xc8	; 200
      00008B F7                     184 	.db #0xf7	; 247
      00008C F3                     185 	.db #0xf3	; 243
      00008D FF                     186 	.db #0xff	; 255
      00008E FF                     187 	.db #0xff	; 255
      00008F FF                     188 	.db #0xff	; 255
      000090 00                     189 	.db #0x00	; 0
      000091 00                     190 	.db #0x00	; 0
      000092 F3                     191 	.db #0xf3	; 243
      000093 00                     192 	.db #0x00	; 0
      000094 CD                     193 	.db #0xcd	; 205
      000095 32                     194 	.db #0x32	; 50	'2'
      000096 64                     195 	.db #0x64	; 100	'd'
      000097 9B                     196 	.db #0x9b	; 155
      000098 31                     197 	.db #0x31	; 49	'1'
      000099 CF                     198 	.db #0xcf	; 207
      00009A 87                     199 	.db #0x87	; 135
      00009B FF                     200 	.db #0xff	; 255
      00009C 7B                     201 	.db #0x7b	; 123
      00009D FF                     202 	.db #0xff	; 255
      00009E BF                     203 	.db #0xbf	; 191
      00009F FF                     204 	.db #0xff	; 255
      0000A0 0F                     205 	.db #0x0f	; 15
      0000A1 0F                     206 	.db #0x0f	; 15
      0000A2 77                     207 	.db #0x77	; 119	'w'
      0000A3 07                     208 	.db #0x07	; 7
      0000A4 DB                     209 	.db #0xdb	; 219
      0000A5 23                     210 	.db #0x23	; 35
      0000A6 8F                     211 	.db #0x8f	; 143
      0000A7 73                     212 	.db #0x73	; 115	's'
      0000A8 23                     213 	.db #0x23	; 35
      0000A9 DD                     214 	.db #0xdd	; 221
      0000AA D7                     215 	.db #0xd7	; 215
      0000AB E9                     216 	.db #0xe9	; 233
      0000AC AB                     217 	.db #0xab	; 171
      0000AD D1                     218 	.db #0xd1	; 209
      0000AE 77                     219 	.db #0x77	; 119	'w'
      0000AF C9                     220 	.db #0xc9	; 201
      0000B0 CF                     221 	.db #0xcf	; 207
      0000B1 BF                     222 	.db #0xbf	; 191
      0000B2 AF                     223 	.db #0xaf	; 175
      0000B3 9F                     224 	.db #0x9f	; 159
      0000B4 A7                     225 	.db #0xa7	; 167
      0000B5 9F                     226 	.db #0x9f	; 159
      0000B6 F7                     227 	.db #0xf7	; 247
      0000B7 CF                     228 	.db #0xcf	; 207
      0000B8 F3                     229 	.db #0xf3	; 243
      0000B9 CF                     230 	.db #0xcf	; 207
      0000BA EB                     231 	.db #0xeb	; 235
      0000BB D7                     232 	.db #0xd7	; 215
      0000BC D3                     233 	.db #0xd3	; 211
      0000BD EF                     234 	.db #0xef	; 239
      0000BE B7                     235 	.db #0xb7	; 183
      0000BF CF                     236 	.db #0xcf	; 207
      0000C0 37                     237 	.db #0x37	; 55	'7'
      0000C1 8F                     238 	.db #0x8f	; 143
      0000C2 27                     239 	.db #0x27	; 39
      0000C3 9F                     240 	.db #0x9f	; 159
      0000C4 E7                     241 	.db #0xe7	; 231
      0000C5 9F                     242 	.db #0x9f	; 159
      0000C6 E7                     243 	.db #0xe7	; 231
      0000C7 9F                     244 	.db #0x9f	; 159
      0000C8 B7                     245 	.db #0xb7	; 183
      0000C9 CF                     246 	.db #0xcf	; 207
      0000CA F3                     247 	.db #0xf3	; 243
      0000CB 8F                     248 	.db #0x8f	; 143
      0000CC EB                     249 	.db #0xeb	; 235
      0000CD 97                     250 	.db #0x97	; 151
      0000CE D7                     251 	.db #0xd7	; 215
      0000CF 2B                     252 	.db #0x2b	; 43
      0000D0 BF                     253 	.db #0xbf	; 191
      0000D1 0B                     254 	.db #0x0b	; 11
      0000D2 AF                     255 	.db #0xaf	; 175
      0000D3 1F                     256 	.db #0x1f	; 31
      0000D4 AF                     257 	.db #0xaf	; 175
      0000D5 5F                     258 	.db #0x5f	; 95
      0000D6 A7                     259 	.db #0xa7	; 167
      0000D7 5F                     260 	.db #0x5f	; 95
      0000D8 97                     261 	.db #0x97	; 151
      0000D9 6F                     262 	.db #0x6f	; 111	'o'
      0000DA D7                     263 	.db #0xd7	; 215
      0000DB AF                     264 	.db #0xaf	; 175
      0000DC D7                     265 	.db #0xd7	; 215
      0000DD AF                     266 	.db #0xaf	; 175
      0000DE D7                     267 	.db #0xd7	; 215
      0000DF AF                     268 	.db #0xaf	; 175
      0000E0 99                     269 	.db #0x99	; 153
      0000E1 2F                     270 	.db #0x2f	; 47
      0000E2 9F                     271 	.db #0x9f	; 159
      0000E3 2F                     272 	.db #0x2f	; 47
      0000E4 AF                     273 	.db #0xaf	; 175
      0000E5 57                     274 	.db #0x57	; 87	'W'
      0000E6 AF                     275 	.db #0xaf	; 175
      0000E7 5F                     276 	.db #0x5f	; 95
      0000E8 AF                     277 	.db #0xaf	; 175
      0000E9 1F                     278 	.db #0x1f	; 31
      0000EA AF                     279 	.db #0xaf	; 175
      0000EB 1B                     280 	.db #0x1b	; 27
      0000EC 9F                     281 	.db #0x9f	; 159
      0000ED 27                     282 	.db #0x27	; 39
      0000EE DF                     283 	.db #0xdf	; 223
      0000EF BF                     284 	.db #0xbf	; 191
      0000F0 9F                     285 	.db #0x9f	; 159
      0000F1 AF                     286 	.db #0xaf	; 175
      0000F2 DF                     287 	.db #0xdf	; 223
      0000F3 AF                     288 	.db #0xaf	; 175
      0000F4 9F                     289 	.db #0x9f	; 159
      0000F5 6F                     290 	.db #0x6f	; 111	'o'
      0000F6 2F                     291 	.db #0x2f	; 47
      0000F7 97                     292 	.db #0x97	; 151
      0000F8 6F                     293 	.db #0x6f	; 111	'o'
      0000F9 97                     294 	.db #0x97	; 151
      0000FA 2F                     295 	.db #0x2f	; 47
      0000FB 96                     296 	.db #0x96	; 150
      0000FC 2F                     297 	.db #0x2f	; 47
      0000FD 99                     298 	.db #0x99	; 153
      0000FE A7                     299 	.db #0xa7	; 167
      0000FF DF                     300 	.db #0xdf	; 223
      000100 37                     301 	.db #0x37	; 55	'7'
      000101 8F                     302 	.db #0x8f	; 143
      000102 27                     303 	.db #0x27	; 39
      000103 9F                     304 	.db #0x9f	; 159
      000104 E7                     305 	.db #0xe7	; 231
      000105 9F                     306 	.db #0x9f	; 159
      000106 EF                     307 	.db #0xef	; 239
      000107 9F                     308 	.db #0x9f	; 159
      000108 EF                     309 	.db #0xef	; 239
      000109 9F                     310 	.db #0x9f	; 159
      00010A CF                     311 	.db #0xcf	; 207
      00010B BF                     312 	.db #0xbf	; 191
      00010C AF                     313 	.db #0xaf	; 175
      00010D DF                     314 	.db #0xdf	; 223
      00010E EF                     315 	.db #0xef	; 239
      00010F 1F                     316 	.db #0x1f	; 31
      000110 A7                     317 	.db #0xa7	; 167
      000111 1F                     318 	.db #0x1f	; 31
      000112 90                     319 	.db #0x90	; 144
      000113 0F                     320 	.db #0x0f	; 15
      000114 D2                     321 	.db #0xd2	; 210
      000115 4D                     322 	.db #0x4d	; 77	'M'
      000116 F3                     323 	.db #0xf3	; 243
      000117 64                     324 	.db #0x64	; 100	'd'
      000118 FB                     325 	.db #0xfb	; 251
      000119 EE                     326 	.db #0xee	; 238
      00011A FB                     327 	.db #0xfb	; 251
      00011B EF                     328 	.db #0xef	; 239
      00011C FF                     329 	.db #0xff	; 255
      00011D DF                     330 	.db #0xdf	; 223
      00011E FF                     331 	.db #0xff	; 255
      00011F FF                     332 	.db #0xff	; 255
      000120 DB                     333 	.db #0xdb	; 219
      000121 E5                     334 	.db #0xe5	; 229
      000122 DB                     335 	.db #0xdb	; 219
      000123 E1                     336 	.db #0xe1	; 225
      000124 EB                     337 	.db #0xeb	; 235
      000125 F1                     338 	.db #0xf1	; 241
      000126 EB                     339 	.db #0xeb	; 235
      000127 F1                     340 	.db #0xf1	; 241
      000128 CB                     341 	.db #0xcb	; 203
      000129 F3                     342 	.db #0xf3	; 243
      00012A DB                     343 	.db #0xdb	; 219
      00012B E3                     344 	.db #0xe3	; 227
      00012C CF                     345 	.db #0xcf	; 207
      00012D F3                     346 	.db #0xf3	; 243
      00012E D3                     347 	.db #0xd3	; 211
      00012F E9                     348 	.db #0xe9	; 233
      000130 CB                     349 	.db #0xcb	; 203
      000131 F1                     350 	.db #0xf1	; 241
      000132 DB                     351 	.db #0xdb	; 219
      000133 E3                     352 	.db #0xe3	; 227
      000134 DB                     353 	.db #0xdb	; 219
      000135 E3                     354 	.db #0xe3	; 227
      000136 DB                     355 	.db #0xdb	; 219
      000137 E3                     356 	.db #0xe3	; 227
      000138 AF                     357 	.db #0xaf	; 175
      000139 D3                     358 	.db #0xd3	; 211
      00013A B3                     359 	.db #0xb3	; 179
      00013B CD                     360 	.db #0xcd	; 205
      00013C 59                     361 	.db #0x59	; 89	'Y'
      00013D E2                     362 	.db #0xe2	; 226
      00013E 71                     363 	.db #0x71	; 113	'q'
      00013F EA                     364 	.db #0xea	; 234
      000140 F3                     365 	.db #0xf3	; 243
      000141 E8                     366 	.db #0xe8	; 232
      000142 F3                     367 	.db #0xf3	; 243
      000143 E9                     368 	.db #0xe9	; 233
      000144 F3                     369 	.db #0xf3	; 243
      000145 ED                     370 	.db #0xed	; 237
      000146 FB                     371 	.db #0xfb	; 251
      000147 E5                     372 	.db #0xe5	; 229
      000148 EB                     373 	.db #0xeb	; 235
      000149 D5                     374 	.db #0xd5	; 213
      00014A FB                     375 	.db #0xfb	; 251
      00014B D5                     376 	.db #0xd5	; 213
      00014C FB                     377 	.db #0xfb	; 251
      00014D F5                     378 	.db #0xf5	; 245
      00014E FB                     379 	.db #0xfb	; 251
      00014F F5                     380 	.db #0xf5	; 245
      000150 F9                     381 	.db #0xf9	; 249
      000151 F3                     382 	.db #0xf3	; 243
      000152 F9                     383 	.db #0xf9	; 249
      000153 F3                     384 	.db #0xf3	; 243
      000154 FB                     385 	.db #0xfb	; 251
      000155 F7                     386 	.db #0xf7	; 247
      000156 EB                     387 	.db #0xeb	; 235
      000157 F3                     388 	.db #0xf3	; 243
      000158 EF                     389 	.db #0xef	; 239
      000159 F3                     390 	.db #0xf3	; 243
      00015A EB                     391 	.db #0xeb	; 235
      00015B F1                     392 	.db #0xf1	; 241
      00015C EB                     393 	.db #0xeb	; 235
      00015D F1                     394 	.db #0xf1	; 241
      00015E DB                     395 	.db #0xdb	; 219
      00015F F1                     396 	.db #0xf1	; 241
      000160 DB                     397 	.db #0xdb	; 219
      000161 B3                     398 	.db #0xb3	; 179
      000162 F6                     399 	.db #0xf6	; 246
      000163 CB                     400 	.db #0xcb	; 203
      000164 EB                     401 	.db #0xeb	; 235
      000165 F9                     402 	.db #0xf9	; 249
      000166 E3                     403 	.db #0xe3	; 227
      000167 F9                     404 	.db #0xf9	; 249
      000168 F3                     405 	.db #0xf3	; 243
      000169 F9                     406 	.db #0xf9	; 249
      00016A F3                     407 	.db #0xf3	; 243
      00016B F9                     408 	.db #0xf9	; 249
      00016C E7                     409 	.db #0xe7	; 231
      00016D FB                     410 	.db #0xfb	; 251
      00016E EB                     411 	.db #0xeb	; 235
      00016F F3                     412 	.db #0xf3	; 243
      000170 CB                     413 	.db #0xcb	; 203
      000171 F5                     414 	.db #0xf5	; 245
      000172 DB                     415 	.db #0xdb	; 219
      000173 E3                     416 	.db #0xe3	; 227
      000174 DB                     417 	.db #0xdb	; 219
      000175 E3                     418 	.db #0xe3	; 227
      000176 DB                     419 	.db #0xdb	; 219
      000177 E3                     420 	.db #0xe3	; 227
      000178 AF                     421 	.db #0xaf	; 175
      000179 D3                     422 	.db #0xd3	; 211
      00017A B3                     423 	.db #0xb3	; 179
      00017B CD                     424 	.db #0xcd	; 205
      00017C D9                     425 	.db #0xd9	; 217
      00017D E3                     426 	.db #0xe3	; 227
      00017E F1                     427 	.db #0xf1	; 241
      00017F EB                     428 	.db #0xeb	; 235
      000180 93                     429 	.db #0x93	; 147
      000181 EB                     430 	.db #0xeb	; 235
      000182 33                     431 	.db #0x33	; 51	'3'
      000183 CB                     432 	.db #0xcb	; 203
      000184 47                     433 	.db #0x47	; 71	'G'
      000185 B3                     434 	.db #0xb3	; 179
      000186 4F                     435 	.db #0x4f	; 79	'O'
      000187 0B                     436 	.db #0x0b	; 11
      000188 DF                     437 	.db #0xdf	; 223
      000189 3D                     438 	.db #0x3d	; 61
      00018A EF                     439 	.db #0xef	; 239
      00018B 7D                     440 	.db #0x7d	; 125
      00018C FF                     441 	.db #0xff	; 255
      00018D 7D                     442 	.db #0x7d	; 125
      00018E FF                     443 	.db #0xff	; 255
      00018F FF                     444 	.db #0xff	; 255
      000190 FF                     445 	.db #0xff	; 255
      000191 FF                     446 	.db #0xff	; 255
      000192 FF                     447 	.db #0xff	; 255
      000193 FF                     448 	.db #0xff	; 255
      000194 7F                     449 	.db #0x7f	; 127
      000195 FF                     450 	.db #0xff	; 255
      000196 00                     451 	.db #0x00	; 0
      000197 00                     452 	.db #0x00	; 0
      000198 BF                     453 	.db #0xbf	; 191
      000199 7F                     454 	.db #0x7f	; 127
      00019A DF                     455 	.db #0xdf	; 223
      00019B 7F                     456 	.db #0x7f	; 127
      00019C DF                     457 	.db #0xdf	; 223
      00019D FF                     458 	.db #0xff	; 255
      00019E FF                     459 	.db #0xff	; 255
      00019F FF                     460 	.db #0xff	; 255
      0001A0 FF                     461 	.db #0xff	; 255
      0001A1 FF                     462 	.db #0xff	; 255
      0001A2 FF                     463 	.db #0xff	; 255
      0001A3 FF                     464 	.db #0xff	; 255
      0001A4 FF                     465 	.db #0xff	; 255
      0001A5 FF                     466 	.db #0xff	; 255
      0001A6 00                     467 	.db #0x00	; 0
      0001A7 00                     468 	.db #0x00	; 0
      0001A8 FF                     469 	.db #0xff	; 255
      0001A9 FF                     470 	.db #0xff	; 255
      0001AA FF                     471 	.db #0xff	; 255
      0001AB FF                     472 	.db #0xff	; 255
      0001AC FF                     473 	.db #0xff	; 255
      0001AD FF                     474 	.db #0xff	; 255
      0001AE FF                     475 	.db #0xff	; 255
      0001AF FF                     476 	.db #0xff	; 255
      0001B0 FF                     477 	.db #0xff	; 255
      0001B1 FF                     478 	.db #0xff	; 255
      0001B2 FF                     479 	.db #0xff	; 255
      0001B3 FF                     480 	.db #0xff	; 255
      0001B4 FE                     481 	.db #0xfe	; 254
      0001B5 FF                     482 	.db #0xff	; 255
      0001B6 00                     483 	.db #0x00	; 0
      0001B7 02                     484 	.db #0x02	; 2
      0001B8 FD                     485 	.db #0xfd	; 253
      0001B9 FF                     486 	.db #0xff	; 255
      0001BA FD                     487 	.db #0xfd	; 253
      0001BB FF                     488 	.db #0xff	; 255
      0001BC FD                     489 	.db #0xfd	; 253
      0001BD FF                     490 	.db #0xff	; 255
      0001BE FF                     491 	.db #0xff	; 255
      0001BF FF                     492 	.db #0xff	; 255
      0001C0 00                     493 	.db #0x00	; 0
      0001C1 00                     494 	.db #0x00	; 0
      0001C2 00                     495 	.db #0x00	; 0
      0001C3 00                     496 	.db #0x00	; 0
      0001C4 00                     497 	.db #0x00	; 0
      0001C5 00                     498 	.db #0x00	; 0
      0001C6 00                     499 	.db #0x00	; 0
      0001C7 00                     500 	.db #0x00	; 0
      0001C8 00                     501 	.db #0x00	; 0
      0001C9 00                     502 	.db #0x00	; 0
      0001CA 00                     503 	.db #0x00	; 0
      0001CB 00                     504 	.db #0x00	; 0
      0001CC 00                     505 	.db #0x00	; 0
      0001CD 00                     506 	.db #0x00	; 0
      0001CE 00                     507 	.db #0x00	; 0
      0001CF 00                     508 	.db #0x00	; 0
      0001D0 00                     509 	.db #0x00	; 0
      0001D1 00                     510 	.db #0x00	; 0
      0001D2 00                     511 	.db #0x00	; 0
      0001D3 00                     512 	.db #0x00	; 0
      0001D4 00                     513 	.db #0x00	; 0
      0001D5 00                     514 	.db #0x00	; 0
      0001D6 00                     515 	.db #0x00	; 0
      0001D7 00                     516 	.db #0x00	; 0
      0001D8 00                     517 	.db #0x00	; 0
      0001D9 00                     518 	.db #0x00	; 0
      0001DA 00                     519 	.db #0x00	; 0
      0001DB 00                     520 	.db #0x00	; 0
      0001DC 00                     521 	.db #0x00	; 0
      0001DD 00                     522 	.db #0x00	; 0
      0001DE 00                     523 	.db #0x00	; 0
      0001DF 00                     524 	.db #0x00	; 0
      0001E0 00                     525 	.db #0x00	; 0
      0001E1 00                     526 	.db #0x00	; 0
      0001E2 00                     527 	.db #0x00	; 0
      0001E3 00                     528 	.db #0x00	; 0
      0001E4 00                     529 	.db #0x00	; 0
      0001E5 00                     530 	.db #0x00	; 0
      0001E6 00                     531 	.db #0x00	; 0
      0001E7 00                     532 	.db #0x00	; 0
      0001E8 00                     533 	.db #0x00	; 0
      0001E9 00                     534 	.db #0x00	; 0
      0001EA 00                     535 	.db #0x00	; 0
      0001EB 00                     536 	.db #0x00	; 0
      0001EC 00                     537 	.db #0x00	; 0
      0001ED 00                     538 	.db #0x00	; 0
      0001EE 00                     539 	.db #0x00	; 0
      0001EF 00                     540 	.db #0x00	; 0
      0001F0 00                     541 	.db #0x00	; 0
      0001F1 00                     542 	.db #0x00	; 0
      0001F2 00                     543 	.db #0x00	; 0
      0001F3 00                     544 	.db #0x00	; 0
      0001F4 00                     545 	.db #0x00	; 0
      0001F5 00                     546 	.db #0x00	; 0
      0001F6 00                     547 	.db #0x00	; 0
      0001F7 00                     548 	.db #0x00	; 0
      0001F8 00                     549 	.db #0x00	; 0
      0001F9 00                     550 	.db #0x00	; 0
      0001FA 00                     551 	.db #0x00	; 0
      0001FB 00                     552 	.db #0x00	; 0
      0001FC 00                     553 	.db #0x00	; 0
      0001FD 00                     554 	.db #0x00	; 0
      0001FE 00                     555 	.db #0x00	; 0
      0001FF 00                     556 	.db #0x00	; 0
      000200 00                     557 	.db #0x00	; 0
      000201 00                     558 	.db #0x00	; 0
      000202 00                     559 	.db #0x00	; 0
      000203 00                     560 	.db #0x00	; 0
      000204 00                     561 	.db #0x00	; 0
      000205 00                     562 	.db #0x00	; 0
      000206 00                     563 	.db #0x00	; 0
      000207 00                     564 	.db #0x00	; 0
      000208 00                     565 	.db #0x00	; 0
      000209 00                     566 	.db #0x00	; 0
      00020A 00                     567 	.db #0x00	; 0
      00020B 00                     568 	.db #0x00	; 0
      00020C 00                     569 	.db #0x00	; 0
      00020D 00                     570 	.db #0x00	; 0
      00020E 00                     571 	.db #0x00	; 0
      00020F 00                     572 	.db #0x00	; 0
      000210 00                     573 	.db #0x00	; 0
      000211 00                     574 	.db #0x00	; 0
      000212 00                     575 	.db #0x00	; 0
      000213 00                     576 	.db #0x00	; 0
      000214 00                     577 	.db #0x00	; 0
      000215 00                     578 	.db #0x00	; 0
      000216 00                     579 	.db #0x00	; 0
      000217 00                     580 	.db #0x00	; 0
      000218 00                     581 	.db #0x00	; 0
      000219 00                     582 	.db #0x00	; 0
      00021A 00                     583 	.db #0x00	; 0
      00021B 00                     584 	.db #0x00	; 0
      00021C 00                     585 	.db #0x00	; 0
      00021D 00                     586 	.db #0x00	; 0
      00021E 00                     587 	.db #0x00	; 0
      00021F 00                     588 	.db #0x00	; 0
      000220 00                     589 	.db #0x00	; 0
      000221 00                     590 	.db #0x00	; 0
      000222 00                     591 	.db #0x00	; 0
      000223 00                     592 	.db #0x00	; 0
      000224 00                     593 	.db #0x00	; 0
      000225 00                     594 	.db #0x00	; 0
      000226 00                     595 	.db #0x00	; 0
      000227 00                     596 	.db #0x00	; 0
      000228 00                     597 	.db #0x00	; 0
      000229 00                     598 	.db #0x00	; 0
      00022A 00                     599 	.db #0x00	; 0
      00022B 00                     600 	.db #0x00	; 0
      00022C 00                     601 	.db #0x00	; 0
      00022D 00                     602 	.db #0x00	; 0
      00022E 00                     603 	.db #0x00	; 0
      00022F 00                     604 	.db #0x00	; 0
      000230 00                     605 	.db #0x00	; 0
      000231 00                     606 	.db #0x00	; 0
      000232 00                     607 	.db #0x00	; 0
      000233 00                     608 	.db #0x00	; 0
      000234 00                     609 	.db #0x00	; 0
      000235 00                     610 	.db #0x00	; 0
      000236 00                     611 	.db #0x00	; 0
      000237 00                     612 	.db #0x00	; 0
      000238 00                     613 	.db #0x00	; 0
      000239 00                     614 	.db #0x00	; 0
      00023A 00                     615 	.db #0x00	; 0
      00023B 00                     616 	.db #0x00	; 0
      00023C 00                     617 	.db #0x00	; 0
      00023D 00                     618 	.db #0x00	; 0
      00023E 00                     619 	.db #0x00	; 0
      00023F 00                     620 	.db #0x00	; 0
      000240 00                     621 	.db #0x00	; 0
      000241 00                     622 	.db #0x00	; 0
      000242 00                     623 	.db #0x00	; 0
      000243 00                     624 	.db #0x00	; 0
      000244 00                     625 	.db #0x00	; 0
      000245 00                     626 	.db #0x00	; 0
      000246 00                     627 	.db #0x00	; 0
      000247 00                     628 	.db #0x00	; 0
      000248 00                     629 	.db #0x00	; 0
      000249 00                     630 	.db #0x00	; 0
      00024A 00                     631 	.db #0x00	; 0
      00024B 00                     632 	.db #0x00	; 0
      00024C 00                     633 	.db #0x00	; 0
      00024D 00                     634 	.db #0x00	; 0
      00024E 00                     635 	.db #0x00	; 0
      00024F 00                     636 	.db #0x00	; 0
      000250 00                     637 	.db #0x00	; 0
      000251 00                     638 	.db #0x00	; 0
      000252 00                     639 	.db #0x00	; 0
      000253 00                     640 	.db #0x00	; 0
      000254 00                     641 	.db #0x00	; 0
      000255 00                     642 	.db #0x00	; 0
      000256 00                     643 	.db #0x00	; 0
      000257 00                     644 	.db #0x00	; 0
      000258 00                     645 	.db #0x00	; 0
      000259 00                     646 	.db #0x00	; 0
      00025A 00                     647 	.db #0x00	; 0
      00025B 00                     648 	.db #0x00	; 0
      00025C 00                     649 	.db #0x00	; 0
      00025D 00                     650 	.db #0x00	; 0
      00025E 00                     651 	.db #0x00	; 0
      00025F 00                     652 	.db #0x00	; 0
      000260 00                     653 	.db #0x00	; 0
      000261 00                     654 	.db #0x00	; 0
      000262 00                     655 	.db #0x00	; 0
      000263 00                     656 	.db #0x00	; 0
      000264 00                     657 	.db #0x00	; 0
      000265 00                     658 	.db #0x00	; 0
      000266 00                     659 	.db #0x00	; 0
      000267 00                     660 	.db #0x00	; 0
      000268 00                     661 	.db #0x00	; 0
      000269 00                     662 	.db #0x00	; 0
      00026A 00                     663 	.db #0x00	; 0
      00026B 00                     664 	.db #0x00	; 0
      00026C 00                     665 	.db #0x00	; 0
      00026D 00                     666 	.db #0x00	; 0
      00026E 00                     667 	.db #0x00	; 0
      00026F 00                     668 	.db #0x00	; 0
      000270 00                     669 	.db #0x00	; 0
      000271 00                     670 	.db #0x00	; 0
      000272 00                     671 	.db #0x00	; 0
      000273 00                     672 	.db #0x00	; 0
      000274 00                     673 	.db #0x00	; 0
      000275 00                     674 	.db #0x00	; 0
      000276 00                     675 	.db #0x00	; 0
      000277 00                     676 	.db #0x00	; 0
      000278 00                     677 	.db #0x00	; 0
      000279 00                     678 	.db #0x00	; 0
      00027A 00                     679 	.db #0x00	; 0
      00027B 00                     680 	.db #0x00	; 0
      00027C 00                     681 	.db #0x00	; 0
      00027D 00                     682 	.db #0x00	; 0
      00027E 00                     683 	.db #0x00	; 0
      00027F 00                     684 	.db #0x00	; 0
      000280 00                     685 	.db #0x00	; 0
      000281 00                     686 	.db #0x00	; 0
      000282 00                     687 	.db #0x00	; 0
      000283 00                     688 	.db #0x00	; 0
      000284 00                     689 	.db #0x00	; 0
      000285 00                     690 	.db #0x00	; 0
      000286 00                     691 	.db #0x00	; 0
      000287 00                     692 	.db #0x00	; 0
      000288 00                     693 	.db #0x00	; 0
      000289 00                     694 	.db #0x00	; 0
      00028A 00                     695 	.db #0x00	; 0
      00028B 00                     696 	.db #0x00	; 0
      00028C 00                     697 	.db #0x00	; 0
      00028D 00                     698 	.db #0x00	; 0
      00028E 00                     699 	.db #0x00	; 0
      00028F 00                     700 	.db #0x00	; 0
                                    701 	.area _INITIALIZER
                                    702 	.area _CABS (ABS)
