                                      1 ;--------------------------------------------------------
                                      2 ; File Created by SDCC : free open source ANSI-C Compiler
                                      3 ; Version 4.1.6 #12539 (MINGW32)
                                      4 ;--------------------------------------------------------
                                      5 	.module bownlyPastelBkg3Map
                                      6 	.optsdcc -mgbz80
                                      7 	
                                      8 ;--------------------------------------------------------
                                      9 ; Public variables in this module
                                     10 ;--------------------------------------------------------
                                     11 	.globl _bownlyPastelBkg3Map
                                     12 ;--------------------------------------------------------
                                     13 ; special function registers
                                     14 ;--------------------------------------------------------
                                     15 ;--------------------------------------------------------
                                     16 ; ram data
                                     17 ;--------------------------------------------------------
                                     18 	.area _DATA
                                     19 ;--------------------------------------------------------
                                     20 ; ram data
                                     21 ;--------------------------------------------------------
                                     22 	.area _INITIALIZED
                                     23 ;--------------------------------------------------------
                                     24 ; absolute external ram data
                                     25 ;--------------------------------------------------------
                                     26 	.area _DABS (ABS)
                                     27 ;--------------------------------------------------------
                                     28 ; global & static initialisations
                                     29 ;--------------------------------------------------------
                                     30 	.area _HOME
                                     31 	.area _GSINIT
                                     32 	.area _GSFINAL
                                     33 	.area _GSINIT
                                     34 ;--------------------------------------------------------
                                     35 ; Home
                                     36 ;--------------------------------------------------------
                                     37 	.area _HOME
                                     38 	.area _HOME
                                     39 ;--------------------------------------------------------
                                     40 ; code
                                     41 ;--------------------------------------------------------
                                     42 	.area _CODE_2
                                     43 	.area _CODE_2
      000000                         44 _bownlyPastelBkg3Map:
      000000 40                      45 	.db #0x40	; 64
      000001 46                      46 	.db #0x46	; 70	'F'
      000002 41                      47 	.db #0x41	; 65	'A'
      000003 49                      48 	.db #0x49	; 73	'I'
      000004 4B                      49 	.db #0x4b	; 75	'K'
      000005 3F                      50 	.db #0x3f	; 63
      000006 3F                      51 	.db #0x3f	; 63
      000007 51                      52 	.db #0x51	; 81	'Q'
      000008 4C                      53 	.db #0x4c	; 76	'L'
      000009 3F                      54 	.db #0x3f	; 63
      00000A 3F                      55 	.db #0x3f	; 63
      00000B 52                      56 	.db #0x52	; 82	'R'
      00000C 4C                      57 	.db #0x4c	; 76	'L'
      00000D 3F                      58 	.db #0x3f	; 63
      00000E 3F                      59 	.db #0x3f	; 63
      00000F 53                      60 	.db #0x53	; 83	'S'
      000010 4D                      61 	.db #0x4d	; 77	'M'
      000011 3F                      62 	.db #0x3f	; 63
      000012 3F                      63 	.db #0x3f	; 63
      000013 54                      64 	.db #0x54	; 84	'T'
      000014 4E                      65 	.db #0x4e	; 78	'N'
      000015 3F                      66 	.db #0x3f	; 63
      000016 3F                      67 	.db #0x3f	; 63
      000017 55                      68 	.db #0x55	; 85	'U'
                                     69 	.area _INITIALIZER
                                     70 	.area _CABS (ABS)
