                                      1 ;--------------------------------------------------------
                                      2 ; File Created by SDCC : free open source ANSI-C Compiler
                                      3 ; Version 4.1.6 #12539 (MINGW32)
                                      4 ;--------------------------------------------------------
                                      5 	.module bownlyBowBkgTiles
                                      6 	.optsdcc -mgbz80
                                      7 	
                                      8 ;--------------------------------------------------------
                                      9 ; Public variables in this module
                                     10 ;--------------------------------------------------------
                                     11 	.globl _bownlyBowBkgTiles
                                     12 ;--------------------------------------------------------
                                     13 ; special function registers
                                     14 ;--------------------------------------------------------
                                     15 ;--------------------------------------------------------
                                     16 ; ram data
                                     17 ;--------------------------------------------------------
                                     18 	.area _DATA
                                     19 ;--------------------------------------------------------
                                     20 ; ram data
                                     21 ;--------------------------------------------------------
                                     22 	.area _INITIALIZED
                                     23 ;--------------------------------------------------------
                                     24 ; absolute external ram data
                                     25 ;--------------------------------------------------------
                                     26 	.area _DABS (ABS)
                                     27 ;--------------------------------------------------------
                                     28 ; global & static initialisations
                                     29 ;--------------------------------------------------------
                                     30 	.area _HOME
                                     31 	.area _GSINIT
                                     32 	.area _GSFINAL
                                     33 	.area _GSINIT
                                     34 ;--------------------------------------------------------
                                     35 ; Home
                                     36 ;--------------------------------------------------------
                                     37 	.area _HOME
                                     38 	.area _HOME
                                     39 ;--------------------------------------------------------
                                     40 ; code
                                     41 ;--------------------------------------------------------
                                     42 	.area _CODE_2
                                     43 	.area _CODE_2
      000000                         44 _bownlyBowBkgTiles:
      000000 00                      45 	.db #0x00	; 0
      000001 00                      46 	.db #0x00	; 0
      000002 00                      47 	.db #0x00	; 0
      000003 00                      48 	.db #0x00	; 0
      000004 45                      49 	.db #0x45	; 69	'E'
      000005 00                      50 	.db #0x00	; 0
      000006 45                      51 	.db #0x45	; 69	'E'
      000007 00                      52 	.db #0x00	; 0
      000008 AE                      53 	.db #0xae	; 174
      000009 00                      54 	.db #0x00	; 0
      00000A FA                      55 	.db #0xfa	; 250
      00000B 00                      56 	.db #0x00	; 0
      00000C DB                      57 	.db #0xdb	; 219
      00000D 00                      58 	.db #0x00	; 0
      00000E FF                      59 	.db #0xff	; 255
      00000F 00                      60 	.db #0x00	; 0
      000010 FF                      61 	.db #0xff	; 255
      000011 00                      62 	.db #0x00	; 0
      000012 FF                      63 	.db #0xff	; 255
      000013 00                      64 	.db #0x00	; 0
      000014 FF                      65 	.db #0xff	; 255
      000015 00                      66 	.db #0x00	; 0
      000016 FF                      67 	.db #0xff	; 255
      000017 00                      68 	.db #0x00	; 0
      000018 FF                      69 	.db #0xff	; 255
      000019 00                      70 	.db #0x00	; 0
      00001A FF                      71 	.db #0xff	; 255
      00001B 00                      72 	.db #0x00	; 0
      00001C FF                      73 	.db #0xff	; 255
      00001D 00                      74 	.db #0x00	; 0
      00001E FF                      75 	.db #0xff	; 255
      00001F 00                      76 	.db #0x00	; 0
      000020 00                      77 	.db #0x00	; 0
      000021 00                      78 	.db #0x00	; 0
      000022 00                      79 	.db #0x00	; 0
      000023 00                      80 	.db #0x00	; 0
      000024 00                      81 	.db #0x00	; 0
      000025 00                      82 	.db #0x00	; 0
      000026 00                      83 	.db #0x00	; 0
      000027 00                      84 	.db #0x00	; 0
      000028 00                      85 	.db #0x00	; 0
      000029 07                      86 	.db #0x07	; 7
      00002A 00                      87 	.db #0x00	; 0
      00002B 38                      88 	.db #0x38	; 56	'8'
      00002C 00                      89 	.db #0x00	; 0
      00002D 44                      90 	.db #0x44	; 68	'D'
      00002E 00                      91 	.db #0x00	; 0
      00002F 80                      92 	.db #0x80	; 128
      000030 00                      93 	.db #0x00	; 0
      000031 80                      94 	.db #0x80	; 128
      000032 00                      95 	.db #0x00	; 0
      000033 80                      96 	.db #0x80	; 128
      000034 00                      97 	.db #0x00	; 0
      000035 84                      98 	.db #0x84	; 132
      000036 00                      99 	.db #0x00	; 0
      000037 43                     100 	.db #0x43	; 67	'C'
      000038 00                     101 	.db #0x00	; 0
      000039 3C                     102 	.db #0x3c	; 60
      00003A 00                     103 	.db #0x00	; 0
      00003B 00                     104 	.db #0x00	; 0
      00003C 00                     105 	.db #0x00	; 0
      00003D 00                     106 	.db #0x00	; 0
      00003E 00                     107 	.db #0x00	; 0
      00003F 00                     108 	.db #0x00	; 0
      000040 00                     109 	.db #0x00	; 0
      000041 00                     110 	.db #0x00	; 0
      000042 00                     111 	.db #0x00	; 0
      000043 00                     112 	.db #0x00	; 0
      000044 00                     113 	.db #0x00	; 0
      000045 00                     114 	.db #0x00	; 0
      000046 00                     115 	.db #0x00	; 0
      000047 00                     116 	.db #0x00	; 0
      000048 00                     117 	.db #0x00	; 0
      000049 1C                     118 	.db #0x1c	; 28
      00004A 00                     119 	.db #0x00	; 0
      00004B E2                     120 	.db #0xe2	; 226
      00004C 00                     121 	.db #0x00	; 0
      00004D 01                     122 	.db #0x01	; 1
      00004E 00                     123 	.db #0x00	; 0
      00004F 01                     124 	.db #0x01	; 1
      000050 00                     125 	.db #0x00	; 0
      000051 06                     126 	.db #0x06	; 6
      000052 00                     127 	.db #0x00	; 0
      000053 02                     128 	.db #0x02	; 2
      000054 00                     129 	.db #0x00	; 0
      000055 02                     130 	.db #0x02	; 2
      000056 00                     131 	.db #0x00	; 0
      000057 22                     132 	.db #0x22	; 34
      000058 00                     133 	.db #0x00	; 0
      000059 C4                     134 	.db #0xc4	; 196
      00005A 00                     135 	.db #0x00	; 0
      00005B 78                     136 	.db #0x78	; 120	'x'
      00005C 00                     137 	.db #0x00	; 0
      00005D 00                     138 	.db #0x00	; 0
      00005E 00                     139 	.db #0x00	; 0
      00005F 00                     140 	.db #0x00	; 0
                                    141 	.area _INITIALIZER
                                    142 	.area _CABS (ABS)
