                                      1 ;--------------------------------------------------------
                                      2 ; File Created by SDCC : free open source ANSI-C Compiler
                                      3 ; Version 4.1.6 #12539 (MINGW32)
                                      4 ;--------------------------------------------------------
                                      5 	.module fontTiles
                                      6 	.optsdcc -mgbz80
                                      7 	
                                      8 ;--------------------------------------------------------
                                      9 ; Public variables in this module
                                     10 ;--------------------------------------------------------
                                     11 	.globl _fontTiles
                                     12 ;--------------------------------------------------------
                                     13 ; special function registers
                                     14 ;--------------------------------------------------------
                                     15 ;--------------------------------------------------------
                                     16 ; ram data
                                     17 ;--------------------------------------------------------
                                     18 	.area _DATA
                                     19 ;--------------------------------------------------------
                                     20 ; ram data
                                     21 ;--------------------------------------------------------
                                     22 	.area _INITIALIZED
                                     23 ;--------------------------------------------------------
                                     24 ; absolute external ram data
                                     25 ;--------------------------------------------------------
                                     26 	.area _DABS (ABS)
                                     27 ;--------------------------------------------------------
                                     28 ; global & static initialisations
                                     29 ;--------------------------------------------------------
                                     30 	.area _HOME
                                     31 	.area _GSINIT
                                     32 	.area _GSFINAL
                                     33 	.area _GSINIT
                                     34 ;--------------------------------------------------------
                                     35 ; Home
                                     36 ;--------------------------------------------------------
                                     37 	.area _HOME
                                     38 	.area _HOME
                                     39 ;--------------------------------------------------------
                                     40 ; code
                                     41 ;--------------------------------------------------------
                                     42 	.area _CODE
                                     43 	.area _CODE
      000000                         44 _fontTiles:
      000000 00                      45 	.db #0x00	; 0
      000001 00                      46 	.db #0x00	; 0
      000002 3C                      47 	.db #0x3c	; 60
      000003 3C                      48 	.db #0x3c	; 60
      000004 7E                      49 	.db #0x7e	; 126
      000005 7E                      50 	.db #0x7e	; 126
      000006 76                      51 	.db #0x76	; 118	'v'
      000007 76                      52 	.db #0x76	; 118	'v'
      000008 6E                      53 	.db #0x6e	; 110	'n'
      000009 6E                      54 	.db #0x6e	; 110	'n'
      00000A 7E                      55 	.db #0x7e	; 126
      00000B 7E                      56 	.db #0x7e	; 126
      00000C 3C                      57 	.db #0x3c	; 60
      00000D 3C                      58 	.db #0x3c	; 60
      00000E 00                      59 	.db #0x00	; 0
      00000F 00                      60 	.db #0x00	; 0
      000010 00                      61 	.db #0x00	; 0
      000011 00                      62 	.db #0x00	; 0
      000012 18                      63 	.db #0x18	; 24
      000013 18                      64 	.db #0x18	; 24
      000014 38                      65 	.db #0x38	; 56	'8'
      000015 38                      66 	.db #0x38	; 56	'8'
      000016 18                      67 	.db #0x18	; 24
      000017 18                      68 	.db #0x18	; 24
      000018 18                      69 	.db #0x18	; 24
      000019 18                      70 	.db #0x18	; 24
      00001A 3C                      71 	.db #0x3c	; 60
      00001B 3C                      72 	.db #0x3c	; 60
      00001C 3C                      73 	.db #0x3c	; 60
      00001D 3C                      74 	.db #0x3c	; 60
      00001E 00                      75 	.db #0x00	; 0
      00001F 00                      76 	.db #0x00	; 0
      000020 00                      77 	.db #0x00	; 0
      000021 00                      78 	.db #0x00	; 0
      000022 3C                      79 	.db #0x3c	; 60
      000023 3C                      80 	.db #0x3c	; 60
      000024 7E                      81 	.db #0x7e	; 126
      000025 7E                      82 	.db #0x7e	; 126
      000026 0E                      83 	.db #0x0e	; 14
      000027 0E                      84 	.db #0x0e	; 14
      000028 3C                      85 	.db #0x3c	; 60
      000029 3C                      86 	.db #0x3c	; 60
      00002A 7E                      87 	.db #0x7e	; 126
      00002B 7E                      88 	.db #0x7e	; 126
      00002C 7E                      89 	.db #0x7e	; 126
      00002D 7E                      90 	.db #0x7e	; 126
      00002E 00                      91 	.db #0x00	; 0
      00002F 00                      92 	.db #0x00	; 0
      000030 00                      93 	.db #0x00	; 0
      000031 00                      94 	.db #0x00	; 0
      000032 3C                      95 	.db #0x3c	; 60
      000033 3C                      96 	.db #0x3c	; 60
      000034 7E                      97 	.db #0x7e	; 126
      000035 7E                      98 	.db #0x7e	; 126
      000036 1C                      99 	.db #0x1c	; 28
      000037 1C                     100 	.db #0x1c	; 28
      000038 06                     101 	.db #0x06	; 6
      000039 06                     102 	.db #0x06	; 6
      00003A 7E                     103 	.db #0x7e	; 126
      00003B 7E                     104 	.db #0x7e	; 126
      00003C 3C                     105 	.db #0x3c	; 60
      00003D 3C                     106 	.db #0x3c	; 60
      00003E 00                     107 	.db #0x00	; 0
      00003F 00                     108 	.db #0x00	; 0
      000040 00                     109 	.db #0x00	; 0
      000041 00                     110 	.db #0x00	; 0
      000042 1C                     111 	.db #0x1c	; 28
      000043 1C                     112 	.db #0x1c	; 28
      000044 3C                     113 	.db #0x3c	; 60
      000045 3C                     114 	.db #0x3c	; 60
      000046 6C                     115 	.db #0x6c	; 108	'l'
      000047 6C                     116 	.db #0x6c	; 108	'l'
      000048 7E                     117 	.db #0x7e	; 126
      000049 7E                     118 	.db #0x7e	; 126
      00004A 7E                     119 	.db #0x7e	; 126
      00004B 7E                     120 	.db #0x7e	; 126
      00004C 0C                     121 	.db #0x0c	; 12
      00004D 0C                     122 	.db #0x0c	; 12
      00004E 00                     123 	.db #0x00	; 0
      00004F 00                     124 	.db #0x00	; 0
      000050 00                     125 	.db #0x00	; 0
      000051 00                     126 	.db #0x00	; 0
      000052 7E                     127 	.db #0x7e	; 126
      000053 7E                     128 	.db #0x7e	; 126
      000054 70                     129 	.db #0x70	; 112	'p'
      000055 70                     130 	.db #0x70	; 112	'p'
      000056 7C                     131 	.db #0x7c	; 124
      000057 7C                     132 	.db #0x7c	; 124
      000058 1E                     133 	.db #0x1e	; 30
      000059 1E                     134 	.db #0x1e	; 30
      00005A 7E                     135 	.db #0x7e	; 126
      00005B 7E                     136 	.db #0x7e	; 126
      00005C 7C                     137 	.db #0x7c	; 124
      00005D 7C                     138 	.db #0x7c	; 124
      00005E 00                     139 	.db #0x00	; 0
      00005F 00                     140 	.db #0x00	; 0
      000060 00                     141 	.db #0x00	; 0
      000061 00                     142 	.db #0x00	; 0
      000062 3C                     143 	.db #0x3c	; 60
      000063 3C                     144 	.db #0x3c	; 60
      000064 70                     145 	.db #0x70	; 112	'p'
      000065 70                     146 	.db #0x70	; 112	'p'
      000066 7C                     147 	.db #0x7c	; 124
      000067 7C                     148 	.db #0x7c	; 124
      000068 66                     149 	.db #0x66	; 102	'f'
      000069 66                     150 	.db #0x66	; 102	'f'
      00006A 7E                     151 	.db #0x7e	; 126
      00006B 7E                     152 	.db #0x7e	; 126
      00006C 3C                     153 	.db #0x3c	; 60
      00006D 3C                     154 	.db #0x3c	; 60
      00006E 00                     155 	.db #0x00	; 0
      00006F 00                     156 	.db #0x00	; 0
      000070 00                     157 	.db #0x00	; 0
      000071 00                     158 	.db #0x00	; 0
      000072 3C                     159 	.db #0x3c	; 60
      000073 3C                     160 	.db #0x3c	; 60
      000074 7E                     161 	.db #0x7e	; 126
      000075 7E                     162 	.db #0x7e	; 126
      000076 06                     163 	.db #0x06	; 6
      000077 06                     164 	.db #0x06	; 6
      000078 0E                     165 	.db #0x0e	; 14
      000079 0E                     166 	.db #0x0e	; 14
      00007A 1C                     167 	.db #0x1c	; 28
      00007B 1C                     168 	.db #0x1c	; 28
      00007C 38                     169 	.db #0x38	; 56	'8'
      00007D 38                     170 	.db #0x38	; 56	'8'
      00007E 00                     171 	.db #0x00	; 0
      00007F 00                     172 	.db #0x00	; 0
      000080 00                     173 	.db #0x00	; 0
      000081 00                     174 	.db #0x00	; 0
      000082 3C                     175 	.db #0x3c	; 60
      000083 3C                     176 	.db #0x3c	; 60
      000084 76                     177 	.db #0x76	; 118	'v'
      000085 76                     178 	.db #0x76	; 118	'v'
      000086 3C                     179 	.db #0x3c	; 60
      000087 3C                     180 	.db #0x3c	; 60
      000088 7E                     181 	.db #0x7e	; 126
      000089 7E                     182 	.db #0x7e	; 126
      00008A 6E                     183 	.db #0x6e	; 110	'n'
      00008B 6E                     184 	.db #0x6e	; 110	'n'
      00008C 3C                     185 	.db #0x3c	; 60
      00008D 3C                     186 	.db #0x3c	; 60
      00008E 00                     187 	.db #0x00	; 0
      00008F 00                     188 	.db #0x00	; 0
      000090 00                     189 	.db #0x00	; 0
      000091 00                     190 	.db #0x00	; 0
      000092 3C                     191 	.db #0x3c	; 60
      000093 3C                     192 	.db #0x3c	; 60
      000094 7E                     193 	.db #0x7e	; 126
      000095 7E                     194 	.db #0x7e	; 126
      000096 66                     195 	.db #0x66	; 102	'f'
      000097 66                     196 	.db #0x66	; 102	'f'
      000098 3E                     197 	.db #0x3e	; 62
      000099 3E                     198 	.db #0x3e	; 62
      00009A 0E                     199 	.db #0x0e	; 14
      00009B 0E                     200 	.db #0x0e	; 14
      00009C 3C                     201 	.db #0x3c	; 60
      00009D 3C                     202 	.db #0x3c	; 60
      00009E 00                     203 	.db #0x00	; 0
      00009F 00                     204 	.db #0x00	; 0
      0000A0 00                     205 	.db #0x00	; 0
      0000A1 00                     206 	.db #0x00	; 0
      0000A2 3C                     207 	.db #0x3c	; 60
      0000A3 3C                     208 	.db #0x3c	; 60
      0000A4 7E                     209 	.db #0x7e	; 126
      0000A5 7E                     210 	.db #0x7e	; 126
      0000A6 66                     211 	.db #0x66	; 102	'f'
      0000A7 66                     212 	.db #0x66	; 102	'f'
      0000A8 7E                     213 	.db #0x7e	; 126
      0000A9 7E                     214 	.db #0x7e	; 126
      0000AA 66                     215 	.db #0x66	; 102	'f'
      0000AB 66                     216 	.db #0x66	; 102	'f'
      0000AC 66                     217 	.db #0x66	; 102	'f'
      0000AD 66                     218 	.db #0x66	; 102	'f'
      0000AE 00                     219 	.db #0x00	; 0
      0000AF 00                     220 	.db #0x00	; 0
      0000B0 00                     221 	.db #0x00	; 0
      0000B1 00                     222 	.db #0x00	; 0
      0000B2 38                     223 	.db #0x38	; 56	'8'
      0000B3 38                     224 	.db #0x38	; 56	'8'
      0000B4 6C                     225 	.db #0x6c	; 108	'l'
      0000B5 6C                     226 	.db #0x6c	; 108	'l'
      0000B6 7C                     227 	.db #0x7c	; 124
      0000B7 7C                     228 	.db #0x7c	; 124
      0000B8 66                     229 	.db #0x66	; 102	'f'
      0000B9 66                     230 	.db #0x66	; 102	'f'
      0000BA 7E                     231 	.db #0x7e	; 126
      0000BB 7E                     232 	.db #0x7e	; 126
      0000BC 7C                     233 	.db #0x7c	; 124
      0000BD 7C                     234 	.db #0x7c	; 124
      0000BE 00                     235 	.db #0x00	; 0
      0000BF 00                     236 	.db #0x00	; 0
      0000C0 00                     237 	.db #0x00	; 0
      0000C1 00                     238 	.db #0x00	; 0
      0000C2 3C                     239 	.db #0x3c	; 60
      0000C3 3C                     240 	.db #0x3c	; 60
      0000C4 7E                     241 	.db #0x7e	; 126
      0000C5 7E                     242 	.db #0x7e	; 126
      0000C6 60                     243 	.db #0x60	; 96
      0000C7 60                     244 	.db #0x60	; 96
      0000C8 60                     245 	.db #0x60	; 96
      0000C9 60                     246 	.db #0x60	; 96
      0000CA 7E                     247 	.db #0x7e	; 126
      0000CB 7E                     248 	.db #0x7e	; 126
      0000CC 3C                     249 	.db #0x3c	; 60
      0000CD 3C                     250 	.db #0x3c	; 60
      0000CE 00                     251 	.db #0x00	; 0
      0000CF 00                     252 	.db #0x00	; 0
      0000D0 00                     253 	.db #0x00	; 0
      0000D1 00                     254 	.db #0x00	; 0
      0000D2 3C                     255 	.db #0x3c	; 60
      0000D3 3C                     256 	.db #0x3c	; 60
      0000D4 7E                     257 	.db #0x7e	; 126
      0000D5 7E                     258 	.db #0x7e	; 126
      0000D6 66                     259 	.db #0x66	; 102	'f'
      0000D7 66                     260 	.db #0x66	; 102	'f'
      0000D8 66                     261 	.db #0x66	; 102	'f'
      0000D9 66                     262 	.db #0x66	; 102	'f'
      0000DA 7E                     263 	.db #0x7e	; 126
      0000DB 7E                     264 	.db #0x7e	; 126
      0000DC 7C                     265 	.db #0x7c	; 124
      0000DD 7C                     266 	.db #0x7c	; 124
      0000DE 00                     267 	.db #0x00	; 0
      0000DF 00                     268 	.db #0x00	; 0
      0000E0 00                     269 	.db #0x00	; 0
      0000E1 00                     270 	.db #0x00	; 0
      0000E2 3E                     271 	.db #0x3e	; 62
      0000E3 3E                     272 	.db #0x3e	; 62
      0000E4 70                     273 	.db #0x70	; 112	'p'
      0000E5 70                     274 	.db #0x70	; 112	'p'
      0000E6 7C                     275 	.db #0x7c	; 124
      0000E7 7C                     276 	.db #0x7c	; 124
      0000E8 70                     277 	.db #0x70	; 112	'p'
      0000E9 70                     278 	.db #0x70	; 112	'p'
      0000EA 7E                     279 	.db #0x7e	; 126
      0000EB 7E                     280 	.db #0x7e	; 126
      0000EC 3C                     281 	.db #0x3c	; 60
      0000ED 3C                     282 	.db #0x3c	; 60
      0000EE 00                     283 	.db #0x00	; 0
      0000EF 00                     284 	.db #0x00	; 0
      0000F0 00                     285 	.db #0x00	; 0
      0000F1 00                     286 	.db #0x00	; 0
      0000F2 3E                     287 	.db #0x3e	; 62
      0000F3 3E                     288 	.db #0x3e	; 62
      0000F4 7E                     289 	.db #0x7e	; 126
      0000F5 7E                     290 	.db #0x7e	; 126
      0000F6 60                     291 	.db #0x60	; 96
      0000F7 60                     292 	.db #0x60	; 96
      0000F8 7C                     293 	.db #0x7c	; 124
      0000F9 7C                     294 	.db #0x7c	; 124
      0000FA 60                     295 	.db #0x60	; 96
      0000FB 60                     296 	.db #0x60	; 96
      0000FC 60                     297 	.db #0x60	; 96
      0000FD 60                     298 	.db #0x60	; 96
      0000FE 00                     299 	.db #0x00	; 0
      0000FF 00                     300 	.db #0x00	; 0
      000100 00                     301 	.db #0x00	; 0
      000101 00                     302 	.db #0x00	; 0
      000102 3C                     303 	.db #0x3c	; 60
      000103 3C                     304 	.db #0x3c	; 60
      000104 7E                     305 	.db #0x7e	; 126
      000105 7E                     306 	.db #0x7e	; 126
      000106 60                     307 	.db #0x60	; 96
      000107 60                     308 	.db #0x60	; 96
      000108 6E                     309 	.db #0x6e	; 110	'n'
      000109 6E                     310 	.db #0x6e	; 110	'n'
      00010A 7E                     311 	.db #0x7e	; 126
      00010B 7E                     312 	.db #0x7e	; 126
      00010C 3C                     313 	.db #0x3c	; 60
      00010D 3C                     314 	.db #0x3c	; 60
      00010E 00                     315 	.db #0x00	; 0
      00010F 00                     316 	.db #0x00	; 0
      000110 00                     317 	.db #0x00	; 0
      000111 00                     318 	.db #0x00	; 0
      000112 66                     319 	.db #0x66	; 102	'f'
      000113 66                     320 	.db #0x66	; 102	'f'
      000114 66                     321 	.db #0x66	; 102	'f'
      000115 66                     322 	.db #0x66	; 102	'f'
      000116 7E                     323 	.db #0x7e	; 126
      000117 7E                     324 	.db #0x7e	; 126
      000118 7E                     325 	.db #0x7e	; 126
      000119 7E                     326 	.db #0x7e	; 126
      00011A 66                     327 	.db #0x66	; 102	'f'
      00011B 66                     328 	.db #0x66	; 102	'f'
      00011C 66                     329 	.db #0x66	; 102	'f'
      00011D 66                     330 	.db #0x66	; 102	'f'
      00011E 00                     331 	.db #0x00	; 0
      00011F 00                     332 	.db #0x00	; 0
      000120 00                     333 	.db #0x00	; 0
      000121 00                     334 	.db #0x00	; 0
      000122 7C                     335 	.db #0x7c	; 124
      000123 7C                     336 	.db #0x7c	; 124
      000124 7C                     337 	.db #0x7c	; 124
      000125 7C                     338 	.db #0x7c	; 124
      000126 18                     339 	.db #0x18	; 24
      000127 18                     340 	.db #0x18	; 24
      000128 18                     341 	.db #0x18	; 24
      000129 18                     342 	.db #0x18	; 24
      00012A 7C                     343 	.db #0x7c	; 124
      00012B 7C                     344 	.db #0x7c	; 124
      00012C 7C                     345 	.db #0x7c	; 124
      00012D 7C                     346 	.db #0x7c	; 124
      00012E 00                     347 	.db #0x00	; 0
      00012F 00                     348 	.db #0x00	; 0
      000130 00                     349 	.db #0x00	; 0
      000131 00                     350 	.db #0x00	; 0
      000132 7C                     351 	.db #0x7c	; 124
      000133 7C                     352 	.db #0x7c	; 124
      000134 7C                     353 	.db #0x7c	; 124
      000135 7C                     354 	.db #0x7c	; 124
      000136 18                     355 	.db #0x18	; 24
      000137 18                     356 	.db #0x18	; 24
      000138 18                     357 	.db #0x18	; 24
      000139 18                     358 	.db #0x18	; 24
      00013A 78                     359 	.db #0x78	; 120	'x'
      00013B 78                     360 	.db #0x78	; 120	'x'
      00013C 70                     361 	.db #0x70	; 112	'p'
      00013D 70                     362 	.db #0x70	; 112	'p'
      00013E 00                     363 	.db #0x00	; 0
      00013F 00                     364 	.db #0x00	; 0
      000140 00                     365 	.db #0x00	; 0
      000141 00                     366 	.db #0x00	; 0
      000142 6C                     367 	.db #0x6c	; 108	'l'
      000143 6C                     368 	.db #0x6c	; 108	'l'
      000144 6C                     369 	.db #0x6c	; 108	'l'
      000145 6C                     370 	.db #0x6c	; 108	'l'
      000146 78                     371 	.db #0x78	; 120	'x'
      000147 78                     372 	.db #0x78	; 120	'x'
      000148 78                     373 	.db #0x78	; 120	'x'
      000149 78                     374 	.db #0x78	; 120	'x'
      00014A 7C                     375 	.db #0x7c	; 124
      00014B 7C                     376 	.db #0x7c	; 124
      00014C 6C                     377 	.db #0x6c	; 108	'l'
      00014D 6C                     378 	.db #0x6c	; 108	'l'
      00014E 00                     379 	.db #0x00	; 0
      00014F 00                     380 	.db #0x00	; 0
      000150 00                     381 	.db #0x00	; 0
      000151 00                     382 	.db #0x00	; 0
      000152 60                     383 	.db #0x60	; 96
      000153 60                     384 	.db #0x60	; 96
      000154 60                     385 	.db #0x60	; 96
      000155 60                     386 	.db #0x60	; 96
      000156 60                     387 	.db #0x60	; 96
      000157 60                     388 	.db #0x60	; 96
      000158 60                     389 	.db #0x60	; 96
      000159 60                     390 	.db #0x60	; 96
      00015A 7E                     391 	.db #0x7e	; 126
      00015B 7E                     392 	.db #0x7e	; 126
      00015C 3C                     393 	.db #0x3c	; 60
      00015D 3C                     394 	.db #0x3c	; 60
      00015E 00                     395 	.db #0x00	; 0
      00015F 00                     396 	.db #0x00	; 0
      000160 00                     397 	.db #0x00	; 0
      000161 00                     398 	.db #0x00	; 0
      000162 66                     399 	.db #0x66	; 102	'f'
      000163 66                     400 	.db #0x66	; 102	'f'
      000164 7E                     401 	.db #0x7e	; 126
      000165 7E                     402 	.db #0x7e	; 126
      000166 7E                     403 	.db #0x7e	; 126
      000167 7E                     404 	.db #0x7e	; 126
      000168 66                     405 	.db #0x66	; 102	'f'
      000169 66                     406 	.db #0x66	; 102	'f'
      00016A 66                     407 	.db #0x66	; 102	'f'
      00016B 66                     408 	.db #0x66	; 102	'f'
      00016C 66                     409 	.db #0x66	; 102	'f'
      00016D 66                     410 	.db #0x66	; 102	'f'
      00016E 00                     411 	.db #0x00	; 0
      00016F 00                     412 	.db #0x00	; 0
      000170 00                     413 	.db #0x00	; 0
      000171 00                     414 	.db #0x00	; 0
      000172 7C                     415 	.db #0x7c	; 124
      000173 7C                     416 	.db #0x7c	; 124
      000174 7E                     417 	.db #0x7e	; 126
      000175 7E                     418 	.db #0x7e	; 126
      000176 66                     419 	.db #0x66	; 102	'f'
      000177 66                     420 	.db #0x66	; 102	'f'
      000178 66                     421 	.db #0x66	; 102	'f'
      000179 66                     422 	.db #0x66	; 102	'f'
      00017A 66                     423 	.db #0x66	; 102	'f'
      00017B 66                     424 	.db #0x66	; 102	'f'
      00017C 66                     425 	.db #0x66	; 102	'f'
      00017D 66                     426 	.db #0x66	; 102	'f'
      00017E 00                     427 	.db #0x00	; 0
      00017F 00                     428 	.db #0x00	; 0
      000180 00                     429 	.db #0x00	; 0
      000181 00                     430 	.db #0x00	; 0
      000182 3C                     431 	.db #0x3c	; 60
      000183 3C                     432 	.db #0x3c	; 60
      000184 7E                     433 	.db #0x7e	; 126
      000185 7E                     434 	.db #0x7e	; 126
      000186 66                     435 	.db #0x66	; 102	'f'
      000187 66                     436 	.db #0x66	; 102	'f'
      000188 66                     437 	.db #0x66	; 102	'f'
      000189 66                     438 	.db #0x66	; 102	'f'
      00018A 7E                     439 	.db #0x7e	; 126
      00018B 7E                     440 	.db #0x7e	; 126
      00018C 3C                     441 	.db #0x3c	; 60
      00018D 3C                     442 	.db #0x3c	; 60
      00018E 00                     443 	.db #0x00	; 0
      00018F 00                     444 	.db #0x00	; 0
      000190 00                     445 	.db #0x00	; 0
      000191 00                     446 	.db #0x00	; 0
      000192 3C                     447 	.db #0x3c	; 60
      000193 3C                     448 	.db #0x3c	; 60
      000194 7E                     449 	.db #0x7e	; 126
      000195 7E                     450 	.db #0x7e	; 126
      000196 66                     451 	.db #0x66	; 102	'f'
      000197 66                     452 	.db #0x66	; 102	'f'
      000198 7E                     453 	.db #0x7e	; 126
      000199 7E                     454 	.db #0x7e	; 126
      00019A 7C                     455 	.db #0x7c	; 124
      00019B 7C                     456 	.db #0x7c	; 124
      00019C 60                     457 	.db #0x60	; 96
      00019D 60                     458 	.db #0x60	; 96
      00019E 00                     459 	.db #0x00	; 0
      00019F 00                     460 	.db #0x00	; 0
      0001A0 00                     461 	.db #0x00	; 0
      0001A1 00                     462 	.db #0x00	; 0
      0001A2 3C                     463 	.db #0x3c	; 60
      0001A3 3C                     464 	.db #0x3c	; 60
      0001A4 7E                     465 	.db #0x7e	; 126
      0001A5 7E                     466 	.db #0x7e	; 126
      0001A6 66                     467 	.db #0x66	; 102	'f'
      0001A7 66                     468 	.db #0x66	; 102	'f'
      0001A8 6E                     469 	.db #0x6e	; 110	'n'
      0001A9 6E                     470 	.db #0x6e	; 110	'n'
      0001AA 7E                     471 	.db #0x7e	; 126
      0001AB 7E                     472 	.db #0x7e	; 126
      0001AC 3E                     473 	.db #0x3e	; 62
      0001AD 3E                     474 	.db #0x3e	; 62
      0001AE 00                     475 	.db #0x00	; 0
      0001AF 00                     476 	.db #0x00	; 0
      0001B0 00                     477 	.db #0x00	; 0
      0001B1 00                     478 	.db #0x00	; 0
      0001B2 3C                     479 	.db #0x3c	; 60
      0001B3 3C                     480 	.db #0x3c	; 60
      0001B4 7E                     481 	.db #0x7e	; 126
      0001B5 7E                     482 	.db #0x7e	; 126
      0001B6 66                     483 	.db #0x66	; 102	'f'
      0001B7 66                     484 	.db #0x66	; 102	'f'
      0001B8 7C                     485 	.db #0x7c	; 124
      0001B9 7C                     486 	.db #0x7c	; 124
      0001BA 7E                     487 	.db #0x7e	; 126
      0001BB 7E                     488 	.db #0x7e	; 126
      0001BC 66                     489 	.db #0x66	; 102	'f'
      0001BD 66                     490 	.db #0x66	; 102	'f'
      0001BE 00                     491 	.db #0x00	; 0
      0001BF 00                     492 	.db #0x00	; 0
      0001C0 00                     493 	.db #0x00	; 0
      0001C1 00                     494 	.db #0x00	; 0
      0001C2 3C                     495 	.db #0x3c	; 60
      0001C3 3C                     496 	.db #0x3c	; 60
      0001C4 70                     497 	.db #0x70	; 112	'p'
      0001C5 70                     498 	.db #0x70	; 112	'p'
      0001C6 3C                     499 	.db #0x3c	; 60
      0001C7 3C                     500 	.db #0x3c	; 60
      0001C8 1E                     501 	.db #0x1e	; 30
      0001C9 1E                     502 	.db #0x1e	; 30
      0001CA 7E                     503 	.db #0x7e	; 126
      0001CB 7E                     504 	.db #0x7e	; 126
      0001CC 3C                     505 	.db #0x3c	; 60
      0001CD 3C                     506 	.db #0x3c	; 60
      0001CE 00                     507 	.db #0x00	; 0
      0001CF 00                     508 	.db #0x00	; 0
      0001D0 00                     509 	.db #0x00	; 0
      0001D1 00                     510 	.db #0x00	; 0
      0001D2 3C                     511 	.db #0x3c	; 60
      0001D3 3C                     512 	.db #0x3c	; 60
      0001D4 7E                     513 	.db #0x7e	; 126
      0001D5 7E                     514 	.db #0x7e	; 126
      0001D6 18                     515 	.db #0x18	; 24
      0001D7 18                     516 	.db #0x18	; 24
      0001D8 18                     517 	.db #0x18	; 24
      0001D9 18                     518 	.db #0x18	; 24
      0001DA 18                     519 	.db #0x18	; 24
      0001DB 18                     520 	.db #0x18	; 24
      0001DC 18                     521 	.db #0x18	; 24
      0001DD 18                     522 	.db #0x18	; 24
      0001DE 00                     523 	.db #0x00	; 0
      0001DF 00                     524 	.db #0x00	; 0
      0001E0 00                     525 	.db #0x00	; 0
      0001E1 00                     526 	.db #0x00	; 0
      0001E2 66                     527 	.db #0x66	; 102	'f'
      0001E3 66                     528 	.db #0x66	; 102	'f'
      0001E4 66                     529 	.db #0x66	; 102	'f'
      0001E5 66                     530 	.db #0x66	; 102	'f'
      0001E6 66                     531 	.db #0x66	; 102	'f'
      0001E7 66                     532 	.db #0x66	; 102	'f'
      0001E8 66                     533 	.db #0x66	; 102	'f'
      0001E9 66                     534 	.db #0x66	; 102	'f'
      0001EA 7E                     535 	.db #0x7e	; 126
      0001EB 7E                     536 	.db #0x7e	; 126
      0001EC 3C                     537 	.db #0x3c	; 60
      0001ED 3C                     538 	.db #0x3c	; 60
      0001EE 00                     539 	.db #0x00	; 0
      0001EF 00                     540 	.db #0x00	; 0
      0001F0 00                     541 	.db #0x00	; 0
      0001F1 00                     542 	.db #0x00	; 0
      0001F2 6C                     543 	.db #0x6c	; 108	'l'
      0001F3 6C                     544 	.db #0x6c	; 108	'l'
      0001F4 6C                     545 	.db #0x6c	; 108	'l'
      0001F5 6C                     546 	.db #0x6c	; 108	'l'
      0001F6 6C                     547 	.db #0x6c	; 108	'l'
      0001F7 6C                     548 	.db #0x6c	; 108	'l'
      0001F8 7C                     549 	.db #0x7c	; 124
      0001F9 7C                     550 	.db #0x7c	; 124
      0001FA 38                     551 	.db #0x38	; 56	'8'
      0001FB 38                     552 	.db #0x38	; 56	'8'
      0001FC 38                     553 	.db #0x38	; 56	'8'
      0001FD 38                     554 	.db #0x38	; 56	'8'
      0001FE 00                     555 	.db #0x00	; 0
      0001FF 00                     556 	.db #0x00	; 0
      000200 00                     557 	.db #0x00	; 0
      000201 00                     558 	.db #0x00	; 0
      000202 66                     559 	.db #0x66	; 102	'f'
      000203 66                     560 	.db #0x66	; 102	'f'
      000204 66                     561 	.db #0x66	; 102	'f'
      000205 66                     562 	.db #0x66	; 102	'f'
      000206 66                     563 	.db #0x66	; 102	'f'
      000207 66                     564 	.db #0x66	; 102	'f'
      000208 7E                     565 	.db #0x7e	; 126
      000209 7E                     566 	.db #0x7e	; 126
      00020A 7E                     567 	.db #0x7e	; 126
      00020B 7E                     568 	.db #0x7e	; 126
      00020C 66                     569 	.db #0x66	; 102	'f'
      00020D 66                     570 	.db #0x66	; 102	'f'
      00020E 00                     571 	.db #0x00	; 0
      00020F 00                     572 	.db #0x00	; 0
      000210 00                     573 	.db #0x00	; 0
      000211 00                     574 	.db #0x00	; 0
      000212 66                     575 	.db #0x66	; 102	'f'
      000213 66                     576 	.db #0x66	; 102	'f'
      000214 7E                     577 	.db #0x7e	; 126
      000215 7E                     578 	.db #0x7e	; 126
      000216 3C                     579 	.db #0x3c	; 60
      000217 3C                     580 	.db #0x3c	; 60
      000218 3C                     581 	.db #0x3c	; 60
      000219 3C                     582 	.db #0x3c	; 60
      00021A 7E                     583 	.db #0x7e	; 126
      00021B 7E                     584 	.db #0x7e	; 126
      00021C 66                     585 	.db #0x66	; 102	'f'
      00021D 66                     586 	.db #0x66	; 102	'f'
      00021E 00                     587 	.db #0x00	; 0
      00021F 00                     588 	.db #0x00	; 0
      000220 00                     589 	.db #0x00	; 0
      000221 00                     590 	.db #0x00	; 0
      000222 66                     591 	.db #0x66	; 102	'f'
      000223 66                     592 	.db #0x66	; 102	'f'
      000224 66                     593 	.db #0x66	; 102	'f'
      000225 66                     594 	.db #0x66	; 102	'f'
      000226 7E                     595 	.db #0x7e	; 126
      000227 7E                     596 	.db #0x7e	; 126
      000228 3E                     597 	.db #0x3e	; 62
      000229 3E                     598 	.db #0x3e	; 62
      00022A 0E                     599 	.db #0x0e	; 14
      00022B 0E                     600 	.db #0x0e	; 14
      00022C 7C                     601 	.db #0x7c	; 124
      00022D 7C                     602 	.db #0x7c	; 124
      00022E 00                     603 	.db #0x00	; 0
      00022F 00                     604 	.db #0x00	; 0
      000230 00                     605 	.db #0x00	; 0
      000231 00                     606 	.db #0x00	; 0
      000232 7C                     607 	.db #0x7c	; 124
      000233 7C                     608 	.db #0x7c	; 124
      000234 0C                     609 	.db #0x0c	; 12
      000235 0C                     610 	.db #0x0c	; 12
      000236 18                     611 	.db #0x18	; 24
      000237 18                     612 	.db #0x18	; 24
      000238 30                     613 	.db #0x30	; 48	'0'
      000239 30                     614 	.db #0x30	; 48	'0'
      00023A 7E                     615 	.db #0x7e	; 126
      00023B 7E                     616 	.db #0x7e	; 126
      00023C 7E                     617 	.db #0x7e	; 126
      00023D 7E                     618 	.db #0x7e	; 126
      00023E 00                     619 	.db #0x00	; 0
      00023F 00                     620 	.db #0x00	; 0
      000240 00                     621 	.db #0x00	; 0
      000241 00                     622 	.db #0x00	; 0
      000242 00                     623 	.db #0x00	; 0
      000243 00                     624 	.db #0x00	; 0
      000244 00                     625 	.db #0x00	; 0
      000245 00                     626 	.db #0x00	; 0
      000246 00                     627 	.db #0x00	; 0
      000247 00                     628 	.db #0x00	; 0
      000248 00                     629 	.db #0x00	; 0
      000249 00                     630 	.db #0x00	; 0
      00024A 60                     631 	.db #0x60	; 96
      00024B 60                     632 	.db #0x60	; 96
      00024C 60                     633 	.db #0x60	; 96
      00024D 60                     634 	.db #0x60	; 96
      00024E 00                     635 	.db #0x00	; 0
      00024F 00                     636 	.db #0x00	; 0
      000250 00                     637 	.db #0x00	; 0
      000251 00                     638 	.db #0x00	; 0
      000252 00                     639 	.db #0x00	; 0
      000253 00                     640 	.db #0x00	; 0
      000254 00                     641 	.db #0x00	; 0
      000255 00                     642 	.db #0x00	; 0
      000256 00                     643 	.db #0x00	; 0
      000257 00                     644 	.db #0x00	; 0
      000258 60                     645 	.db #0x60	; 96
      000259 60                     646 	.db #0x60	; 96
      00025A 60                     647 	.db #0x60	; 96
      00025B 60                     648 	.db #0x60	; 96
      00025C 20                     649 	.db #0x20	; 32
      00025D 20                     650 	.db #0x20	; 32
      00025E 40                     651 	.db #0x40	; 64
      00025F 40                     652 	.db #0x40	; 64
      000260 7C                     653 	.db #0x7c	; 124
      000261 7C                     654 	.db #0x7c	; 124
      000262 FE                     655 	.db #0xfe	; 254
      000263 FE                     656 	.db #0xfe	; 254
      000264 FF                     657 	.db #0xff	; 255
      000265 FF                     658 	.db #0xff	; 255
      000266 67                     659 	.db #0x67	; 103	'g'
      000267 67                     660 	.db #0x67	; 103	'g'
      000268 0E                     661 	.db #0x0e	; 14
      000269 0E                     662 	.db #0x0e	; 14
      00026A 1C                     663 	.db #0x1c	; 28
      00026B 1C                     664 	.db #0x1c	; 28
      00026C 00                     665 	.db #0x00	; 0
      00026D 00                     666 	.db #0x00	; 0
      00026E 18                     667 	.db #0x18	; 24
      00026F 18                     668 	.db #0x18	; 24
      000270 00                     669 	.db #0x00	; 0
      000271 00                     670 	.db #0x00	; 0
      000272 06                     671 	.db #0x06	; 6
      000273 06                     672 	.db #0x06	; 6
      000274 0E                     673 	.db #0x0e	; 14
      000275 0E                     674 	.db #0x0e	; 14
      000276 1C                     675 	.db #0x1c	; 28
      000277 1C                     676 	.db #0x1c	; 28
      000278 38                     677 	.db #0x38	; 56	'8'
      000279 38                     678 	.db #0x38	; 56	'8'
      00027A 70                     679 	.db #0x70	; 112	'p'
      00027B 70                     680 	.db #0x70	; 112	'p'
      00027C 60                     681 	.db #0x60	; 96
      00027D 60                     682 	.db #0x60	; 96
      00027E 00                     683 	.db #0x00	; 0
      00027F 00                     684 	.db #0x00	; 0
      000280 18                     685 	.db #0x18	; 24
      000281 18                     686 	.db #0x18	; 24
      000282 3C                     687 	.db #0x3c	; 60
      000283 3C                     688 	.db #0x3c	; 60
      000284 3C                     689 	.db #0x3c	; 60
      000285 3C                     690 	.db #0x3c	; 60
      000286 18                     691 	.db #0x18	; 24
      000287 18                     692 	.db #0x18	; 24
      000288 18                     693 	.db #0x18	; 24
      000289 18                     694 	.db #0x18	; 24
      00028A 00                     695 	.db #0x00	; 0
      00028B 00                     696 	.db #0x00	; 0
      00028C 18                     697 	.db #0x18	; 24
      00028D 18                     698 	.db #0x18	; 24
      00028E 00                     699 	.db #0x00	; 0
      00028F 00                     700 	.db #0x00	; 0
      000290 00                     701 	.db #0x00	; 0
      000291 00                     702 	.db #0x00	; 0
      000292 66                     703 	.db #0x66	; 102	'f'
      000293 66                     704 	.db #0x66	; 102	'f'
      000294 66                     705 	.db #0x66	; 102	'f'
      000295 66                     706 	.db #0x66	; 102	'f'
      000296 66                     707 	.db #0x66	; 102	'f'
      000297 66                     708 	.db #0x66	; 102	'f'
      000298 22                     709 	.db #0x22	; 34
      000299 22                     710 	.db #0x22	; 34
      00029A 44                     711 	.db #0x44	; 68	'D'
      00029B 44                     712 	.db #0x44	; 68	'D'
      00029C 00                     713 	.db #0x00	; 0
      00029D 00                     714 	.db #0x00	; 0
      00029E 00                     715 	.db #0x00	; 0
      00029F 00                     716 	.db #0x00	; 0
      0002A0 00                     717 	.db #0x00	; 0
      0002A1 00                     718 	.db #0x00	; 0
      0002A2 18                     719 	.db #0x18	; 24
      0002A3 18                     720 	.db #0x18	; 24
      0002A4 18                     721 	.db #0x18	; 24
      0002A5 18                     722 	.db #0x18	; 24
      0002A6 18                     723 	.db #0x18	; 24
      0002A7 18                     724 	.db #0x18	; 24
      0002A8 08                     725 	.db #0x08	; 8
      0002A9 08                     726 	.db #0x08	; 8
      0002AA 10                     727 	.db #0x10	; 16
      0002AB 10                     728 	.db #0x10	; 16
      0002AC 00                     729 	.db #0x00	; 0
      0002AD 00                     730 	.db #0x00	; 0
      0002AE 00                     731 	.db #0x00	; 0
      0002AF 00                     732 	.db #0x00	; 0
      0002B0 00                     733 	.db #0x00	; 0
      0002B1 00                     734 	.db #0x00	; 0
      0002B2 18                     735 	.db #0x18	; 24
      0002B3 18                     736 	.db #0x18	; 24
      0002B4 18                     737 	.db #0x18	; 24
      0002B5 18                     738 	.db #0x18	; 24
      0002B6 00                     739 	.db #0x00	; 0
      0002B7 00                     740 	.db #0x00	; 0
      0002B8 00                     741 	.db #0x00	; 0
      0002B9 00                     742 	.db #0x00	; 0
      0002BA 18                     743 	.db #0x18	; 24
      0002BB 18                     744 	.db #0x18	; 24
      0002BC 18                     745 	.db #0x18	; 24
      0002BD 18                     746 	.db #0x18	; 24
      0002BE 00                     747 	.db #0x00	; 0
      0002BF 00                     748 	.db #0x00	; 0
      0002C0 00                     749 	.db #0x00	; 0
      0002C1 00                     750 	.db #0x00	; 0
      0002C2 00                     751 	.db #0x00	; 0
      0002C3 00                     752 	.db #0x00	; 0
      0002C4 00                     753 	.db #0x00	; 0
      0002C5 00                     754 	.db #0x00	; 0
      0002C6 00                     755 	.db #0x00	; 0
      0002C7 00                     756 	.db #0x00	; 0
      0002C8 00                     757 	.db #0x00	; 0
      0002C9 00                     758 	.db #0x00	; 0
      0002CA 00                     759 	.db #0x00	; 0
      0002CB 00                     760 	.db #0x00	; 0
      0002CC 00                     761 	.db #0x00	; 0
      0002CD 00                     762 	.db #0x00	; 0
      0002CE 00                     763 	.db #0x00	; 0
      0002CF 00                     764 	.db #0x00	; 0
      0002D0 00                     765 	.db #0x00	; 0
      0002D1 00                     766 	.db #0x00	; 0
      0002D2 00                     767 	.db #0x00	; 0
      0002D3 00                     768 	.db #0x00	; 0
      0002D4 00                     769 	.db #0x00	; 0
      0002D5 00                     770 	.db #0x00	; 0
      0002D6 00                     771 	.db #0x00	; 0
      0002D7 00                     772 	.db #0x00	; 0
      0002D8 00                     773 	.db #0x00	; 0
      0002D9 00                     774 	.db #0x00	; 0
      0002DA 00                     775 	.db #0x00	; 0
      0002DB 00                     776 	.db #0x00	; 0
      0002DC 00                     777 	.db #0x00	; 0
      0002DD 00                     778 	.db #0x00	; 0
      0002DE 00                     779 	.db #0x00	; 0
      0002DF 00                     780 	.db #0x00	; 0
      0002E0 00                     781 	.db #0x00	; 0
      0002E1 00                     782 	.db #0x00	; 0
      0002E2 00                     783 	.db #0x00	; 0
      0002E3 00                     784 	.db #0x00	; 0
      0002E4 00                     785 	.db #0x00	; 0
      0002E5 00                     786 	.db #0x00	; 0
      0002E6 00                     787 	.db #0x00	; 0
      0002E7 00                     788 	.db #0x00	; 0
      0002E8 00                     789 	.db #0x00	; 0
      0002E9 00                     790 	.db #0x00	; 0
      0002EA 00                     791 	.db #0x00	; 0
      0002EB 00                     792 	.db #0x00	; 0
      0002EC 00                     793 	.db #0x00	; 0
      0002ED 00                     794 	.db #0x00	; 0
      0002EE 00                     795 	.db #0x00	; 0
      0002EF 00                     796 	.db #0x00	; 0
                                    797 	.area _INITIALIZER
                                    798 	.area _CABS (ABS)
