                                      1 ;--------------------------------------------------------
                                      2 ; File Created by SDCC : free open source ANSI-C Compiler
                                      3 ; Version 4.1.6 #12539 (MINGW32)
                                      4 ;--------------------------------------------------------
                                      5 	.module templateFaceMicrogame
                                      6 	.optsdcc -mgbz80
                                      7 	
                                      8 ;--------------------------------------------------------
                                      9 ; Public variables in this module
                                     10 ;--------------------------------------------------------
                                     11 	.globl b_whackMolesMicrogameMain
                                     12 	.globl _whackMolesMicrogameMain
                                     13 	.globl b_whackMolesLoop
                                     14 	.globl _whackMolesLoop
                                     15 	.globl b_WhackMolesUpdateSprite
                                     16 	.globl _WhackMolesUpdateSprite
                                     17 	.globl b_whackMolesinitialize
                                     18 	.globl _whackMolesinitialize
                                     19 	.globl _playSong
                                     20 	.globl _fadein
                                     21 	.globl _set_sprite_data
                                     22 	.globl _set_bkg_submap
                                     23 	.globl _set_bkg_data
                                     24 	.globl _joypad
                                     25 	.globl _numberOfMoles
                                     26 	.globl _teaaaStoredSpriteX
                                     27 	.globl _teaaaSpriteMemory
                                     28 	.globl _teaaaFrameIndex
                                     29 	.globl _teaaaStoredFrame
                                     30 	.globl _teaaaSprite3X
                                     31 	.globl _teaaaSprite2X
                                     32 	.globl _teaaaSprite1X
                                     33 	.globl _teaaaSpriteY
                                     34 	.globl _teaaaAnimationSpeed
                                     35 	.globl _teaaaAnimationState
                                     36 	.globl _teaaaflipSprite
                                     37 	.globl _teaaaPlayableSpriteY
                                     38 	.globl _teaaaPlayableSpriteX
                                     39 ;--------------------------------------------------------
                                     40 ; special function registers
                                     41 ;--------------------------------------------------------
                                     42 ;--------------------------------------------------------
                                     43 ; ram data
                                     44 ;--------------------------------------------------------
                                     45 	.area _DATA
      000000                         46 _teaaaPlayableSpriteX::
      000000                         47 	.ds 1
      000001                         48 _teaaaPlayableSpriteY::
      000001                         49 	.ds 1
      000002                         50 _teaaaflipSprite::
      000002                         51 	.ds 1
      000003                         52 _teaaaAnimationState::
      000003                         53 	.ds 1
      000004                         54 _teaaaAnimationSpeed::
      000004                         55 	.ds 1
      000005                         56 _teaaaSpriteY::
      000005                         57 	.ds 1
      000006                         58 _teaaaSprite1X::
      000006                         59 	.ds 1
      000007                         60 _teaaaSprite2X::
      000007                         61 	.ds 1
      000008                         62 _teaaaSprite3X::
      000008                         63 	.ds 1
      000009                         64 _teaaaStoredFrame::
      000009                         65 	.ds 1
      00000A                         66 _teaaaFrameIndex::
      00000A                         67 	.ds 1
      00000B                         68 _teaaaSpriteMemory::
      00000B                         69 	.ds 1
      00000C                         70 _teaaaStoredSpriteX::
      00000C                         71 	.ds 1
      00000D                         72 _numberOfMoles::
      00000D                         73 	.ds 1
                                     74 ;--------------------------------------------------------
                                     75 ; ram data
                                     76 ;--------------------------------------------------------
                                     77 	.area _INITIALIZED
                                     78 ;--------------------------------------------------------
                                     79 ; absolute external ram data
                                     80 ;--------------------------------------------------------
                                     81 	.area _DABS (ABS)
                                     82 ;--------------------------------------------------------
                                     83 ; global & static initialisations
                                     84 ;--------------------------------------------------------
                                     85 	.area _HOME
                                     86 	.area _GSINIT
                                     87 	.area _GSFINAL
                                     88 	.area _GSINIT
                                     89 ;--------------------------------------------------------
                                     90 ; Home
                                     91 ;--------------------------------------------------------
                                     92 	.area _HOME
                                     93 	.area _HOME
                                     94 ;--------------------------------------------------------
                                     95 ; code
                                     96 ;--------------------------------------------------------
                                     97 	.area _CODE_8
                                     98 ;teaaaaaaaa/states/templateFaceMicrogame.c:58: void whackMolesinitialize() BANKED
                                     99 ;	---------------------------------
                                    100 ; Function whackMolesinitialize
                                    101 ; ---------------------------------
                           000008   102 	b_whackMolesinitialize	= 8
      000000                        103 _whackMolesinitialize::
                                    104 ;teaaaaaaaa/states/templateFaceMicrogame.c:60: set_bkg_data(48,21,WMBGgraphics);
      000000 11r00r00               105 	ld	de, #_WMBGgraphics
      000003 D5                     106 	push	de
      000004 21 30 15               107 	ld	hl, #0x1530
      000007 E5                     108 	push	hl
      000008 CDr00r00               109 	call	_set_bkg_data
      00000B E8 04                  110 	add	sp, #4
                                    111 ;teaaaaaaaa/states/templateFaceMicrogame.c:61: set_bkg_submap(0,0,20,18,whackMolesBG,20);
      00000D 3E 14                  112 	ld	a, #0x14
      00000F F5                     113 	push	af
      000010 33                     114 	inc	sp
      000011 11r00r00               115 	ld	de, #_whackMolesBGPLN0
      000014 D5                     116 	push	de
      000015 21 14 12               117 	ld	hl, #0x1214
      000018 E5                     118 	push	hl
      000019 AF                     119 	xor	a, a
      00001A 0F                     120 	rrca
      00001B F5                     121 	push	af
      00001C CDr00r00               122 	call	_set_bkg_submap
      00001F E8 07                  123 	add	sp, #7
                                    124 ;teaaaaaaaa/states/templateFaceMicrogame.c:62: numberOfMoles = 3;
      000021 21r0Dr00               125 	ld	hl, #_numberOfMoles
      000024 36 03                  126 	ld	(hl), #0x03
                                    127 ;teaaaaaaaa/states/templateFaceMicrogame.c:63: teaaaSpriteY = 88;
      000026 21r05r00               128 	ld	hl, #_teaaaSpriteY
      000029 36 58                  129 	ld	(hl), #0x58
                                    130 ;teaaaaaaaa/states/templateFaceMicrogame.c:64: WMMoleFrameData[0] = 0;
      00002B 21r00r00               131 	ld	hl, #_WMMoleFrameData
      00002E 36 00                  132 	ld	(hl), #0x00
                                    133 ;teaaaaaaaa/states/templateFaceMicrogame.c:65: WMMoleFrameData[1] = 0;
      000030 21r01r00               134 	ld	hl, #(_WMMoleFrameData + 1)
      000033 36 00                  135 	ld	(hl), #0x00
                                    136 ;teaaaaaaaa/states/templateFaceMicrogame.c:66: WMMoleFrameData[2] = 0;
      000035 21r02r00               137 	ld	hl, #(_WMMoleFrameData + 2)
      000038 36 00                  138 	ld	(hl), #0x00
                                    139 ;teaaaaaaaa/states/templateFaceMicrogame.c:67: WMMoleFrameData[3] = 0;
      00003A 21r03r00               140 	ld	hl, #(_WMMoleFrameData + 3)
      00003D 36 00                  141 	ld	(hl), #0x00
                                    142 ;teaaaaaaaa/states/templateFaceMicrogame.c:68: teaaaSprite1X = 20;
      00003F 21r06r00               143 	ld	hl, #_teaaaSprite1X
      000042 36 14                  144 	ld	(hl), #0x14
                                    145 ;teaaaaaaaa/states/templateFaceMicrogame.c:69: teaaaSprite2X = 80;
      000044 21r07r00               146 	ld	hl, #_teaaaSprite2X
      000047 36 50                  147 	ld	(hl), #0x50
                                    148 ;teaaaaaaaa/states/templateFaceMicrogame.c:70: teaaaSprite3X = 140;
      000049 21r08r00               149 	ld	hl, #_teaaaSprite3X
      00004C 36 8C                  150 	ld	(hl), #0x8c
                                    151 ;teaaaaaaaa/states/templateFaceMicrogame.c:71: teaaaAnimationSpeed = 6;
      00004E 21r04r00               152 	ld	hl, #_teaaaAnimationSpeed
      000051 36 06                  153 	ld	(hl), #0x06
                                    154 ;teaaaaaaaa/states/templateFaceMicrogame.c:72: animFrame = 0;
      000053 21r00r00               155 	ld	hl, #_animFrame
      000056 36 00                  156 	ld	(hl), #0x00
                                    157 ;teaaaaaaaa/states/templateFaceMicrogame.c:73: animTick = 6;
      000058 21r00r00               158 	ld	hl, #_animTick
      00005B 36 06                  159 	ld	(hl), #0x06
                                    160 ;teaaaaaaaa/states/templateFaceMicrogame.c:74: teaaaPlayableSpriteY = 104;
      00005D 21r01r00               161 	ld	hl, #_teaaaPlayableSpriteY
      000060 36 68                  162 	ld	(hl), #0x68
                                    163 ;teaaaaaaaa/states/templateFaceMicrogame.c:75: teaaaPlayableSpriteX = 70;
      000062 21r00r00               164 	ld	hl, #_teaaaPlayableSpriteX
      000065 36 46                  165 	ld	(hl), #0x46
                                    166 ;teaaaaaaaa/states/templateFaceMicrogame.c:76: teaaaAnimationState = 0;
      000067 21r03r00               167 	ld	hl, #_teaaaAnimationState
      00006A 36 00                  168 	ld	(hl), #0x00
                                    169 ;teaaaaaaaa/states/templateFaceMicrogame.c:77: fadein();
      00006C CDr00r00               170 	call	_fadein
                                    171 ;teaaaaaaaa/states/templateFaceMicrogame.c:78: playSong(&whackMolesMusic);
      00006F 11r00r00               172 	ld	de, #_whackMolesMusic
      000072 D5                     173 	push	de
      000073 CDr00r00               174 	call	_playSong
      000076 E1                     175 	pop	hl
                                    176 ;teaaaaaaaa/states/templateFaceMicrogame.c:79: set_sprite_data(0,39,WMSpriteGraphics);
      000077 11r00r00               177 	ld	de, #_WMSpriteGraphics
      00007A D5                     178 	push	de
      00007B 21 00 27               179 	ld	hl, #0x2700
      00007E E5                     180 	push	hl
      00007F CDr00r00               181 	call	_set_sprite_data
      000082 E8 04                  182 	add	sp, #4
                                    183 ;teaaaaaaaa/states/templateFaceMicrogame.c:80: substate = SUB_LOOP;
      000084 21r00r00               184 	ld	hl, #_substate
      000087 36 01                  185 	ld	(hl), #0x01
                                    186 ;teaaaaaaaa/states/templateFaceMicrogame.c:81: }
      000089 C9                     187 	ret
                                    188 ;teaaaaaaaa/states/templateFaceMicrogame.c:83: void WhackMolesUpdateSprite() BANKED
                                    189 ;	---------------------------------
                                    190 ; Function WhackMolesUpdateSprite
                                    191 ; ---------------------------------
                           000008   192 	b_WhackMolesUpdateSprite	= 8
      00008A                        193 _WhackMolesUpdateSprite::
      00008A E8 FB                  194 	add	sp, #-5
                                    195 ;teaaaaaaaa/states/templateFaceMicrogame.c:85: if (teaaaStoredSpriteX > teaaaPlayableSpriteX - 16 & teaaaStoredSpriteX < teaaaPlayableSpriteX + 20)
      00008C 21r00r00               196 	ld	hl, #_teaaaPlayableSpriteX
      00008F 4E                     197 	ld	c, (hl)
      000090 06 00                  198 	ld	b, #0x00
      000092 11 10 00               199 	ld	de, #0x0010
      000095 79                     200 	ld	a, c
      000096 93                     201 	sub	a, e
      000097 5F                     202 	ld	e, a
      000098 78                     203 	ld	a, b
      000099 9A                     204 	sbc	a, d
      00009A F8 01                  205 	ldhl	sp,	#1
      00009C 32                     206 	ld	(hl-), a
      00009D 73                     207 	ld	(hl), e
      00009E FAr0Cr00               208 	ld	a, (#_teaaaStoredSpriteX)
      0000A1 F8 02                  209 	ldhl	sp,	#2
      0000A3 22                     210 	ld	(hl+), a
      0000A4 36 00                  211 	ld	(hl), #0x00
      0000A6 F8 00                  212 	ldhl	sp,	#0
      0000A8 5D                     213 	ld	e, l
      0000A9 54                     214 	ld	d, h
      0000AA F8 02                  215 	ldhl	sp,	#2
      0000AC 1A                     216 	ld	a, (de)
      0000AD 13                     217 	inc	de
      0000AE 96                     218 	sub	a, (hl)
      0000AF 23                     219 	inc	hl
      0000B0 1A                     220 	ld	a, (de)
      0000B1 9E                     221 	sbc	a, (hl)
      0000B2 1A                     222 	ld	a, (de)
      0000B3 57                     223 	ld	d, a
      0000B4 CB 7E                  224 	bit	7, (hl)
      0000B6 28 07                  225 	jr	Z, 00135$
      0000B8 CB 7A                  226 	bit	7, d
      0000BA 20 08                  227 	jr	NZ, 00136$
      0000BC BF                     228 	cp	a, a
      0000BD 18 05                  229 	jr	00136$
      0000BF                        230 00135$:
      0000BF CB 7A                  231 	bit	7, d
      0000C1 28 01                  232 	jr	Z, 00136$
      0000C3 37                     233 	scf
      0000C4                        234 00136$:
      0000C4 3E 00                  235 	ld	a, #0x00
      0000C6 17                     236 	rla
      0000C7 F8 04                  237 	ldhl	sp,	#4
      0000C9 77                     238 	ld	(hl), a
      0000CA 21 14 00               239 	ld	hl, #0x0014
      0000CD 09                     240 	add	hl, bc
      0000CE 4D                     241 	ld	c, l
      0000CF 44                     242 	ld	b, h
      0000D0 F8 02                  243 	ldhl	sp,	#2
      0000D2 2A                     244 	ld	a, (hl+)
      0000D3 91                     245 	sub	a, c
      0000D4 7E                     246 	ld	a, (hl)
      0000D5 98                     247 	sbc	a, b
      0000D6 56                     248 	ld	d, (hl)
      0000D7 78                     249 	ld	a, b
      0000D8 CB 7F                  250 	bit	7,a
      0000DA 28 07                  251 	jr	Z, 00137$
      0000DC CB 7A                  252 	bit	7, d
      0000DE 20 08                  253 	jr	NZ, 00138$
      0000E0 BF                     254 	cp	a, a
      0000E1 18 05                  255 	jr	00138$
      0000E3                        256 00137$:
      0000E3 CB 7A                  257 	bit	7, d
      0000E5 28 01                  258 	jr	Z, 00138$
      0000E7 37                     259 	scf
      0000E8                        260 00138$:
      0000E8 3E 00                  261 	ld	a, #0x00
      0000EA 17                     262 	rla
      0000EB F8 04                  263 	ldhl	sp,	#4
      0000ED A6                     264 	and	a,(hl)
      0000EE 28 2F                  265 	jr	Z, 00104$
                                    266 ;teaaaaaaaa/states/templateFaceMicrogame.c:87: if (animFrame == 36 & teaaaStoredFrame == 0)
      0000F0 FAr00r00               267 	ld	a, (#_animFrame)
      0000F3 D6 24                  268 	sub	a, #0x24
      0000F5 3E 01                  269 	ld	a, #0x01
      0000F7 28 01                  270 	jr	Z, 00140$
      0000F9 AF                     271 	xor	a, a
      0000FA                        272 00140$:
      0000FA 4F                     273 	ld	c, a
      0000FB FAr09r00               274 	ld	a, (#_teaaaStoredFrame)
      0000FE B7                     275 	or	a, a
      0000FF 3E 01                  276 	ld	a, #0x01
      000101 28 01                  277 	jr	Z, 00142$
      000103 AF                     278 	xor	a, a
      000104                        279 00142$:
      000104 A1                     280 	and	a,c
      000105 28 18                  281 	jr	Z, 00104$
                                    282 ;teaaaaaaaa/states/templateFaceMicrogame.c:89: teaaaStoredFrame = 6;
      000107 21r09r00               283 	ld	hl, #_teaaaStoredFrame
      00010A 36 06                  284 	ld	(hl), #0x06
                                    285 ;teaaaaaaaa/states/templateFaceMicrogame.c:90: WMMoleFrameData[teaaaFrameIndex] = 6;
      00010C 01r00r00               286 	ld	bc, #_WMMoleFrameData+0
      00010F 79                     287 	ld	a, c
      000110 21r0Ar00               288 	ld	hl, #_teaaaFrameIndex
      000113 86                     289 	add	a, (hl)
      000114 4F                     290 	ld	c, a
      000115 30 01                  291 	jr	NC, 00143$
      000117 04                     292 	inc	b
      000118                        293 00143$:
      000118 3E 06                  294 	ld	a, #0x06
      00011A 02                     295 	ld	(bc), a
                                    296 ;teaaaaaaaa/states/templateFaceMicrogame.c:91: numberOfMoles --;
      00011B 21r0Dr00               297 	ld	hl, #_numberOfMoles
      00011E 35                     298 	dec	(hl)
      00011F                        299 00104$:
                                    300 ;teaaaaaaaa/states/templateFaceMicrogame.c:94: set_sprite_prop(teaaaSpriteMemory,0);
      00011F 21r0Br00               301 	ld	hl, #_teaaaSpriteMemory
                                    302 ;C:/gbdk/include/gb/gb.h:1493: shadow_OAM[nb].prop=prop;
      000122 6E                     303 	ld	l, (hl)
      000123 01r00r00               304 	ld	bc, #_shadow_OAM+0
                                    305 ;	spillPairReg hl
                                    306 ;	spillPairReg hl
      000126 26 00                  307 	ld	h, #0x00
                                    308 ;	spillPairReg hl
                                    309 ;	spillPairReg hl
      000128 29                     310 	add	hl, hl
      000129 29                     311 	add	hl, hl
      00012A 09                     312 	add	hl, bc
      00012B 23                     313 	inc	hl
      00012C 23                     314 	inc	hl
      00012D 23                     315 	inc	hl
      00012E 36 00                  316 	ld	(hl), #0x00
                                    317 ;teaaaaaaaa/states/templateFaceMicrogame.c:95: set_sprite_prop(teaaaSpriteMemory + 1,0);
      000130 21r0Br00               318 	ld	hl, #_teaaaSpriteMemory
      000133 5E                     319 	ld	e, (hl)
      000134 1C                     320 	inc	e
                                    321 ;C:/gbdk/include/gb/gb.h:1493: shadow_OAM[nb].prop=prop;
      000135 01r00r00               322 	ld	bc, #_shadow_OAM+0
      000138 6B                     323 	ld	l, e
                                    324 ;	spillPairReg hl
                                    325 ;	spillPairReg hl
      000139 26 00                  326 	ld	h, #0x00
                                    327 ;	spillPairReg hl
                                    328 ;	spillPairReg hl
      00013B 29                     329 	add	hl, hl
      00013C 29                     330 	add	hl, hl
      00013D 09                     331 	add	hl, bc
      00013E 23                     332 	inc	hl
      00013F 23                     333 	inc	hl
      000140 23                     334 	inc	hl
      000141 36 00                  335 	ld	(hl), #0x00
                                    336 ;teaaaaaaaa/states/templateFaceMicrogame.c:96: set_sprite_prop(teaaaSpriteMemory + 2,0);
      000143 21r0Br00               337 	ld	hl, #_teaaaSpriteMemory
      000146 5E                     338 	ld	e, (hl)
      000147 1C                     339 	inc	e
      000148 1C                     340 	inc	e
                                    341 ;C:/gbdk/include/gb/gb.h:1493: shadow_OAM[nb].prop=prop;
      000149 01r00r00               342 	ld	bc, #_shadow_OAM+0
      00014C 6B                     343 	ld	l, e
                                    344 ;	spillPairReg hl
                                    345 ;	spillPairReg hl
      00014D 26 00                  346 	ld	h, #0x00
                                    347 ;	spillPairReg hl
                                    348 ;	spillPairReg hl
      00014F 29                     349 	add	hl, hl
      000150 29                     350 	add	hl, hl
      000151 09                     351 	add	hl, bc
      000152 23                     352 	inc	hl
      000153 23                     353 	inc	hl
      000154 23                     354 	inc	hl
      000155 36 00                  355 	ld	(hl), #0x00
                                    356 ;teaaaaaaaa/states/templateFaceMicrogame.c:97: set_sprite_prop(teaaaSpriteMemory + 3,0);
      000157 FAr0Br00               357 	ld	a, (#_teaaaSpriteMemory)
      00015A C6 03                  358 	add	a, #0x03
                                    359 ;C:/gbdk/include/gb/gb.h:1493: shadow_OAM[nb].prop=prop;
      00015C 6F                     360 	ld	l, a
      00015D 01r00r00               361 	ld	bc, #_shadow_OAM+0
                                    362 ;	spillPairReg hl
                                    363 ;	spillPairReg hl
      000160 26 00                  364 	ld	h, #0x00
                                    365 ;	spillPairReg hl
                                    366 ;	spillPairReg hl
      000162 29                     367 	add	hl, hl
      000163 29                     368 	add	hl, hl
      000164 09                     369 	add	hl, bc
      000165 23                     370 	inc	hl
      000166 23                     371 	inc	hl
      000167 23                     372 	inc	hl
      000168 36 00                  373 	ld	(hl), #0x00
                                    374 ;teaaaaaaaa/states/templateFaceMicrogame.c:98: set_sprite_prop(teaaaSpriteMemory + 4,0);
      00016A FAr0Br00               375 	ld	a, (#_teaaaSpriteMemory)
      00016D C6 04                  376 	add	a, #0x04
                                    377 ;C:/gbdk/include/gb/gb.h:1493: shadow_OAM[nb].prop=prop;
      00016F 6F                     378 	ld	l, a
      000170 01r00r00               379 	ld	bc, #_shadow_OAM+0
                                    380 ;	spillPairReg hl
                                    381 ;	spillPairReg hl
      000173 26 00                  382 	ld	h, #0x00
                                    383 ;	spillPairReg hl
                                    384 ;	spillPairReg hl
      000175 29                     385 	add	hl, hl
      000176 29                     386 	add	hl, hl
      000177 09                     387 	add	hl, bc
      000178 23                     388 	inc	hl
      000179 23                     389 	inc	hl
      00017A 23                     390 	inc	hl
      00017B 36 00                  391 	ld	(hl), #0x00
                                    392 ;teaaaaaaaa/states/templateFaceMicrogame.c:99: set_sprite_prop(teaaaSpriteMemory + 5,0);
      00017D FAr0Br00               393 	ld	a, (#_teaaaSpriteMemory)
      000180 C6 05                  394 	add	a, #0x05
                                    395 ;C:/gbdk/include/gb/gb.h:1493: shadow_OAM[nb].prop=prop;
      000182 6F                     396 	ld	l, a
      000183 01r00r00               397 	ld	bc, #_shadow_OAM+0
                                    398 ;	spillPairReg hl
                                    399 ;	spillPairReg hl
      000186 26 00                  400 	ld	h, #0x00
                                    401 ;	spillPairReg hl
                                    402 ;	spillPairReg hl
      000188 29                     403 	add	hl, hl
      000189 29                     404 	add	hl, hl
      00018A 09                     405 	add	hl, bc
      00018B 23                     406 	inc	hl
      00018C 23                     407 	inc	hl
      00018D 23                     408 	inc	hl
      00018E 36 00                  409 	ld	(hl), #0x00
                                    410 ;teaaaaaaaa/states/templateFaceMicrogame.c:100: set_sprite_tile(teaaaSpriteMemory,WMMoleTileData[teaaaStoredFrame]);
      000190 3Er00                  411 	ld	a, #<(_WMMoleTileData)
      000192 21r09r00               412 	ld	hl, #_teaaaStoredFrame
      000195 86                     413 	add	a, (hl)
      000196 4F                     414 	ld	c, a
      000197 3Es00                  415 	ld	a, #>(_WMMoleTileData)
      000199 CE 00                  416 	adc	a, #0x00
      00019B 47                     417 	ld	b, a
      00019C 0A                     418 	ld	a, (bc)
      00019D 4F                     419 	ld	c, a
      00019E 21r0Br00               420 	ld	hl, #_teaaaSpriteMemory
                                    421 ;C:/gbdk/include/gb/gb.h:1447: shadow_OAM[nb].tile=tile;
      0001A1 6E                     422 	ld	l, (hl)
      0001A2 11r00r00               423 	ld	de, #_shadow_OAM+0
                                    424 ;	spillPairReg hl
                                    425 ;	spillPairReg hl
      0001A5 26 00                  426 	ld	h, #0x00
                                    427 ;	spillPairReg hl
                                    428 ;	spillPairReg hl
      0001A7 29                     429 	add	hl, hl
      0001A8 29                     430 	add	hl, hl
      0001A9 19                     431 	add	hl, de
      0001AA 23                     432 	inc	hl
      0001AB 23                     433 	inc	hl
      0001AC 71                     434 	ld	(hl), c
                                    435 ;teaaaaaaaa/states/templateFaceMicrogame.c:101: set_sprite_tile(teaaaSpriteMemory + 1,WMMoleTileData[teaaaStoredFrame + 1]);
      0001AD 21r09r00               436 	ld	hl, #_teaaaStoredFrame
      0001B0 4E                     437 	ld	c, (hl)
      0001B1 06 00                  438 	ld	b, #0x00
      0001B3 03                     439 	inc	bc
      0001B4 21r00r00               440 	ld	hl, #_WMMoleTileData
      0001B7 09                     441 	add	hl, bc
      0001B8 4E                     442 	ld	c, (hl)
      0001B9 21r0Br00               443 	ld	hl, #_teaaaSpriteMemory
      0001BC 5E                     444 	ld	e, (hl)
      0001BD 1C                     445 	inc	e
                                    446 ;C:/gbdk/include/gb/gb.h:1447: shadow_OAM[nb].tile=tile;
      0001BE 6B                     447 	ld	l, e
                                    448 ;	spillPairReg hl
                                    449 ;	spillPairReg hl
      0001BF 26 00                  450 	ld	h, #0x00
                                    451 ;	spillPairReg hl
                                    452 ;	spillPairReg hl
      0001C1 29                     453 	add	hl, hl
      0001C2 29                     454 	add	hl, hl
      0001C3 11r00r00               455 	ld	de, #_shadow_OAM
      0001C6 19                     456 	add	hl, de
      0001C7 23                     457 	inc	hl
      0001C8 23                     458 	inc	hl
      0001C9 71                     459 	ld	(hl), c
                                    460 ;teaaaaaaaa/states/templateFaceMicrogame.c:102: set_sprite_tile(teaaaSpriteMemory + 2,WMMoleTileData[teaaaStoredFrame + 2]);
      0001CA 21r09r00               461 	ld	hl, #_teaaaStoredFrame
      0001CD 4E                     462 	ld	c, (hl)
      0001CE 06 00                  463 	ld	b, #0x00
      0001D0 03                     464 	inc	bc
      0001D1 03                     465 	inc	bc
      0001D2 21r00r00               466 	ld	hl, #_WMMoleTileData
      0001D5 09                     467 	add	hl, bc
      0001D6 4E                     468 	ld	c, (hl)
      0001D7 21r0Br00               469 	ld	hl, #_teaaaSpriteMemory
      0001DA 5E                     470 	ld	e, (hl)
      0001DB 1C                     471 	inc	e
      0001DC 1C                     472 	inc	e
                                    473 ;C:/gbdk/include/gb/gb.h:1447: shadow_OAM[nb].tile=tile;
      0001DD 6B                     474 	ld	l, e
                                    475 ;	spillPairReg hl
                                    476 ;	spillPairReg hl
      0001DE 26 00                  477 	ld	h, #0x00
                                    478 ;	spillPairReg hl
                                    479 ;	spillPairReg hl
      0001E0 29                     480 	add	hl, hl
      0001E1 29                     481 	add	hl, hl
      0001E2 11r00r00               482 	ld	de, #_shadow_OAM
      0001E5 19                     483 	add	hl, de
      0001E6 23                     484 	inc	hl
      0001E7 23                     485 	inc	hl
      0001E8 71                     486 	ld	(hl), c
                                    487 ;teaaaaaaaa/states/templateFaceMicrogame.c:103: set_sprite_tile(teaaaSpriteMemory + 3,WMMoleTileData[teaaaStoredFrame + 3]);
      0001E9 21r09r00               488 	ld	hl, #_teaaaStoredFrame
      0001EC 4E                     489 	ld	c, (hl)
      0001ED 06 00                  490 	ld	b, #0x00
      0001EF 03                     491 	inc	bc
      0001F0 03                     492 	inc	bc
      0001F1 03                     493 	inc	bc
      0001F2 21r00r00               494 	ld	hl, #_WMMoleTileData
      0001F5 09                     495 	add	hl, bc
      0001F6 4E                     496 	ld	c, (hl)
      0001F7 FAr0Br00               497 	ld	a, (#_teaaaSpriteMemory)
      0001FA C6 03                  498 	add	a, #0x03
                                    499 ;C:/gbdk/include/gb/gb.h:1447: shadow_OAM[nb].tile=tile;
      0001FC 6F                     500 	ld	l, a
      0001FD 11r00r00               501 	ld	de, #_shadow_OAM+0
                                    502 ;	spillPairReg hl
                                    503 ;	spillPairReg hl
      000200 26 00                  504 	ld	h, #0x00
                                    505 ;	spillPairReg hl
                                    506 ;	spillPairReg hl
      000202 29                     507 	add	hl, hl
      000203 29                     508 	add	hl, hl
      000204 19                     509 	add	hl, de
      000205 23                     510 	inc	hl
      000206 23                     511 	inc	hl
      000207 71                     512 	ld	(hl), c
                                    513 ;teaaaaaaaa/states/templateFaceMicrogame.c:104: set_sprite_tile(teaaaSpriteMemory + 4,WMMoleTileData[teaaaStoredFrame + 4]);
      000208 21r09r00               514 	ld	hl, #_teaaaStoredFrame
      00020B 4E                     515 	ld	c, (hl)
      00020C 06 00                  516 	ld	b, #0x00
      00020E 03                     517 	inc	bc
      00020F 03                     518 	inc	bc
      000210 03                     519 	inc	bc
      000211 03                     520 	inc	bc
      000212 21r00r00               521 	ld	hl, #_WMMoleTileData
      000215 09                     522 	add	hl, bc
      000216 4E                     523 	ld	c, (hl)
      000217 FAr0Br00               524 	ld	a, (#_teaaaSpriteMemory)
      00021A C6 04                  525 	add	a, #0x04
                                    526 ;C:/gbdk/include/gb/gb.h:1447: shadow_OAM[nb].tile=tile;
      00021C 6F                     527 	ld	l, a
      00021D 11r00r00               528 	ld	de, #_shadow_OAM+0
                                    529 ;	spillPairReg hl
                                    530 ;	spillPairReg hl
      000220 26 00                  531 	ld	h, #0x00
                                    532 ;	spillPairReg hl
                                    533 ;	spillPairReg hl
      000222 29                     534 	add	hl, hl
      000223 29                     535 	add	hl, hl
      000224 19                     536 	add	hl, de
      000225 23                     537 	inc	hl
      000226 23                     538 	inc	hl
      000227 71                     539 	ld	(hl), c
                                    540 ;teaaaaaaaa/states/templateFaceMicrogame.c:105: set_sprite_tile(teaaaSpriteMemory + 5,WMMoleTileData[teaaaStoredFrame + 5]);
      000228 21r09r00               541 	ld	hl, #_teaaaStoredFrame
      00022B 4E                     542 	ld	c, (hl)
      00022C 06 00                  543 	ld	b, #0x00
      00022E 21 05 00               544 	ld	hl, #0x0005
      000231 09                     545 	add	hl, bc
      000232 11r00r00               546 	ld	de, #_WMMoleTileData
      000235 19                     547 	add	hl, de
      000236 4E                     548 	ld	c, (hl)
      000237 FAr0Br00               549 	ld	a, (#_teaaaSpriteMemory)
      00023A C6 05                  550 	add	a, #0x05
                                    551 ;C:/gbdk/include/gb/gb.h:1447: shadow_OAM[nb].tile=tile;
      00023C 6F                     552 	ld	l, a
      00023D 11r00r00               553 	ld	de, #_shadow_OAM+0
                                    554 ;	spillPairReg hl
                                    555 ;	spillPairReg hl
      000240 26 00                  556 	ld	h, #0x00
                                    557 ;	spillPairReg hl
                                    558 ;	spillPairReg hl
      000242 29                     559 	add	hl, hl
      000243 29                     560 	add	hl, hl
      000244 19                     561 	add	hl, de
      000245 23                     562 	inc	hl
      000246 23                     563 	inc	hl
      000247 71                     564 	ld	(hl), c
                                    565 ;teaaaaaaaa/states/templateFaceMicrogame.c:106: move_sprite(teaaaSpriteMemory,teaaaStoredSpriteX - 8,teaaaSpriteY);
      000248 21r05r00               566 	ld	hl, #_teaaaSpriteY
      00024B 46                     567 	ld	b, (hl)
      00024C FAr0Cr00               568 	ld	a, (#_teaaaStoredSpriteX)
      00024F C6 F8                  569 	add	a, #0xf8
      000251 4F                     570 	ld	c, a
      000252 21r0Br00               571 	ld	hl, #_teaaaSpriteMemory
                                    572 ;C:/gbdk/include/gb/gb.h:1520: OAM_item_t * itm = &shadow_OAM[nb];
      000255 6E                     573 	ld	l, (hl)
                                    574 ;	spillPairReg hl
                                    575 ;	spillPairReg hl
      000256 26 00                  576 	ld	h, #0x00
                                    577 ;	spillPairReg hl
                                    578 ;	spillPairReg hl
      000258 29                     579 	add	hl, hl
      000259 29                     580 	add	hl, hl
      00025A 11r00r00               581 	ld	de, #_shadow_OAM
      00025D 19                     582 	add	hl, de
                                    583 ;C:/gbdk/include/gb/gb.h:1521: itm->y=y, itm->x=x;
      00025E 78                     584 	ld	a, b
      00025F 22                     585 	ld	(hl+), a
      000260 71                     586 	ld	(hl), c
                                    587 ;teaaaaaaaa/states/templateFaceMicrogame.c:107: move_sprite(teaaaSpriteMemory + 1,teaaaStoredSpriteX,teaaaSpriteY);
      000261 21r05r00               588 	ld	hl, #_teaaaSpriteY
      000264 46                     589 	ld	b, (hl)
      000265 21r0Cr00               590 	ld	hl, #_teaaaStoredSpriteX
      000268 4E                     591 	ld	c, (hl)
      000269 21r0Br00               592 	ld	hl, #_teaaaSpriteMemory
      00026C 5E                     593 	ld	e, (hl)
      00026D 1C                     594 	inc	e
                                    595 ;C:/gbdk/include/gb/gb.h:1520: OAM_item_t * itm = &shadow_OAM[nb];
      00026E 6B                     596 	ld	l, e
                                    597 ;	spillPairReg hl
                                    598 ;	spillPairReg hl
      00026F 26 00                  599 	ld	h, #0x00
                                    600 ;	spillPairReg hl
                                    601 ;	spillPairReg hl
      000271 29                     602 	add	hl, hl
      000272 29                     603 	add	hl, hl
      000273 11r00r00               604 	ld	de, #_shadow_OAM
      000276 19                     605 	add	hl, de
                                    606 ;C:/gbdk/include/gb/gb.h:1521: itm->y=y, itm->x=x;
      000277 78                     607 	ld	a, b
      000278 22                     608 	ld	(hl+), a
      000279 71                     609 	ld	(hl), c
                                    610 ;teaaaaaaaa/states/templateFaceMicrogame.c:108: move_sprite(teaaaSpriteMemory + 2,teaaaStoredSpriteX - 8,teaaaSpriteY + 8);
      00027A FAr05r00               611 	ld	a, (#_teaaaSpriteY)
      00027D C6 08                  612 	add	a, #0x08
      00027F 4F                     613 	ld	c, a
      000280 FAr0Cr00               614 	ld	a, (#_teaaaStoredSpriteX)
      000283 C6 F8                  615 	add	a, #0xf8
      000285 F8 04                  616 	ldhl	sp,	#4
      000287 77                     617 	ld	(hl), a
      000288 21r0Br00               618 	ld	hl, #_teaaaSpriteMemory
      00028B 5E                     619 	ld	e, (hl)
      00028C 1C                     620 	inc	e
      00028D 1C                     621 	inc	e
                                    622 ;C:/gbdk/include/gb/gb.h:1520: OAM_item_t * itm = &shadow_OAM[nb];
      00028E 6B                     623 	ld	l, e
                                    624 ;	spillPairReg hl
                                    625 ;	spillPairReg hl
      00028F 26 00                  626 	ld	h, #0x00
                                    627 ;	spillPairReg hl
                                    628 ;	spillPairReg hl
      000291 29                     629 	add	hl, hl
      000292 29                     630 	add	hl, hl
      000293 11r00r00               631 	ld	de, #_shadow_OAM
      000296 19                     632 	add	hl, de
                                    633 ;C:/gbdk/include/gb/gb.h:1521: itm->y=y, itm->x=x;
      000297 79                     634 	ld	a, c
      000298 22                     635 	ld	(hl+), a
      000299 4D                     636 	ld	c, l
      00029A 44                     637 	ld	b, h
      00029B F8 04                  638 	ldhl	sp,	#4
      00029D 7E                     639 	ld	a, (hl)
      00029E 02                     640 	ld	(bc), a
                                    641 ;teaaaaaaaa/states/templateFaceMicrogame.c:109: move_sprite(teaaaSpriteMemory + 3,teaaaStoredSpriteX,teaaaSpriteY + 8);
      00029F FAr05r00               642 	ld	a, (#_teaaaSpriteY)
      0002A2 C6 08                  643 	add	a, #0x08
      0002A4 47                     644 	ld	b, a
      0002A5 21r0Cr00               645 	ld	hl, #_teaaaStoredSpriteX
      0002A8 4E                     646 	ld	c, (hl)
      0002A9 FAr0Br00               647 	ld	a, (#_teaaaSpriteMemory)
      0002AC C6 03                  648 	add	a, #0x03
                                    649 ;C:/gbdk/include/gb/gb.h:1520: OAM_item_t * itm = &shadow_OAM[nb];
      0002AE 6F                     650 	ld	l, a
                                    651 ;	spillPairReg hl
                                    652 ;	spillPairReg hl
      0002AF 26 00                  653 	ld	h, #0x00
                                    654 ;	spillPairReg hl
                                    655 ;	spillPairReg hl
      0002B1 29                     656 	add	hl, hl
      0002B2 29                     657 	add	hl, hl
      0002B3 11r00r00               658 	ld	de, #_shadow_OAM
      0002B6 19                     659 	add	hl, de
                                    660 ;C:/gbdk/include/gb/gb.h:1521: itm->y=y, itm->x=x;
      0002B7 78                     661 	ld	a, b
      0002B8 22                     662 	ld	(hl+), a
      0002B9 71                     663 	ld	(hl), c
                                    664 ;teaaaaaaaa/states/templateFaceMicrogame.c:110: move_sprite(teaaaSpriteMemory + 4,teaaaStoredSpriteX - 8,teaaaSpriteY + 16);
      0002BA FAr05r00               665 	ld	a, (#_teaaaSpriteY)
      0002BD C6 10                  666 	add	a, #0x10
      0002BF 47                     667 	ld	b, a
      0002C0 FAr0Cr00               668 	ld	a, (#_teaaaStoredSpriteX)
      0002C3 C6 F8                  669 	add	a, #0xf8
      0002C5 4F                     670 	ld	c, a
      0002C6 FAr0Br00               671 	ld	a, (#_teaaaSpriteMemory)
      0002C9 C6 04                  672 	add	a, #0x04
                                    673 ;C:/gbdk/include/gb/gb.h:1520: OAM_item_t * itm = &shadow_OAM[nb];
      0002CB 6F                     674 	ld	l, a
                                    675 ;	spillPairReg hl
                                    676 ;	spillPairReg hl
      0002CC 26 00                  677 	ld	h, #0x00
                                    678 ;	spillPairReg hl
                                    679 ;	spillPairReg hl
      0002CE 29                     680 	add	hl, hl
      0002CF 29                     681 	add	hl, hl
      0002D0 11r00r00               682 	ld	de, #_shadow_OAM
      0002D3 19                     683 	add	hl, de
                                    684 ;C:/gbdk/include/gb/gb.h:1521: itm->y=y, itm->x=x;
      0002D4 78                     685 	ld	a, b
      0002D5 22                     686 	ld	(hl+), a
      0002D6 71                     687 	ld	(hl), c
                                    688 ;teaaaaaaaa/states/templateFaceMicrogame.c:111: move_sprite(teaaaSpriteMemory + 5,teaaaStoredSpriteX,teaaaSpriteY + 16);
      0002D7 FAr05r00               689 	ld	a, (#_teaaaSpriteY)
      0002DA C6 10                  690 	add	a, #0x10
      0002DC 47                     691 	ld	b, a
      0002DD 21r0Cr00               692 	ld	hl, #_teaaaStoredSpriteX
      0002E0 4E                     693 	ld	c, (hl)
      0002E1 FAr0Br00               694 	ld	a, (#_teaaaSpriteMemory)
      0002E4 C6 05                  695 	add	a, #0x05
                                    696 ;C:/gbdk/include/gb/gb.h:1520: OAM_item_t * itm = &shadow_OAM[nb];
      0002E6 6F                     697 	ld	l, a
                                    698 ;	spillPairReg hl
                                    699 ;	spillPairReg hl
      0002E7 26 00                  700 	ld	h, #0x00
                                    701 ;	spillPairReg hl
                                    702 ;	spillPairReg hl
      0002E9 29                     703 	add	hl, hl
      0002EA 29                     704 	add	hl, hl
      0002EB 11r00r00               705 	ld	de, #_shadow_OAM
      0002EE 19                     706 	add	hl, de
                                    707 ;C:/gbdk/include/gb/gb.h:1521: itm->y=y, itm->x=x;
      0002EF 78                     708 	ld	a, b
      0002F0 22                     709 	ld	(hl+), a
      0002F1 71                     710 	ld	(hl), c
                                    711 ;teaaaaaaaa/states/templateFaceMicrogame.c:111: move_sprite(teaaaSpriteMemory + 5,teaaaStoredSpriteX,teaaaSpriteY + 16);
                                    712 ;teaaaaaaaa/states/templateFaceMicrogame.c:112: }
      0002F2 E8 05                  713 	add	sp, #5
      0002F4 C9                     714 	ret
                                    715 ;teaaaaaaaa/states/templateFaceMicrogame.c:114: void whackMolesLoop() BANKED
                                    716 ;	---------------------------------
                                    717 ; Function whackMolesLoop
                                    718 ; ---------------------------------
                           000008   719 	b_whackMolesLoop	= 8
      0002F5                        720 _whackMolesLoop::
                                    721 ;teaaaaaaaa/states/templateFaceMicrogame.c:116: curJoypad = joypad();
      0002F5 CDr00r00               722 	call	_joypad
      0002F8 21r00r00               723 	ld	hl, #_curJoypad
      0002FB 73                     724 	ld	(hl), e
                                    725 ;teaaaaaaaa/states/templateFaceMicrogame.c:117: animTick --;
      0002FC 21r00r00               726 	ld	hl, #_animTick
      0002FF 35                     727 	dec	(hl)
                                    728 ;teaaaaaaaa/states/templateFaceMicrogame.c:118: if (curJoypad & J_RIGHT)
      000300 21r00r00               729 	ld	hl, #_curJoypad
      000303 4E                     730 	ld	c, (hl)
      000304 CB 41                  731 	bit	0, c
      000306 28 3E                  732 	jr	Z, 00107$
                                    733 ;teaaaaaaaa/states/templateFaceMicrogame.c:120: if (teaaaAnimationState < 1 & teaaaPlayableSpriteX > 1)
      000308 FAr03r00               734 	ld	a, (#_teaaaAnimationState)
      00030B D6 01                  735 	sub	a, #0x01
      00030D 3E 00                  736 	ld	a, #0x00
      00030F 17                     737 	rla
      000310 47                     738 	ld	b, a
      000311 3E 01                  739 	ld	a, #0x01
      000313 21r00r00               740 	ld	hl, #_teaaaPlayableSpriteX
      000316 96                     741 	sub	a, (hl)
      000317 3E 00                  742 	ld	a, #0x00
      000319 17                     743 	rla
      00031A A0                     744 	and	a,b
      00031B 28 29                  745 	jr	Z, 00107$
                                    746 ;teaaaaaaaa/states/templateFaceMicrogame.c:122: if (teaaaflipSprite == S_FLIPX)
      00031D FAr02r00               747 	ld	a, (#_teaaaflipSprite)
      000320 D6 20                  748 	sub	a, #0x20
      000322 20 16                  749 	jr	NZ, 00102$
                                    750 ;teaaaaaaaa/states/templateFaceMicrogame.c:124: teaaaAnimationState = 2;
      000324 21r03r00               751 	ld	hl, #_teaaaAnimationState
      000327 36 02                  752 	ld	(hl), #0x02
                                    753 ;teaaaaaaaa/states/templateFaceMicrogame.c:125: animFrame = 45;
      000329 21r00r00               754 	ld	hl, #_animFrame
      00032C 36 2D                  755 	ld	(hl), #0x2d
                                    756 ;teaaaaaaaa/states/templateFaceMicrogame.c:126: animTick = 4;
      00032E 21r00r00               757 	ld	hl, #_animTick
      000331 36 04                  758 	ld	(hl), #0x04
                                    759 ;teaaaaaaaa/states/templateFaceMicrogame.c:127: teaaaAnimationSpeed = 4;
      000333 21r04r00               760 	ld	hl, #_teaaaAnimationSpeed
      000336 36 04                  761 	ld	(hl), #0x04
      000338 18 0C                  762 	jr	00107$
      00033A                        763 00102$:
                                    764 ;teaaaaaaaa/states/templateFaceMicrogame.c:131: teaaaPlayableSpriteX += 2;
      00033A 21r00r00               765 	ld	hl, #_teaaaPlayableSpriteX
      00033D 7E                     766 	ld	a, (hl)
      00033E C6 02                  767 	add	a, #0x02
      000340 77                     768 	ld	(hl), a
                                    769 ;teaaaaaaaa/states/templateFaceMicrogame.c:132: teaaaAnimationSpeed = 6;
      000341 21r04r00               770 	ld	hl, #_teaaaAnimationSpeed
      000344 36 06                  771 	ld	(hl), #0x06
      000346                        772 00107$:
                                    773 ;teaaaaaaaa/states/templateFaceMicrogame.c:136: if (curJoypad & J_LEFT)
      000346 CB 49                  774 	bit	1, c
      000348 28 3C                  775 	jr	Z, 00114$
                                    776 ;teaaaaaaaa/states/templateFaceMicrogame.c:138: if (teaaaAnimationState < 1 & teaaaPlayableSpriteX < 159)
      00034A FAr03r00               777 	ld	a, (#_teaaaAnimationState)
      00034D D6 01                  778 	sub	a, #0x01
      00034F 3E 00                  779 	ld	a, #0x00
      000351 17                     780 	rla
      000352 47                     781 	ld	b, a
      000353 FAr00r00               782 	ld	a, (#_teaaaPlayableSpriteX)
      000356 D6 9F                  783 	sub	a, #0x9f
      000358 3E 00                  784 	ld	a, #0x00
      00035A 17                     785 	rla
      00035B A0                     786 	and	a,b
      00035C 28 28                  787 	jr	Z, 00114$
                                    788 ;teaaaaaaaa/states/templateFaceMicrogame.c:140: if (teaaaflipSprite == 0)
      00035E FAr02r00               789 	ld	a, (#_teaaaflipSprite)
      000361 B7                     790 	or	a, a
      000362 20 16                  791 	jr	NZ, 00109$
                                    792 ;teaaaaaaaa/states/templateFaceMicrogame.c:142: teaaaAnimationState = 2;
      000364 21r03r00               793 	ld	hl, #_teaaaAnimationState
      000367 36 02                  794 	ld	(hl), #0x02
                                    795 ;teaaaaaaaa/states/templateFaceMicrogame.c:143: animFrame = 45;
      000369 21r00r00               796 	ld	hl, #_animFrame
      00036C 36 2D                  797 	ld	(hl), #0x2d
                                    798 ;teaaaaaaaa/states/templateFaceMicrogame.c:144: animTick = 4;
      00036E 21r00r00               799 	ld	hl, #_animTick
      000371 36 04                  800 	ld	(hl), #0x04
                                    801 ;teaaaaaaaa/states/templateFaceMicrogame.c:145: teaaaAnimationSpeed = 4;
      000373 21r04r00               802 	ld	hl, #_teaaaAnimationSpeed
      000376 36 04                  803 	ld	(hl), #0x04
      000378 18 0C                  804 	jr	00114$
      00037A                        805 00109$:
                                    806 ;teaaaaaaaa/states/templateFaceMicrogame.c:149: teaaaPlayableSpriteX -= 2;
      00037A 21r00r00               807 	ld	hl, #_teaaaPlayableSpriteX
      00037D 7E                     808 	ld	a, (hl)
      00037E C6 FE                  809 	add	a, #0xfe
      000380 77                     810 	ld	(hl), a
                                    811 ;teaaaaaaaa/states/templateFaceMicrogame.c:150: teaaaAnimationSpeed = 6;
      000381 21r04r00               812 	ld	hl, #_teaaaAnimationSpeed
      000384 36 06                  813 	ld	(hl), #0x06
      000386                        814 00114$:
                                    815 ;teaaaaaaaa/states/templateFaceMicrogame.c:154: if (!(curJoypad & J_RIGHT) & !(curJoypad & J_LEFT) & teaaaAnimationState < 1)
      000386 21r00r00               816 	ld	hl, #_curJoypad
      000389 7E                     817 	ld	a, (hl)
      00038A E6 01                  818 	and	a, #0x01
      00038C D6 01                  819 	sub	a,#0x01
      00038E 3E 00                  820 	ld	a, #0x00
      000390 17                     821 	rla
      000391 5F                     822 	ld	e, a
      000392 7E                     823 	ld	a, (hl)
      000393 0F                     824 	rrca
      000394 E6 01                  825 	and	a, #0x01
      000396 D6 01                  826 	sub	a,#0x01
      000398 3E 00                  827 	ld	a, #0x00
      00039A 17                     828 	rla
      00039B A3                     829 	and	a, e
      00039C 47                     830 	ld	b, a
      00039D FAr03r00               831 	ld	a, (#_teaaaAnimationState)
      0003A0 D6 01                  832 	sub	a, #0x01
      0003A2 3E 00                  833 	ld	a, #0x00
      0003A4 17                     834 	rla
      0003A5 A0                     835 	and	a,b
      0003A6 28 0A                  836 	jr	Z, 00116$
                                    837 ;teaaaaaaaa/states/templateFaceMicrogame.c:156: animTick = 6;
      0003A8 21r00r00               838 	ld	hl, #_animTick
      0003AB 36 06                  839 	ld	(hl), #0x06
                                    840 ;teaaaaaaaa/states/templateFaceMicrogame.c:157: animFrame = 0;
      0003AD 21r00r00               841 	ld	hl, #_animFrame
      0003B0 36 00                  842 	ld	(hl), #0x00
      0003B2                        843 00116$:
                                    844 ;teaaaaaaaa/states/templateFaceMicrogame.c:159: if (curJoypad & J_A)
      0003B2 CB 61                  845 	bit	4, c
      0003B4 28 1B                  846 	jr	Z, 00120$
                                    847 ;teaaaaaaaa/states/templateFaceMicrogame.c:161: if (!(prevJoypad & J_A))
      0003B6 FAr00r00               848 	ld	a, (#_prevJoypad)
      0003B9 CB 67                  849 	bit	4, a
      0003BB 20 14                  850 	jr	NZ, 00120$
                                    851 ;teaaaaaaaa/states/templateFaceMicrogame.c:163: animTick = 3;
      0003BD 21r00r00               852 	ld	hl, #_animTick
      0003C0 36 03                  853 	ld	(hl), #0x03
                                    854 ;teaaaaaaaa/states/templateFaceMicrogame.c:164: teaaaAnimationSpeed = 3;
      0003C2 21r04r00               855 	ld	hl, #_teaaaAnimationSpeed
      0003C5 36 03                  856 	ld	(hl), #0x03
                                    857 ;teaaaaaaaa/states/templateFaceMicrogame.c:165: animFrame = 18;
      0003C7 21r00r00               858 	ld	hl, #_animFrame
      0003CA 36 12                  859 	ld	(hl), #0x12
                                    860 ;teaaaaaaaa/states/templateFaceMicrogame.c:166: teaaaAnimationState = 1;
      0003CC 21r03r00               861 	ld	hl, #_teaaaAnimationState
      0003CF 36 01                  862 	ld	(hl), #0x01
      0003D1                        863 00120$:
                                    864 ;teaaaaaaaa/states/templateFaceMicrogame.c:169: if (animTick == 0)
      0003D1 FAr00r00               865 	ld	a, (#_animTick)
      0003D4 B7                     866 	or	a, a
      0003D5 20 0D                  867 	jr	NZ, 00122$
                                    868 ;teaaaaaaaa/states/templateFaceMicrogame.c:171: animTick = teaaaAnimationSpeed;
      0003D7 FAr04r00               869 	ld	a, (#_teaaaAnimationSpeed)
      0003DA EAr00r00               870 	ld	(#_animTick),a
                                    871 ;teaaaaaaaa/states/templateFaceMicrogame.c:172: animFrame += 9;
      0003DD 21r00r00               872 	ld	hl, #_animFrame
      0003E0 7E                     873 	ld	a, (hl)
      0003E1 C6 09                  874 	add	a, #0x09
      0003E3 77                     875 	ld	(hl), a
      0003E4                        876 00122$:
                                    877 ;teaaaaaaaa/states/templateFaceMicrogame.c:174: if (animFrame > 9 & teaaaAnimationState == 0)
      0003E4 3E 09                  878 	ld	a, #0x09
      0003E6 21r00r00               879 	ld	hl, #_animFrame
      0003E9 96                     880 	sub	a, (hl)
      0003EA 3E 00                  881 	ld	a, #0x00
      0003EC 17                     882 	rla
      0003ED 4F                     883 	ld	c, a
      0003EE FAr03r00               884 	ld	a, (#_teaaaAnimationState)
      0003F1 B7                     885 	or	a, a
      0003F2 3E 01                  886 	ld	a, #0x01
      0003F4 28 01                  887 	jr	Z, 00263$
      0003F6 AF                     888 	xor	a, a
      0003F7                        889 00263$:
      0003F7 A1                     890 	and	a,c
      0003F8 28 05                  891 	jr	Z, 00124$
                                    892 ;teaaaaaaaa/states/templateFaceMicrogame.c:176: animFrame = 0;
      0003FA 21r00r00               893 	ld	hl, #_animFrame
      0003FD 36 00                  894 	ld	(hl), #0x00
      0003FF                        895 00124$:
                                    896 ;teaaaaaaaa/states/templateFaceMicrogame.c:178: if (animFrame > 36 & teaaaAnimationState == 1)
      0003FF 3E 24                  897 	ld	a, #0x24
      000401 21r00r00               898 	ld	hl, #_animFrame
      000404 96                     899 	sub	a, (hl)
      000405 3E 00                  900 	ld	a, #0x00
      000407 17                     901 	rla
      000408 4F                     902 	ld	c, a
      000409 FAr03r00               903 	ld	a, (#_teaaaAnimationState)
      00040C 3D                     904 	dec	a
      00040D 3E 01                  905 	ld	a, #0x01
      00040F 28 01                  906 	jr	Z, 00265$
      000411 AF                     907 	xor	a, a
      000412                        908 00265$:
      000412 A1                     909 	and	a,c
      000413 28 0A                  910 	jr	Z, 00126$
                                    911 ;teaaaaaaaa/states/templateFaceMicrogame.c:180: teaaaAnimationState = 0;
      000415 21r03r00               912 	ld	hl, #_teaaaAnimationState
      000418 36 00                  913 	ld	(hl), #0x00
                                    914 ;teaaaaaaaa/states/templateFaceMicrogame.c:181: animFrame = 0;
      00041A 21r00r00               915 	ld	hl, #_animFrame
      00041D 36 00                  916 	ld	(hl), #0x00
      00041F                        917 00126$:
                                    918 ;teaaaaaaaa/states/templateFaceMicrogame.c:183: if (animFrame > 45)
      00041F 3E 2D                  919 	ld	a, #0x2d
      000421 21r00r00               920 	ld	hl, #_animFrame
      000424 96                     921 	sub	a, (hl)
      000425 30 1A                  922 	jr	NC, 00131$
                                    923 ;teaaaaaaaa/states/templateFaceMicrogame.c:185: teaaaAnimationState = 0;
      000427 21r03r00               924 	ld	hl, #_teaaaAnimationState
      00042A 36 00                  925 	ld	(hl), #0x00
                                    926 ;teaaaaaaaa/states/templateFaceMicrogame.c:186: animFrame = 0;
      00042C 21r00r00               927 	ld	hl, #_animFrame
      00042F 36 00                  928 	ld	(hl), #0x00
                                    929 ;teaaaaaaaa/states/templateFaceMicrogame.c:187: if (teaaaflipSprite == 0)
      000431 21r02r00               930 	ld	hl, #_teaaaflipSprite
      000434 7E                     931 	ld	a, (hl)
      000435 B7                     932 	or	a, a
      000436 20 04                  933 	jr	NZ, 00128$
                                    934 ;teaaaaaaaa/states/templateFaceMicrogame.c:188: teaaaflipSprite = S_FLIPX;
      000438 36 20                  935 	ld	(hl), #0x20
      00043A 18 05                  936 	jr	00131$
      00043C                        937 00128$:
                                    938 ;teaaaaaaaa/states/templateFaceMicrogame.c:190: teaaaflipSprite = 0;
      00043C 21r02r00               939 	ld	hl, #_teaaaflipSprite
      00043F 36 00                  940 	ld	(hl), #0x00
      000441                        941 00131$:
                                    942 ;teaaaaaaaa/states/templateFaceMicrogame.c:192: set_sprite_tile(0,WMTileData[animFrame]);
      000441 3Er00                  943 	ld	a, #<(_WMTileData)
      000443 21r00r00               944 	ld	hl, #_animFrame
      000446 86                     945 	add	a, (hl)
      000447 4F                     946 	ld	c, a
      000448 3Es00                  947 	ld	a, #>(_WMTileData)
      00044A CE 00                  948 	adc	a, #0x00
      00044C 47                     949 	ld	b, a
      00044D 0A                     950 	ld	a, (bc)
      00044E 4F                     951 	ld	c, a
                                    952 ;C:/gbdk/include/gb/gb.h:1447: shadow_OAM[nb].tile=tile;
      00044F 21r02r00               953 	ld	hl, #(_shadow_OAM + 2)
      000452 71                     954 	ld	(hl), c
                                    955 ;teaaaaaaaa/states/templateFaceMicrogame.c:193: set_sprite_tile(1,WMTileData[animFrame + 1]);
      000453 21r00r00               956 	ld	hl, #_animFrame
      000456 4E                     957 	ld	c, (hl)
      000457 06 00                  958 	ld	b, #0x00
      000459 03                     959 	inc	bc
      00045A 21r00r00               960 	ld	hl, #_WMTileData
      00045D 09                     961 	add	hl, bc
      00045E 4E                     962 	ld	c, (hl)
                                    963 ;C:/gbdk/include/gb/gb.h:1447: shadow_OAM[nb].tile=tile;
      00045F 21r06r00               964 	ld	hl, #(_shadow_OAM + 6)
      000462 71                     965 	ld	(hl), c
                                    966 ;teaaaaaaaa/states/templateFaceMicrogame.c:194: set_sprite_tile(2,WMTileData[animFrame + 2]);
      000463 21r00r00               967 	ld	hl, #_animFrame
      000466 4E                     968 	ld	c, (hl)
      000467 06 00                  969 	ld	b, #0x00
      000469 03                     970 	inc	bc
      00046A 03                     971 	inc	bc
      00046B 21r00r00               972 	ld	hl, #_WMTileData
      00046E 09                     973 	add	hl, bc
      00046F 4E                     974 	ld	c, (hl)
                                    975 ;C:/gbdk/include/gb/gb.h:1447: shadow_OAM[nb].tile=tile;
      000470 21r0Ar00               976 	ld	hl, #(_shadow_OAM + 10)
      000473 71                     977 	ld	(hl), c
                                    978 ;teaaaaaaaa/states/templateFaceMicrogame.c:195: set_sprite_tile(3,WMTileData[animFrame + 3]);
      000474 21r00r00               979 	ld	hl, #_animFrame
      000477 4E                     980 	ld	c, (hl)
      000478 06 00                  981 	ld	b, #0x00
      00047A 03                     982 	inc	bc
      00047B 03                     983 	inc	bc
      00047C 03                     984 	inc	bc
      00047D 21r00r00               985 	ld	hl, #_WMTileData
      000480 09                     986 	add	hl, bc
      000481 4E                     987 	ld	c, (hl)
                                    988 ;C:/gbdk/include/gb/gb.h:1447: shadow_OAM[nb].tile=tile;
      000482 21r0Er00               989 	ld	hl, #(_shadow_OAM + 14)
      000485 71                     990 	ld	(hl), c
                                    991 ;teaaaaaaaa/states/templateFaceMicrogame.c:196: set_sprite_tile(4,WMTileData[animFrame + 4]);
      000486 21r00r00               992 	ld	hl, #_animFrame
      000489 4E                     993 	ld	c, (hl)
      00048A 06 00                  994 	ld	b, #0x00
      00048C 03                     995 	inc	bc
      00048D 03                     996 	inc	bc
      00048E 03                     997 	inc	bc
      00048F 03                     998 	inc	bc
      000490 21r00r00               999 	ld	hl, #_WMTileData
      000493 09                    1000 	add	hl, bc
      000494 4E                    1001 	ld	c, (hl)
                                   1002 ;C:/gbdk/include/gb/gb.h:1447: shadow_OAM[nb].tile=tile;
      000495 21r12r00              1003 	ld	hl, #(_shadow_OAM + 18)
      000498 71                    1004 	ld	(hl), c
                                   1005 ;teaaaaaaaa/states/templateFaceMicrogame.c:197: set_sprite_tile(5,WMTileData[animFrame + 5]);
      000499 21r00r00              1006 	ld	hl, #_animFrame
      00049C 4E                    1007 	ld	c, (hl)
      00049D 06 00                 1008 	ld	b, #0x00
      00049F 21 05 00              1009 	ld	hl, #0x0005
      0004A2 09                    1010 	add	hl, bc
      0004A3 11r00r00              1011 	ld	de, #_WMTileData
      0004A6 19                    1012 	add	hl, de
      0004A7 4E                    1013 	ld	c, (hl)
                                   1014 ;C:/gbdk/include/gb/gb.h:1447: shadow_OAM[nb].tile=tile;
      0004A8 21r16r00              1015 	ld	hl, #(_shadow_OAM + 22)
      0004AB 71                    1016 	ld	(hl), c
                                   1017 ;teaaaaaaaa/states/templateFaceMicrogame.c:198: set_sprite_tile(6,WMTileData[animFrame + 6]);
      0004AC 21r00r00              1018 	ld	hl, #_animFrame
      0004AF 4E                    1019 	ld	c, (hl)
      0004B0 06 00                 1020 	ld	b, #0x00
      0004B2 21 06 00              1021 	ld	hl, #0x0006
      0004B5 09                    1022 	add	hl, bc
      0004B6 11r00r00              1023 	ld	de, #_WMTileData
      0004B9 19                    1024 	add	hl, de
      0004BA 4E                    1025 	ld	c, (hl)
                                   1026 ;C:/gbdk/include/gb/gb.h:1447: shadow_OAM[nb].tile=tile;
      0004BB 21r1Ar00              1027 	ld	hl, #(_shadow_OAM + 26)
      0004BE 71                    1028 	ld	(hl), c
                                   1029 ;teaaaaaaaa/states/templateFaceMicrogame.c:199: set_sprite_tile(7,WMTileData[animFrame + 7]);
      0004BF 21r00r00              1030 	ld	hl, #_animFrame
      0004C2 4E                    1031 	ld	c, (hl)
      0004C3 06 00                 1032 	ld	b, #0x00
      0004C5 21 07 00              1033 	ld	hl, #0x0007
      0004C8 09                    1034 	add	hl, bc
      0004C9 11r00r00              1035 	ld	de, #_WMTileData
      0004CC 19                    1036 	add	hl, de
      0004CD 4E                    1037 	ld	c, (hl)
                                   1038 ;C:/gbdk/include/gb/gb.h:1447: shadow_OAM[nb].tile=tile;
      0004CE 21r1Er00              1039 	ld	hl, #(_shadow_OAM + 30)
      0004D1 71                    1040 	ld	(hl), c
                                   1041 ;teaaaaaaaa/states/templateFaceMicrogame.c:200: set_sprite_tile(8,WMTileData[animFrame + 8]);
      0004D2 21r00r00              1042 	ld	hl, #_animFrame
      0004D5 4E                    1043 	ld	c, (hl)
      0004D6 06 00                 1044 	ld	b, #0x00
      0004D8 21 08 00              1045 	ld	hl, #0x0008
      0004DB 09                    1046 	add	hl, bc
      0004DC 11r00r00              1047 	ld	de, #_WMTileData
      0004DF 19                    1048 	add	hl, de
      0004E0 4E                    1049 	ld	c, (hl)
                                   1050 ;C:/gbdk/include/gb/gb.h:1447: shadow_OAM[nb].tile=tile;
      0004E1 21r22r00              1051 	ld	hl, #(_shadow_OAM + 34)
      0004E4 71                    1052 	ld	(hl), c
                                   1053 ;teaaaaaaaa/states/templateFaceMicrogame.c:201: set_sprite_prop(0,teaaaflipSprite);
      0004E5 21r02r00              1054 	ld	hl, #_teaaaflipSprite
      0004E8 4E                    1055 	ld	c, (hl)
                                   1056 ;C:/gbdk/include/gb/gb.h:1493: shadow_OAM[nb].prop=prop;
      0004E9 21r03r00              1057 	ld	hl, #(_shadow_OAM + 3)
      0004EC 71                    1058 	ld	(hl), c
                                   1059 ;teaaaaaaaa/states/templateFaceMicrogame.c:202: set_sprite_prop(1,teaaaflipSprite);
      0004ED 21r02r00              1060 	ld	hl, #_teaaaflipSprite
      0004F0 4E                    1061 	ld	c, (hl)
                                   1062 ;C:/gbdk/include/gb/gb.h:1493: shadow_OAM[nb].prop=prop;
      0004F1 21r07r00              1063 	ld	hl, #(_shadow_OAM + 7)
      0004F4 71                    1064 	ld	(hl), c
                                   1065 ;teaaaaaaaa/states/templateFaceMicrogame.c:203: set_sprite_prop(2,teaaaflipSprite);
      0004F5 21r02r00              1066 	ld	hl, #_teaaaflipSprite
      0004F8 4E                    1067 	ld	c, (hl)
                                   1068 ;C:/gbdk/include/gb/gb.h:1493: shadow_OAM[nb].prop=prop;
      0004F9 21r0Br00              1069 	ld	hl, #(_shadow_OAM + 11)
      0004FC 71                    1070 	ld	(hl), c
                                   1071 ;teaaaaaaaa/states/templateFaceMicrogame.c:204: set_sprite_prop(3,teaaaflipSprite);
      0004FD 21r02r00              1072 	ld	hl, #_teaaaflipSprite
      000500 4E                    1073 	ld	c, (hl)
                                   1074 ;C:/gbdk/include/gb/gb.h:1493: shadow_OAM[nb].prop=prop;
      000501 21r0Fr00              1075 	ld	hl, #(_shadow_OAM + 15)
      000504 71                    1076 	ld	(hl), c
                                   1077 ;teaaaaaaaa/states/templateFaceMicrogame.c:205: set_sprite_prop(4,teaaaflipSprite);
      000505 21r02r00              1078 	ld	hl, #_teaaaflipSprite
      000508 4E                    1079 	ld	c, (hl)
                                   1080 ;C:/gbdk/include/gb/gb.h:1493: shadow_OAM[nb].prop=prop;
      000509 21r13r00              1081 	ld	hl, #(_shadow_OAM + 19)
      00050C 71                    1082 	ld	(hl), c
                                   1083 ;teaaaaaaaa/states/templateFaceMicrogame.c:206: set_sprite_prop(5,teaaaflipSprite);
      00050D 21r02r00              1084 	ld	hl, #_teaaaflipSprite
      000510 4E                    1085 	ld	c, (hl)
                                   1086 ;C:/gbdk/include/gb/gb.h:1493: shadow_OAM[nb].prop=prop;
      000511 21r17r00              1087 	ld	hl, #(_shadow_OAM + 23)
      000514 71                    1088 	ld	(hl), c
                                   1089 ;teaaaaaaaa/states/templateFaceMicrogame.c:207: set_sprite_prop(6,teaaaflipSprite);
      000515 21r02r00              1090 	ld	hl, #_teaaaflipSprite
      000518 4E                    1091 	ld	c, (hl)
                                   1092 ;C:/gbdk/include/gb/gb.h:1493: shadow_OAM[nb].prop=prop;
      000519 21r1Br00              1093 	ld	hl, #(_shadow_OAM + 27)
      00051C 71                    1094 	ld	(hl), c
                                   1095 ;teaaaaaaaa/states/templateFaceMicrogame.c:208: set_sprite_prop(7,teaaaflipSprite);
      00051D 21r02r00              1096 	ld	hl, #_teaaaflipSprite
      000520 4E                    1097 	ld	c, (hl)
                                   1098 ;C:/gbdk/include/gb/gb.h:1493: shadow_OAM[nb].prop=prop;
      000521 21r1Fr00              1099 	ld	hl, #(_shadow_OAM + 31)
      000524 71                    1100 	ld	(hl), c
                                   1101 ;teaaaaaaaa/states/templateFaceMicrogame.c:209: set_sprite_prop(8,teaaaflipSprite);
      000525 21r02r00              1102 	ld	hl, #_teaaaflipSprite
      000528 4E                    1103 	ld	c, (hl)
                                   1104 ;C:/gbdk/include/gb/gb.h:1493: shadow_OAM[nb].prop=prop;
      000529 21r23r00              1105 	ld	hl, #(_shadow_OAM + 35)
      00052C 71                    1106 	ld	(hl), c
                                   1107 ;teaaaaaaaa/states/templateFaceMicrogame.c:210: teaaaStoredFrame = WMMoleFrameData[0];
      00052D FAr00r00              1108 	ld	a, (#_WMMoleFrameData + 0)
      000530 EAr09r00              1109 	ld	(#_teaaaStoredFrame),a
                                   1110 ;teaaaaaaaa/states/templateFaceMicrogame.c:211: teaaaFrameIndex = 0;
      000533 21r0Ar00              1111 	ld	hl, #_teaaaFrameIndex
      000536 36 00                 1112 	ld	(hl), #0x00
                                   1113 ;teaaaaaaaa/states/templateFaceMicrogame.c:212: teaaaSpriteMemory = 9;
      000538 21r0Br00              1114 	ld	hl, #_teaaaSpriteMemory
      00053B 36 09                 1115 	ld	(hl), #0x09
                                   1116 ;teaaaaaaaa/states/templateFaceMicrogame.c:213: teaaaStoredSpriteX = teaaaSprite1X;
      00053D FAr06r00              1117 	ld	a, (#_teaaaSprite1X)
      000540 EAr0Cr00              1118 	ld	(#_teaaaStoredSpriteX),a
                                   1119 ;teaaaaaaaa/states/templateFaceMicrogame.c:214: WhackMolesUpdateSprite();
      000543 1Er00                 1120 	ld	e, #b_WhackMolesUpdateSprite
      000545 21r8Ar00              1121 	ld	hl, #_WhackMolesUpdateSprite
      000548 CDr00r00              1122 	call	___sdcc_bcall_ehl
                                   1123 ;teaaaaaaaa/states/templateFaceMicrogame.c:215: teaaaStoredFrame = WMMoleFrameData[1];
      00054B FAr01r00              1124 	ld	a, (#(_WMMoleFrameData + 1) + 0)
      00054E EAr09r00              1125 	ld	(#_teaaaStoredFrame),a
                                   1126 ;teaaaaaaaa/states/templateFaceMicrogame.c:216: teaaaFrameIndex = 1;
      000551 21r0Ar00              1127 	ld	hl, #_teaaaFrameIndex
      000554 36 01                 1128 	ld	(hl), #0x01
                                   1129 ;teaaaaaaaa/states/templateFaceMicrogame.c:217: teaaaSpriteMemory = 15;
      000556 21r0Br00              1130 	ld	hl, #_teaaaSpriteMemory
      000559 36 0F                 1131 	ld	(hl), #0x0f
                                   1132 ;teaaaaaaaa/states/templateFaceMicrogame.c:218: teaaaStoredSpriteX = teaaaSprite2X;
      00055B FAr07r00              1133 	ld	a, (#_teaaaSprite2X)
      00055E EAr0Cr00              1134 	ld	(#_teaaaStoredSpriteX),a
                                   1135 ;teaaaaaaaa/states/templateFaceMicrogame.c:219: WhackMolesUpdateSprite();
      000561 1Er00                 1136 	ld	e, #b_WhackMolesUpdateSprite
      000563 21r8Ar00              1137 	ld	hl, #_WhackMolesUpdateSprite
      000566 CDr00r00              1138 	call	___sdcc_bcall_ehl
                                   1139 ;teaaaaaaaa/states/templateFaceMicrogame.c:220: teaaaStoredFrame = WMMoleFrameData[2];
      000569 FAr02r00              1140 	ld	a, (#(_WMMoleFrameData + 2) + 0)
      00056C EAr09r00              1141 	ld	(#_teaaaStoredFrame),a
                                   1142 ;teaaaaaaaa/states/templateFaceMicrogame.c:221: teaaaFrameIndex = 2;
      00056F 21r0Ar00              1143 	ld	hl, #_teaaaFrameIndex
      000572 36 02                 1144 	ld	(hl), #0x02
                                   1145 ;teaaaaaaaa/states/templateFaceMicrogame.c:222: teaaaSpriteMemory = 21;
      000574 21r0Br00              1146 	ld	hl, #_teaaaSpriteMemory
      000577 36 15                 1147 	ld	(hl), #0x15
                                   1148 ;teaaaaaaaa/states/templateFaceMicrogame.c:223: teaaaStoredSpriteX = teaaaSprite3X;
      000579 FAr08r00              1149 	ld	a, (#_teaaaSprite3X)
      00057C EAr0Cr00              1150 	ld	(#_teaaaStoredSpriteX),a
                                   1151 ;teaaaaaaaa/states/templateFaceMicrogame.c:224: WhackMolesUpdateSprite();
      00057F 1Er00                 1152 	ld	e, #b_WhackMolesUpdateSprite
      000581 21r8Ar00              1153 	ld	hl, #_WhackMolesUpdateSprite
      000584 CDr00r00              1154 	call	___sdcc_bcall_ehl
                                   1155 ;teaaaaaaaa/states/templateFaceMicrogame.c:225: if (numberOfMoles == 0)
      000587 FAr0Dr00              1156 	ld	a, (#_numberOfMoles)
      00058A B7                    1157 	or	a, a
      00058B 20 05                 1158 	jr	NZ, 00133$
                                   1159 ;teaaaaaaaa/states/templateFaceMicrogame.c:227: mgStatus = WON;
      00058D 21r00r00              1160 	ld	hl, #_mgStatus
      000590 36 02                 1161 	ld	(hl), #0x02
      000592                       1162 00133$:
                                   1163 ;teaaaaaaaa/states/templateFaceMicrogame.c:131: teaaaPlayableSpriteX += 2;
      000592 21r00r00              1164 	ld	hl, #_teaaaPlayableSpriteX
      000595 4E                    1165 	ld	c, (hl)
                                   1166 ;teaaaaaaaa/states/templateFaceMicrogame.c:231: move_sprite(0,teaaaPlayableSpriteX - 16,teaaaPlayableSpriteY - 16);
      000596 FAr01r00              1167 	ld	a, (#_teaaaPlayableSpriteY)
      000599 C6 F0                 1168 	add	a, #0xf0
      00059B 5F                    1169 	ld	e, a
                                   1170 ;teaaaaaaaa/states/templateFaceMicrogame.c:229: if (teaaaflipSprite == 0)
      00059C FAr02r00              1171 	ld	a, (#_teaaaflipSprite)
      00059F B7                    1172 	or	a, a
      0005A0 C2r32r06              1173 	jp	NZ, 00135$
                                   1174 ;teaaaaaaaa/states/templateFaceMicrogame.c:231: move_sprite(0,teaaaPlayableSpriteX - 16,teaaaPlayableSpriteY - 16);
      0005A3 79                    1175 	ld	a, c
      0005A4 C6 F0                 1176 	add	a, #0xf0
      0005A6 4F                    1177 	ld	c, a
                                   1178 ;C:/gbdk/include/gb/gb.h:1520: OAM_item_t * itm = &shadow_OAM[nb];
      0005A7 21r00r00              1179 	ld	hl, #_shadow_OAM
                                   1180 ;C:/gbdk/include/gb/gb.h:1521: itm->y=y, itm->x=x;
      0005AA 7B                    1181 	ld	a, e
      0005AB 22                    1182 	ld	(hl+), a
      0005AC 71                    1183 	ld	(hl), c
                                   1184 ;teaaaaaaaa/states/templateFaceMicrogame.c:232: move_sprite(1,teaaaPlayableSpriteX - 8,teaaaPlayableSpriteY - 16);
      0005AD FAr01r00              1185 	ld	a, (#_teaaaPlayableSpriteY)
      0005B0 C6 F0                 1186 	add	a, #0xf0
      0005B2 5F                    1187 	ld	e, a
      0005B3 FAr00r00              1188 	ld	a, (#_teaaaPlayableSpriteX)
      0005B6 C6 F8                 1189 	add	a, #0xf8
      0005B8 4F                    1190 	ld	c, a
                                   1191 ;C:/gbdk/include/gb/gb.h:1520: OAM_item_t * itm = &shadow_OAM[nb];
      0005B9 21r04r00              1192 	ld	hl, #(_shadow_OAM + 4)
                                   1193 ;C:/gbdk/include/gb/gb.h:1521: itm->y=y, itm->x=x;
      0005BC 7B                    1194 	ld	a, e
      0005BD 22                    1195 	ld	(hl+), a
      0005BE 71                    1196 	ld	(hl), c
                                   1197 ;teaaaaaaaa/states/templateFaceMicrogame.c:233: move_sprite(2,teaaaPlayableSpriteX,teaaaPlayableSpriteY - 16);
      0005BF FAr01r00              1198 	ld	a, (#_teaaaPlayableSpriteY)
      0005C2 C6 F0                 1199 	add	a, #0xf0
      0005C4 5F                    1200 	ld	e, a
      0005C5 21r00r00              1201 	ld	hl, #_teaaaPlayableSpriteX
      0005C8 4E                    1202 	ld	c, (hl)
                                   1203 ;C:/gbdk/include/gb/gb.h:1520: OAM_item_t * itm = &shadow_OAM[nb];
      0005C9 21r08r00              1204 	ld	hl, #(_shadow_OAM + 8)
                                   1205 ;C:/gbdk/include/gb/gb.h:1521: itm->y=y, itm->x=x;
      0005CC 7B                    1206 	ld	a, e
      0005CD 22                    1207 	ld	(hl+), a
      0005CE 71                    1208 	ld	(hl), c
                                   1209 ;teaaaaaaaa/states/templateFaceMicrogame.c:234: move_sprite(3,teaaaPlayableSpriteX - 8,teaaaPlayableSpriteY - 8);
      0005CF FAr01r00              1210 	ld	a, (#_teaaaPlayableSpriteY)
      0005D2 C6 F8                 1211 	add	a, #0xf8
      0005D4 5F                    1212 	ld	e, a
      0005D5 FAr00r00              1213 	ld	a, (#_teaaaPlayableSpriteX)
      0005D8 C6 F8                 1214 	add	a, #0xf8
      0005DA 4F                    1215 	ld	c, a
                                   1216 ;C:/gbdk/include/gb/gb.h:1520: OAM_item_t * itm = &shadow_OAM[nb];
      0005DB 21r0Cr00              1217 	ld	hl, #(_shadow_OAM + 12)
                                   1218 ;C:/gbdk/include/gb/gb.h:1521: itm->y=y, itm->x=x;
      0005DE 7B                    1219 	ld	a, e
      0005DF 22                    1220 	ld	(hl+), a
      0005E0 71                    1221 	ld	(hl), c
                                   1222 ;teaaaaaaaa/states/templateFaceMicrogame.c:235: move_sprite(4,teaaaPlayableSpriteX,teaaaPlayableSpriteY - 8);
      0005E1 FAr01r00              1223 	ld	a, (#_teaaaPlayableSpriteY)
      0005E4 C6 F8                 1224 	add	a, #0xf8
      0005E6 5F                    1225 	ld	e, a
      0005E7 21r00r00              1226 	ld	hl, #_teaaaPlayableSpriteX
      0005EA 4E                    1227 	ld	c, (hl)
                                   1228 ;C:/gbdk/include/gb/gb.h:1520: OAM_item_t * itm = &shadow_OAM[nb];
      0005EB 21r10r00              1229 	ld	hl, #(_shadow_OAM + 16)
                                   1230 ;C:/gbdk/include/gb/gb.h:1521: itm->y=y, itm->x=x;
      0005EE 7B                    1231 	ld	a, e
      0005EF 22                    1232 	ld	(hl+), a
      0005F0 71                    1233 	ld	(hl), c
                                   1234 ;teaaaaaaaa/states/templateFaceMicrogame.c:236: move_sprite(5,teaaaPlayableSpriteX - 16,teaaaPlayableSpriteY);
      0005F1 21r01r00              1235 	ld	hl, #_teaaaPlayableSpriteY
      0005F4 5E                    1236 	ld	e, (hl)
      0005F5 FAr00r00              1237 	ld	a, (#_teaaaPlayableSpriteX)
      0005F8 C6 F0                 1238 	add	a, #0xf0
      0005FA 4F                    1239 	ld	c, a
                                   1240 ;C:/gbdk/include/gb/gb.h:1520: OAM_item_t * itm = &shadow_OAM[nb];
      0005FB 21r14r00              1241 	ld	hl, #(_shadow_OAM + 20)
                                   1242 ;C:/gbdk/include/gb/gb.h:1521: itm->y=y, itm->x=x;
      0005FE 7B                    1243 	ld	a, e
      0005FF 22                    1244 	ld	(hl+), a
      000600 71                    1245 	ld	(hl), c
                                   1246 ;teaaaaaaaa/states/templateFaceMicrogame.c:237: move_sprite(6,teaaaPlayableSpriteX - 8,teaaaPlayableSpriteY);
      000601 21r01r00              1247 	ld	hl, #_teaaaPlayableSpriteY
      000604 5E                    1248 	ld	e, (hl)
      000605 FAr00r00              1249 	ld	a, (#_teaaaPlayableSpriteX)
      000608 C6 F8                 1250 	add	a, #0xf8
      00060A 4F                    1251 	ld	c, a
                                   1252 ;C:/gbdk/include/gb/gb.h:1520: OAM_item_t * itm = &shadow_OAM[nb];
      00060B 21r18r00              1253 	ld	hl, #(_shadow_OAM + 24)
                                   1254 ;C:/gbdk/include/gb/gb.h:1521: itm->y=y, itm->x=x;
      00060E 7B                    1255 	ld	a, e
      00060F 22                    1256 	ld	(hl+), a
      000610 71                    1257 	ld	(hl), c
                                   1258 ;teaaaaaaaa/states/templateFaceMicrogame.c:238: move_sprite(7,teaaaPlayableSpriteX,teaaaPlayableSpriteY);
      000611 21r01r00              1259 	ld	hl, #_teaaaPlayableSpriteY
      000614 5E                    1260 	ld	e, (hl)
      000615 21r00r00              1261 	ld	hl, #_teaaaPlayableSpriteX
      000618 4E                    1262 	ld	c, (hl)
                                   1263 ;C:/gbdk/include/gb/gb.h:1520: OAM_item_t * itm = &shadow_OAM[nb];
      000619 21r1Cr00              1264 	ld	hl, #(_shadow_OAM + 28)
                                   1265 ;C:/gbdk/include/gb/gb.h:1521: itm->y=y, itm->x=x;
      00061C 7B                    1266 	ld	a, e
      00061D 22                    1267 	ld	(hl+), a
      00061E 71                    1268 	ld	(hl), c
                                   1269 ;teaaaaaaaa/states/templateFaceMicrogame.c:239: move_sprite(8,teaaaPlayableSpriteX + 8,teaaaPlayableSpriteY);
      00061F 21r01r00              1270 	ld	hl, #_teaaaPlayableSpriteY
      000622 5E                    1271 	ld	e, (hl)
      000623 FAr00r00              1272 	ld	a, (#_teaaaPlayableSpriteX)
      000626 C6 08                 1273 	add	a, #0x08
      000628 4F                    1274 	ld	c, a
                                   1275 ;C:/gbdk/include/gb/gb.h:1520: OAM_item_t * itm = &shadow_OAM[nb];
      000629 21r20r00              1276 	ld	hl, #(_shadow_OAM + 32)
                                   1277 ;C:/gbdk/include/gb/gb.h:1521: itm->y=y, itm->x=x;
      00062C 7B                    1278 	ld	a, e
      00062D 22                    1279 	ld	(hl+), a
      00062E 71                    1280 	ld	(hl), c
                                   1281 ;teaaaaaaaa/states/templateFaceMicrogame.c:239: move_sprite(8,teaaaPlayableSpriteX + 8,teaaaPlayableSpriteY);
      00062F C3rC4r06              1282 	jp	00136$
      000632                       1283 00135$:
                                   1284 ;teaaaaaaaa/states/templateFaceMicrogame.c:243: move_sprite(0,teaaaPlayableSpriteX + 12,teaaaPlayableSpriteY - 16);
      000632 79                    1285 	ld	a, c
      000633 C6 0C                 1286 	add	a, #0x0c
      000635 4F                    1287 	ld	c, a
                                   1288 ;C:/gbdk/include/gb/gb.h:1520: OAM_item_t * itm = &shadow_OAM[nb];
      000636 21r00r00              1289 	ld	hl, #_shadow_OAM
                                   1290 ;C:/gbdk/include/gb/gb.h:1521: itm->y=y, itm->x=x;
      000639 7B                    1291 	ld	a, e
      00063A 22                    1292 	ld	(hl+), a
      00063B 71                    1293 	ld	(hl), c
                                   1294 ;teaaaaaaaa/states/templateFaceMicrogame.c:244: move_sprite(1,teaaaPlayableSpriteX + 4,teaaaPlayableSpriteY - 16);
      00063C FAr01r00              1295 	ld	a, (#_teaaaPlayableSpriteY)
      00063F C6 F0                 1296 	add	a, #0xf0
      000641 4F                    1297 	ld	c, a
      000642 FAr00r00              1298 	ld	a, (#_teaaaPlayableSpriteX)
      000645 C6 04                 1299 	add	a, #0x04
      000647 47                    1300 	ld	b, a
                                   1301 ;C:/gbdk/include/gb/gb.h:1520: OAM_item_t * itm = &shadow_OAM[nb];
      000648 21r04r00              1302 	ld	hl, #(_shadow_OAM + 4)
                                   1303 ;C:/gbdk/include/gb/gb.h:1521: itm->y=y, itm->x=x;
      00064B 79                    1304 	ld	a, c
      00064C 22                    1305 	ld	(hl+), a
      00064D 70                    1306 	ld	(hl), b
                                   1307 ;teaaaaaaaa/states/templateFaceMicrogame.c:245: move_sprite(2,teaaaPlayableSpriteX - 4,teaaaPlayableSpriteY - 16);
      00064E FAr01r00              1308 	ld	a, (#_teaaaPlayableSpriteY)
      000651 C6 F0                 1309 	add	a, #0xf0
      000653 4F                    1310 	ld	c, a
      000654 FAr00r00              1311 	ld	a, (#_teaaaPlayableSpriteX)
      000657 C6 FC                 1312 	add	a, #0xfc
      000659 47                    1313 	ld	b, a
                                   1314 ;C:/gbdk/include/gb/gb.h:1520: OAM_item_t * itm = &shadow_OAM[nb];
      00065A 21r08r00              1315 	ld	hl, #(_shadow_OAM + 8)
                                   1316 ;C:/gbdk/include/gb/gb.h:1521: itm->y=y, itm->x=x;
      00065D 79                    1317 	ld	a, c
      00065E 22                    1318 	ld	(hl+), a
      00065F 70                    1319 	ld	(hl), b
                                   1320 ;teaaaaaaaa/states/templateFaceMicrogame.c:246: move_sprite(3,teaaaPlayableSpriteX + 4,teaaaPlayableSpriteY - 8);
      000660 FAr01r00              1321 	ld	a, (#_teaaaPlayableSpriteY)
      000663 C6 F8                 1322 	add	a, #0xf8
      000665 4F                    1323 	ld	c, a
      000666 FAr00r00              1324 	ld	a, (#_teaaaPlayableSpriteX)
      000669 C6 04                 1325 	add	a, #0x04
      00066B 47                    1326 	ld	b, a
                                   1327 ;C:/gbdk/include/gb/gb.h:1520: OAM_item_t * itm = &shadow_OAM[nb];
      00066C 21r0Cr00              1328 	ld	hl, #(_shadow_OAM + 12)
                                   1329 ;C:/gbdk/include/gb/gb.h:1521: itm->y=y, itm->x=x;
      00066F 79                    1330 	ld	a, c
      000670 22                    1331 	ld	(hl+), a
      000671 70                    1332 	ld	(hl), b
                                   1333 ;teaaaaaaaa/states/templateFaceMicrogame.c:247: move_sprite(4,teaaaPlayableSpriteX - 4,teaaaPlayableSpriteY - 8);
      000672 FAr01r00              1334 	ld	a, (#_teaaaPlayableSpriteY)
      000675 C6 F8                 1335 	add	a, #0xf8
      000677 4F                    1336 	ld	c, a
      000678 FAr00r00              1337 	ld	a, (#_teaaaPlayableSpriteX)
      00067B C6 FC                 1338 	add	a, #0xfc
      00067D 47                    1339 	ld	b, a
                                   1340 ;C:/gbdk/include/gb/gb.h:1520: OAM_item_t * itm = &shadow_OAM[nb];
      00067E 21r10r00              1341 	ld	hl, #(_shadow_OAM + 16)
                                   1342 ;C:/gbdk/include/gb/gb.h:1521: itm->y=y, itm->x=x;
      000681 79                    1343 	ld	a, c
      000682 22                    1344 	ld	(hl+), a
      000683 70                    1345 	ld	(hl), b
                                   1346 ;teaaaaaaaa/states/templateFaceMicrogame.c:248: move_sprite(5,teaaaPlayableSpriteX + 12,teaaaPlayableSpriteY);
      000684 21r01r00              1347 	ld	hl, #_teaaaPlayableSpriteY
      000687 4E                    1348 	ld	c, (hl)
      000688 FAr00r00              1349 	ld	a, (#_teaaaPlayableSpriteX)
      00068B C6 0C                 1350 	add	a, #0x0c
      00068D 47                    1351 	ld	b, a
                                   1352 ;C:/gbdk/include/gb/gb.h:1520: OAM_item_t * itm = &shadow_OAM[nb];
      00068E 21r14r00              1353 	ld	hl, #(_shadow_OAM + 20)
                                   1354 ;C:/gbdk/include/gb/gb.h:1521: itm->y=y, itm->x=x;
      000691 79                    1355 	ld	a, c
      000692 22                    1356 	ld	(hl+), a
      000693 70                    1357 	ld	(hl), b
                                   1358 ;teaaaaaaaa/states/templateFaceMicrogame.c:249: move_sprite(6,teaaaPlayableSpriteX + 4,teaaaPlayableSpriteY);
      000694 21r01r00              1359 	ld	hl, #_teaaaPlayableSpriteY
      000697 4E                    1360 	ld	c, (hl)
      000698 FAr00r00              1361 	ld	a, (#_teaaaPlayableSpriteX)
      00069B C6 04                 1362 	add	a, #0x04
      00069D 47                    1363 	ld	b, a
                                   1364 ;C:/gbdk/include/gb/gb.h:1520: OAM_item_t * itm = &shadow_OAM[nb];
      00069E 21r18r00              1365 	ld	hl, #(_shadow_OAM + 24)
                                   1366 ;C:/gbdk/include/gb/gb.h:1521: itm->y=y, itm->x=x;
      0006A1 79                    1367 	ld	a, c
      0006A2 22                    1368 	ld	(hl+), a
      0006A3 70                    1369 	ld	(hl), b
                                   1370 ;teaaaaaaaa/states/templateFaceMicrogame.c:250: move_sprite(7,teaaaPlayableSpriteX - 4,teaaaPlayableSpriteY);
      0006A4 21r01r00              1371 	ld	hl, #_teaaaPlayableSpriteY
      0006A7 4E                    1372 	ld	c, (hl)
      0006A8 FAr00r00              1373 	ld	a, (#_teaaaPlayableSpriteX)
      0006AB C6 FC                 1374 	add	a, #0xfc
      0006AD 47                    1375 	ld	b, a
                                   1376 ;C:/gbdk/include/gb/gb.h:1520: OAM_item_t * itm = &shadow_OAM[nb];
      0006AE 21r1Cr00              1377 	ld	hl, #(_shadow_OAM + 28)
                                   1378 ;C:/gbdk/include/gb/gb.h:1521: itm->y=y, itm->x=x;
      0006B1 79                    1379 	ld	a, c
      0006B2 22                    1380 	ld	(hl+), a
      0006B3 70                    1381 	ld	(hl), b
                                   1382 ;teaaaaaaaa/states/templateFaceMicrogame.c:251: move_sprite(8,teaaaPlayableSpriteX - 12,teaaaPlayableSpriteY);
      0006B4 21r01r00              1383 	ld	hl, #_teaaaPlayableSpriteY
      0006B7 4E                    1384 	ld	c, (hl)
      0006B8 FAr00r00              1385 	ld	a, (#_teaaaPlayableSpriteX)
      0006BB C6 F4                 1386 	add	a, #0xf4
      0006BD 47                    1387 	ld	b, a
                                   1388 ;C:/gbdk/include/gb/gb.h:1520: OAM_item_t * itm = &shadow_OAM[nb];
      0006BE 21r20r00              1389 	ld	hl, #(_shadow_OAM + 32)
                                   1390 ;C:/gbdk/include/gb/gb.h:1521: itm->y=y, itm->x=x;
      0006C1 79                    1391 	ld	a, c
      0006C2 22                    1392 	ld	(hl+), a
      0006C3 70                    1393 	ld	(hl), b
                                   1394 ;teaaaaaaaa/states/templateFaceMicrogame.c:251: move_sprite(8,teaaaPlayableSpriteX - 12,teaaaPlayableSpriteY);
      0006C4                       1395 00136$:
                                   1396 ;teaaaaaaaa/states/templateFaceMicrogame.c:253: prevJoypad = curJoypad;
      0006C4 FAr00r00              1397 	ld	a, (#_curJoypad)
      0006C7 EAr00r00              1398 	ld	(#_prevJoypad),a
                                   1399 ;teaaaaaaaa/states/templateFaceMicrogame.c:254: }
      0006CA C9                    1400 	ret
                                   1401 ;teaaaaaaaa/states/templateFaceMicrogame.c:256: void whackMolesMicrogameMain() BANKED
                                   1402 ;	---------------------------------
                                   1403 ; Function whackMolesMicrogameMain
                                   1404 ; ---------------------------------
                           000008  1405 	b_whackMolesMicrogameMain	= 8
      0006CB                       1406 _whackMolesMicrogameMain::
                                   1407 ;teaaaaaaaa/states/templateFaceMicrogame.c:261: switch (substate)
      0006CB FAr00r00              1408 	ld	a, (#_substate)
      0006CE B7                    1409 	or	a, a
      0006CF 28 08                 1410 	jr	Z, 00101$
      0006D1 FAr00r00              1411 	ld	a, (#_substate)
      0006D4 3D                    1412 	dec	a
      0006D5 28 0A                 1413 	jr	Z, 00102$
      0006D7 18 10                 1414 	jr	00103$
                                   1415 ;teaaaaaaaa/states/templateFaceMicrogame.c:263: case SUB_INIT:
      0006D9                       1416 00101$:
                                   1417 ;teaaaaaaaa/states/templateFaceMicrogame.c:264: whackMolesinitialize();
      0006D9 1Er00                 1418 	ld	e, #b_whackMolesinitialize
      0006DB 21r00r00              1419 	ld	hl, #_whackMolesinitialize
                                   1420 ;teaaaaaaaa/states/templateFaceMicrogame.c:265: break;
      0006DE C3r00r00              1421 	jp  ___sdcc_bcall_ehl
                                   1422 ;teaaaaaaaa/states/templateFaceMicrogame.c:266: case SUB_LOOP:
      0006E1                       1423 00102$:
                                   1424 ;teaaaaaaaa/states/templateFaceMicrogame.c:267: whackMolesLoop();
      0006E1 1Er00                 1425 	ld	e, #b_whackMolesLoop
      0006E3 21rF5r02              1426 	ld	hl, #_whackMolesLoop
                                   1427 ;teaaaaaaaa/states/templateFaceMicrogame.c:268: break;
      0006E6 C3r00r00              1428 	jp  ___sdcc_bcall_ehl
                                   1429 ;teaaaaaaaa/states/templateFaceMicrogame.c:269: default:  // Abort to title in the event of unexpected state
      0006E9                       1430 00103$:
                                   1431 ;teaaaaaaaa/states/templateFaceMicrogame.c:270: gamestate = STATE_TITLE;
      0006E9 21r00r00              1432 	ld	hl, #_gamestate
      0006EC 36 00                 1433 	ld	(hl), #0x00
                                   1434 ;teaaaaaaaa/states/templateFaceMicrogame.c:271: substate = SUB_INIT;
      0006EE 21r00r00              1435 	ld	hl, #_substate
      0006F1 36 00                 1436 	ld	(hl), #0x00
                                   1437 ;teaaaaaaaa/states/templateFaceMicrogame.c:273: }
                                   1438 ;teaaaaaaaa/states/templateFaceMicrogame.c:274: }
      0006F3 C9                    1439 	ret
                                   1440 	.area _CODE_8
                                   1441 	.area _INITIALIZER
                                   1442 	.area _CABS (ABS)
